Component: ARM Compiler 6.16 Tool: armlink [5dfeaa00]

==============================================================================

Section Cross References

    main.o(.text.delayMS) refers to main.o(.bss.g_ticks) for g_ticks
    main.o(.ARM.exidx.text.delayMS) refers to main.o(.text.delayMS) for [Anonymous Symbol]
    main.o(.text.RD_uart_putarr) refers to sci.o(.text.UART0_Send) for UART0_Send
    main.o(.ARM.exidx.text.RD_uart_putarr) refers to main.o(.text.RD_uart_putarr) for [Anonymous Symbol]
    main.o(.text.main) refers to system_bat32g139.o(.text.SystemCoreClockUpdate) for SystemCoreClockUpdate
    main.o(.text.main) refers to uidiv_div0.o(.text) for __aeabi_uidiv
    main.o(.text.main) refers to main.o(.text.SysTick_Config) for SysTick_Config
    main.o(.text.main) refers to sci.o(.text.UART0_Init) for UART0_Init
    main.o(.text.main) refers to sci.o(.text.UART1_Init) for UART1_Init
    main.o(.text.main) refers to sci.o(.text.UART2_Init) for UART2_Init
    main.o(.text.main) refers to rd_init.o(.text.RD_init_ring) for RD_init_ring
    main.o(.text.main) refers to rd_init.o(.text.setRelayState) for setRelayState
    main.o(.text.main) refers to ai7688.o(.text.Ai7688MessageHandle) for Ai7688MessageHandle
    main.o(.text.main) refers to wdt.o(.text.WDT_Restart) for WDT_Restart
    main.o(.text.main) refers to system_bat32g139.o(.bss.SystemCoreClock) for SystemCoreClock
    main.o(.text.main) refers to ringbuffer.o(.bss.ai7688UartRing) for ai7688UartRing
    main.o(.ARM.exidx.text.main) refers to main.o(.text.main) for [Anonymous Symbol]
    main.o(.text.SysTick_Config) refers to main.o(.text.__NVIC_SetPriority) for __NVIC_SetPriority
    main.o(.ARM.exidx.text.SysTick_Config) refers to main.o(.text.SysTick_Config) for [Anonymous Symbol]
    main.o(.text.rdControlTest) refers to main.o(.text.RD_uart_putarr) for RD_uart_putarr
    main.o(.text.rdControlTest) refers to sci.o(.text.UART1_Send) for UART1_Send
    main.o(.text.rdControlTest) refers to sci.o(.text.UART2_Send) for UART2_Send
    main.o(.ARM.exidx.text.rdControlTest) refers to main.o(.text.rdControlTest) for [Anonymous Symbol]
    main.o(.text.SysTick_Handler) refers to main.o(.bss.g_ticks) for g_ticks
    main.o(.text.SysTick_Handler) refers to main.o(.bss.count_timer) for count_timer
    main.o(.ARM.exidx.text.SysTick_Handler) refers to main.o(.text.SysTick_Handler) for [Anonymous Symbol]
    main.o(.ARM.exidx.text.__NVIC_SetPriority) refers to main.o(.text.__NVIC_SetPriority) for [Anonymous Symbol]
    ringbuffer.o(.text.ring_init) refers to ringbuffer.o(.bss.ai7688UartBuff) for ai7688UartBuff
    ringbuffer.o(.ARM.exidx.text.ring_init) refers to ringbuffer.o(.text.ring_init) for [Anonymous Symbol]
    ringbuffer.o(.text.ring_free) refers to malloc.o(i.free) for free
    ringbuffer.o(.ARM.exidx.text.ring_free) refers to ringbuffer.o(.text.ring_free) for [Anonymous Symbol]
    ringbuffer.o(.text.ring_push_head) refers to memcpya.o(.text) for __aeabi_memcpy
    ringbuffer.o(.text.ring_push_head) refers to main.o(.bss.count_timer) for count_timer
    ringbuffer.o(.ARM.exidx.text.ring_push_head) refers to ringbuffer.o(.text.ring_push_head) for [Anonymous Symbol]
    ringbuffer.o(.text.ring_pop_tail) refers to memcpya.o(.text) for __aeabi_memcpy
    ringbuffer.o(.ARM.exidx.text.ring_pop_tail) refers to ringbuffer.o(.text.ring_pop_tail) for [Anonymous Symbol]
    rd_init.o(.text.RD_init_ring) refers to ringbuffer.o(.text.ring_init) for ring_init
    rd_init.o(.text.RD_init_ring) refers to ringbuffer.o(.bss.ai7688UartRing) for ai7688UartRing
    rd_init.o(.text.RD_init_ring) refers to ringbuffer.o(.bss.ai7688UartBuff) for ai7688UartBuff
    rd_init.o(.ARM.exidx.text.RD_init_ring) refers to rd_init.o(.text.RD_init_ring) for [Anonymous Symbol]
    rd_init.o(.ARM.exidx.text.uartRead1) refers to rd_init.o(.text.uartRead1) for [Anonymous Symbol]
    rd_init.o(.text.setRelayState) refers to gpio.o(.text.PORT_Init) for PORT_Init
    rd_init.o(.ARM.exidx.text.setRelayState) refers to rd_init.o(.text.setRelayState) for [Anonymous Symbol]
    rd_init.o(.ARM.exidx.text.rdGpioSet) refers to rd_init.o(.text.rdGpioSet) for [Anonymous Symbol]
    rd_init.o(.text.testRelay) refers to gpio.o(.text.gpio_write) for gpio_write
    rd_init.o(.text.testRelay) refers to main.o(.text.delayMS) for delayMS
    rd_init.o(.text.testRelay) refers to rd_init.o(.bss.testRelay.checkTimeCnt) for [Anonymous Symbol]
    rd_init.o(.text.testRelay) refers to rd_init.o(.bss.testRelay.stateRelay) for [Anonymous Symbol]
    rd_init.o(.ARM.exidx.text.testRelay) refers to rd_init.o(.text.testRelay) for [Anonymous Symbol]
    rd_init.o(.text.controlAllRelay) refers to gpio.o(.text.gpio_write) for gpio_write
    rd_init.o(.ARM.exidx.text.controlAllRelay) refers to rd_init.o(.text.controlAllRelay) for [Anonymous Symbol]
    modbus_rtu.o(.text.rd_modbus_read_coil_handle) refers to memcpya.o(.text) for __aeabi_memcpy
[...]
    [Anonymous Symbol]                       0x00000364   Section        0  isr_bat32g139.o(.text.IRQ02_Handler)
    __arm_cp.9_0                             0x00000380   Number         4  isr_bat32g139.o(.text.IRQ02_Handler)
    [Anonymous Symbol]                       0x00000384   Section        0  isr_bat32g139.o(.text.IRQ03_Handler)
    __arm_cp.12_0                            0x000003a0   Number         4  isr_bat32g139.o(.text.IRQ03_Handler)
    [Anonymous Symbol]                       0x000003a4   Section        0  isr_bat32g139.o(.text.IRQ04_Handler)
    __arm_cp.15_0                            0x000003c0   Number         4  isr_bat32g139.o(.text.IRQ04_Handler)
    [Anonymous Symbol]                       0x000003c4   Section        0  isr_bat32g139.o(.text.IRQ05_Handler)
    __arm_cp.18_0                            0x000003e0   Number         4  isr_bat32g139.o(.text.IRQ05_Handler)
    [Anonymous Symbol]                       0x000003e4   Section        0  isr_bat32g139.o(.text.IRQ06_Handler)
    __arm_cp.21_0                            0x00000400   Number         4  isr_bat32g139.o(.text.IRQ06_Handler)
    [Anonymous Symbol]                       0x00000404   Section        0  isr_bat32g139.o(.text.IRQ07_Handler)
    __arm_cp.28_0                            0x00000420   Number         4  isr_bat32g139.o(.text.IRQ07_Handler)
    [Anonymous Symbol]                       0x00000424   Section        0  isr_bat32g139.o(.text.IRQ08_Handler)
    __arm_cp.35_0                            0x00000454   Number         4  isr_bat32g139.o(.text.IRQ08_Handler)
    __arm_cp.35_1                            0x00000458   Number         4  isr_bat32g139.o(.text.IRQ08_Handler)
    __arm_cp.35_2                            0x0000045c   Number         4  isr_bat32g139.o(.text.IRQ08_Handler)
    __arm_cp.35_3                            0x00000460   Number         4  isr_bat32g139.o(.text.IRQ08_Handler)
    __arm_cp.35_4                            0x00000464   Number         4  isr_bat32g139.o(.text.IRQ08_Handler)
    [Anonymous Symbol]                       0x00000468   Section        0  isr_bat32g139.o(.text.IRQ09_Handler)
    __arm_cp.38_0                            0x00000484   Number         4  isr_bat32g139.o(.text.IRQ09_Handler)
    [Anonymous Symbol]                       0x00000488   Section        0  isr_bat32g139.o(.text.IRQ10_Handler)
    __arm_cp.42_0                            0x00000498   Number         4  isr_bat32g139.o(.text.IRQ10_Handler)
    [Anonymous Symbol]                       0x0000049c   Section        0  isr_bat32g139.o(.text.IRQ11_Handler)
    __arm_cp.46_0                            0x000004b4   Number         4  isr_bat32g139.o(.text.IRQ11_Handler)
    __arm_cp.46_1                            0x000004b8   Number         4  isr_bat32g139.o(.text.IRQ11_Handler)
    __arm_cp.46_2                            0x000004bc   Number         4  isr_bat32g139.o(.text.IRQ11_Handler)
    [Anonymous Symbol]                       0x000004c0   Section        0  isr_bat32g139.o(.text.IRQ12_Handler)
    __arm_cp.49_0                            0x000004dc   Number         4  isr_bat32g139.o(.text.IRQ12_Handler)
    [Anonymous Symbol]                       0x000004e0   Section        0  isr_bat32g139.o(.text.IRQ13_Handler)
    __arm_cp.53_0                            0x000004f0   Number         4  isr_bat32g139.o(.text.IRQ13_Handler)
    [Anonymous Symbol]                       0x000004f4   Section        0  isr_bat32g139.o(.text.IRQ14_Handler)
    __arm_cp.57_0                            0x00000514   Number         4  isr_bat32g139.o(.text.IRQ14_Handler)
    __arm_cp.57_1                            0x00000518   Number         4  isr_bat32g139.o(.text.IRQ14_Handler)
    __arm_cp.57_2                            0x0000051c   Number         4  isr_bat32g139.o(.text.IRQ14_Handler)
    __arm_cp.57_3                            0x00000520   Number         4  isr_bat32g139.o(.text.IRQ14_Handler)
    [Anonymous Symbol]                       0x00000524   Section        0  isr_bat32g139.o(.text.IRQ15_Handler)
    __arm_cp.60_0                            0x00000540   Number         4  isr_bat32g139.o(.text.IRQ15_Handler)
    [Anonymous Symbol]                       0x00000544   Section        0  isr_bat32g139.o(.text.IRQ16_Handler)
    __arm_cp.64_0                            0x00000568   Number         4  isr_bat32g139.o(.text.IRQ16_Handler)
    [Anonymous Symbol]                       0x0000056c   Section        0  isr_bat32g139.o(.text.IRQ17_Handler)
    __arm_cp.68_0                            0x00000590   Number         4  isr_bat32g139.o(.text.IRQ17_Handler)
    [Anonymous Symbol]                       0x00000594   Section        0  isr_bat32g139.o(.text.IRQ18_Handler)
    __arm_cp.72_0                            0x000005b8   Number         4  isr_bat32g139.o(.text.IRQ18_Handler)
    [Anonymous Symbol]                       0x000005bc   Section        0  isr_bat32g139.o(.text.IRQ19_Handler)
    __arm_cp.76_0                            0x000005e0   Number         4  isr_bat32g139.o(.text.IRQ19_Handler)
    [Anonymous Symbol]                       0x000005e4   Section        0  isr_bat32g139.o(.text.IRQ20_Handler)
    __arm_cp.80_0                            0x00000608   Number         4  isr_bat32g139.o(.text.IRQ20_Handler)
    [Anonymous Symbol]                       0x0000060c   Section        0  isr_bat32g139.o(.text.IRQ21_Handler)
    __arm_cp.82_0                            0x0000061c   Number         4  isr_bat32g139.o(.text.IRQ21_Handler)
    [Anonymous Symbol]                       0x00000620   Section        0  isr_bat32g139.o(.text.IRQ22_Handler)
    __arm_cp.85_0                            0x0000063c   Number         4  isr_bat32g139.o(.text.IRQ22_Handler)
    [Anonymous Symbol]                       0x00000640   Section        0  isr_bat32g139.o(.text.IRQ23_Handler)
    __arm_cp.88_0                            0x0000065c   Number         4  isr_bat32g139.o(.text.IRQ23_Handler)
    [Anonymous Symbol]                       0x00000660   Section        0  isr_bat32g139.o(.text.IRQ24_Handler)
    __arm_cp.91_0                            0x0000067c   Number         4  isr_bat32g139.o(.text.IRQ24_Handler)
    [Anonymous Symbol]                       0x00000680   Section        0  isr_bat32g139.o(.text.IRQ25_Handler)
    __arm_cp.94_0                            0x0000069c   Number         4  isr_bat32g139.o(.text.IRQ25_Handler)
    [Anonymous Symbol]                       0x000006a0   Section        0  isr_bat32g139.o(.text.IRQ26_Handler)
    __arm_cp.97_0                            0x000006bc   Number         4  isr_bat32g139.o(.text.IRQ26_Handler)
    [Anonymous Symbol]                       0x000006c0   Section        0  isr_bat32g139.o(.text.IRQ27_Handler)
    __arm_cp.99_0                            0x000006d0   Number         4  isr_bat32g139.o(.text.IRQ27_Handler)
    [Anonymous Symbol]                       0x000006d4   Section        0  isr_bat32g139.o(.text.IRQ28_Handler)
    __arm_cp.101_0                           0x000006e4   Number         4  isr_bat32g139.o(.text.IRQ28_Handler)
    [Anonymous Symbol]                       0x000006e8   Section        0  isr_bat32g139.o(.text.IRQ29_Handler)
    __arm_cp.104_0                           0x00000704   Number         4  isr_bat32g139.o(.text.IRQ29_Handler)
    [Anonymous Symbol]                       0x00000708   Section        0  isr_bat32g139.o(.text.IRQ30_Handler)
    __arm_cp.107_0                           0x00000724   Number         4  isr_bat32g139.o(.text.IRQ30_Handler)
    [Anonymous Symbol]                       0x00000728   Section        0  isr_bat32g139.o(.text.IRQ31_Handler)
    __arm_cp.110_0                           0x00000744   Number         4  isr_bat32g139.o(.text.IRQ31_Handler)
    [Anonymous Symbol]                       0x00000748   Section        0  gpio.o(.text.PORT_Init)
    [Anonymous Symbol]                       0x00000840   Section        0  rd_init.o(.text.RD_init_ring)
    __arm_cp.0_0                             0x00000850   Number         4  rd_init.o(.text.RD_init_ring)
    __arm_cp.0_1                             0x00000854   Number         4  rd_init.o(.text.RD_init_ring)
    SysTick_Config                           0x00000859   Thumb Code    28  main.o(.text.SysTick_Config)
    [Anonymous Symbol]                       0x00000858   Section        0  main.o(.text.SysTick_Config)
    __arm_cp.3_0                             0x00000874   Number         4  main.o(.text.SysTick_Config)
    [Anonymous Symbol]                       0x00000878   Section        0  main.o(.text.SysTick_Handler)
    __arm_cp.5_0                             0x0000088c   Number         4  main.o(.text.SysTick_Handler)
    __arm_cp.5_1                             0x00000890   Number         4  main.o(.text.SysTick_Handler)
    [Anonymous Symbol]                       0x00000894   Section        0  system_bat32g139.o(.text.SystemCoreClockUpdate)
    [Anonymous Symbol]                       0x000008a0   Section        0  system_bat32g139.o(.text.SystemInit)
    __arm_cp.3_0                             0x000008ec   Number         4  system_bat32g139.o(.text.SystemInit)
    __arm_cp.3_1                             0x000008f0   Number         4  system_bat32g139.o(.text.SystemInit)
    __arm_cp.3_2                             0x000008f4   Number         4  system_bat32g139.o(.text.SystemInit)
    __arm_cp.3_3                             0x000008f8   Number         4  system_bat32g139.o(.text.SystemInit)
    __arm_cp.3_4                             0x000008fc   Number         4  system_bat32g139.o(.text.SystemInit)
    __arm_cp.3_5                             0x00000900   Number         4  system_bat32g139.o(.text.SystemInit)
    __arm_cp.3_6                             0x00000904   Number         4  system_bat32g139.o(.text.SystemInit)
    __arm_cp.3_7                             0x00000908   Number         4  system_bat32g139.o(.text.SystemInit)
    [Anonymous Symbol]                       0x0000090c   Section        0  sci.o(.text.UART0_BaudRate)
    __arm_cp.1_0                             0x00000950   Number         4  sci.o(.text.UART0_BaudRate)
    [Anonymous Symbol]                       0x00000954   Section        0  sci.o(.text.UART0_Init)
    __arm_cp.0_1                             0x000009f4   Number         4  sci.o(.text.UART0_Init)
    __arm_cp.0_3                             0x000009f8   Number         4  sci.o(.text.UART0_Init)
    __arm_cp.0_8                             0x000009fc   Number         4  sci.o(.text.UART0_Init)
    __arm_cp.0_9                             0x00000a00   Number         4  sci.o(.text.UART0_Init)
    __arm_cp.0_10                            0x00000a04   Number         4  sci.o(.text.UART0_Init)
    [Anonymous Symbol]                       0x00000a08   Section        0  sci.o(.text.UART1_BaudRate)
    [Anonymous Symbol]                       0x00000a3c   Section        0  sci.o(.text.UART1_Init)
    __arm_cp.38_1                            0x00000b00   Number         4  sci.o(.text.UART1_Init)
    __arm_cp.38_5                            0x00000b04   Number         4  sci.o(.text.UART1_Init)
    __arm_cp.38_9                            0x00000b08   Number         4  sci.o(.text.UART1_Init)
    __arm_cp.38_10                           0x00000b0c   Number         4  sci.o(.text.UART1_Init)
    __arm_cp.38_11                           0x00000b10   Number         4  sci.o(.text.UART1_Init)
    [Anonymous Symbol]                       0x00000b14   Section        0  sci.o(.text.UART1_Start)
    __arm_cp.40_0                            0x00000b4c   Number         4  sci.o(.text.UART1_Start)
    __arm_cp.40_1                            0x00000b50   Number         4  sci.o(.text.UART1_Start)
    __arm_cp.40_2                            0x00000b54   Number         4  sci.o(.text.UART1_Start)
    [Anonymous Symbol]                       0x00000b58   Section        0  sci.o(.text.UART2_BaudRate)
    [Anonymous Symbol]                       0x00000b8c   Section        0  sci.o(.text.UART2_Init)
    __arm_cp.74_0                            0x00000c60   Number         4  sci.o(.text.UART2_Init)
    __arm_cp.74_1                            0x00000c64   Number         4  sci.o(.text.UART2_Init)
    __arm_cp.74_4                            0x00000c68   Number         4  sci.o(.text.UART2_Init)
    __arm_cp.74_5                            0x00000c6c   Number         4  sci.o(.text.UART2_Init)
    __arm_cp.74_6                            0x00000c70   Number         4  sci.o(.text.UART2_Init)
    __arm_cp.74_7                            0x00000c74   Number         4  sci.o(.text.UART2_Init)
    __arm_cp.74_8                            0x00000c78   Number         4  sci.o(.text.UART2_Init)
    __arm_cp.74_9                            0x00000c7c   Number         4  sci.o(.text.UART2_Init)
    __arm_cp.74_10                           0x00000c80   Number         4  sci.o(.text.UART2_Init)
    __arm_cp.74_11                           0x00000c84   Number         4  sci.o(.text.UART2_Init)
    __arm_cp.74_12                           0x00000c88   Number         4  sci.o(.text.UART2_Init)
    [Anonymous Symbol]                       0x00000c8c   Section        0  sci.o(.text.UART2_Start)
    __arm_cp.76_0                            0x00000cc4   Number         4  sci.o(.text.UART2_Start)
    __arm_cp.76_1                            0x00000cc8   Number         4  sci.o(.text.UART2_Start)
    __arm_cp.76_2                            0x00000ccc   Number         4  sci.o(.text.UART2_Start)
    [Anonymous Symbol]                       0x00000cd0   Section        0  sci.o(.text.UART_BaudRateCal)
    __arm_cp.2_0                             0x00000d3c   Number         4  sci.o(.text.UART_BaudRateCal)
    __arm_cp.2_1                             0x00000d40   Number         4  sci.o(.text.UART_BaudRateCal)
    __arm_cp.2_2                             0x00000d44   Number         4  sci.o(.text.UART_BaudRateCal)
    [Anonymous Symbol]                       0x00000d48   Section        0  wdt.o(.text.WDT_Restart)
    __arm_cp.0_0                             0x00000d50   Number         4  wdt.o(.text.WDT_Restart)
    __NVIC_ClearPendingIRQ                   0x00000d55   Thumb Code    16  sci.o(.text.__NVIC_ClearPendingIRQ)
    [Anonymous Symbol]                       0x00000d54   Section        0  sci.o(.text.__NVIC_ClearPendingIRQ)
    __NVIC_ClearPendingIRQ                   0x00000d65   Thumb Code    12  sci_user.o(.text.__NVIC_ClearPendingIRQ)
    [Anonymous Symbol]                       0x00000d64   Section        0  sci_user.o(.text.__NVIC_ClearPendingIRQ)
    __arm_cp.24_0                            0x00000d70   Number         4  sci_user.o(.text.__NVIC_ClearPendingIRQ)
    __NVIC_SetPriority                       0x00000d75   Thumb Code    20  main.o(.text.__NVIC_SetPriority)
    [Anonymous Symbol]                       0x00000d74   Section        0  main.o(.text.__NVIC_SetPriority)
    __arm_cp.6_0                             0x00000d88   Number         4  main.o(.text.__NVIC_SetPriority)
    [Anonymous Symbol]                       0x00000d8c   Section        0  isr_bat32g139.o(.text.adc_interrupt)
    __arm_cp.81_0                            0x00000d94   Number         4  isr_bat32g139.o(.text.adc_interrupt)
    [Anonymous Symbol]                       0x00000d98   Section        0  isr_bat32g139.o(.text.cmp0_interrupt)
    __arm_cp.89_0                            0x00000da0   Number         4  isr_bat32g139.o(.text.cmp0_interrupt)
    [Anonymous Symbol]                       0x00000da4   Section        0  isr_bat32g139.o(.text.cmp1_interrupt)
    __arm_cp.92_0                            0x00000dac   Number         4  isr_bat32g139.o(.text.cmp1_interrupt)
    [Anonymous Symbol]                       0x00000db0   Section        0  rd_init.o(.text.controlAllRelay)
    [Anonymous Symbol]                       0x00000e18   Section        0  ai7688.o(.text.createCheckSum)
    [Anonymous Symbol]                       0x00000e30   Section        0  isr_bat32g139.o(.text.div_interrupt)
    __arm_cp.62_0                            0x00000e38   Number         4  isr_bat32g139.o(.text.div_interrupt)
    [Anonymous Symbol]                       0x00000e3c   Section        0  gpio.o(.text.gpio_write)
    __arm_cp.9_0                             0x00000e4c   Number         4  gpio.o(.text.gpio_write)
    [Anonymous Symbol]                       0x00000e50   Section        0  isr_bat32g139.o(.text.iica0_interrupt)
    __arm_cp.61_0                            0x00000e58   Number         4  isr_bat32g139.o(.text.iica0_interrupt)
    [Anonymous Symbol]                       0x00000e5c   Section        0  isr_bat32g139.o(.text.iica1_interrupt)
    __arm_cp.63_0                            0x00000e64   Number         4  isr_bat32g139.o(.text.iica1_interrupt)
    intp0_callback                           0x00000e69   Thumb Code    12  intp_user.o(.text.intp0_callback)
    [Anonymous Symbol]                       0x00000e68   Section        0  intp_user.o(.text.intp0_callback)
    __arm_cp.1_0                             0x00000e74   Number         4  intp_user.o(.text.intp0_callback)
    [Anonymous Symbol]                       0x00000e78   Section        0  intp_user.o(.text.intp0_interrupt)
    __arm_cp.0_0                             0x00000e88   Number         4  intp_user.o(.text.intp0_interrupt)
    intp10_callback                          0x00000e8d   Thumb Code    12  intp_user.o(.text.intp10_callback)
    [Anonymous Symbol]                       0x00000e8c   Section        0  intp_user.o(.text.intp10_callback)
    __arm_cp.19_0                            0x00000e98   Number         4  intp_user.o(.text.intp10_callback)
    [Anonymous Symbol]                       0x00000e9c   Section        0  intp_user.o(.text.intp10_interrupt)
    __arm_cp.18_0                            0x00000eac   Number         4  intp_user.o(.text.intp10_interrupt)
    intp11_callback                          0x00000eb1   Thumb Code    12  intp_user.o(.text.intp11_callback)
    [Anonymous Symbol]                       0x00000eb0   Section        0  intp_user.o(.text.intp11_callback)
    __arm_cp.23_0                            0x00000ebc   Number         4  intp_user.o(.text.intp11_callback)
    [Anonymous Symbol]                       0x00000ec0   Section        0  intp_user.o(.text.intp11_interrupt)
    __arm_cp.22_0                            0x00000ed0   Number         4  intp_user.o(.text.intp11_interrupt)
    intp1_callback                           0x00000ed5   Thumb Code    12  intp_user.o(.text.intp1_callback)
    [Anonymous Symbol]                       0x00000ed4   Section        0  intp_user.o(.text.intp1_callback)
    __arm_cp.5_0                             0x00000ee0   Number         4  intp_user.o(.text.intp1_callback)
    [Anonymous Symbol]                       0x00000ee4   Section        0  intp_user.o(.text.intp1_interrupt)
    __arm_cp.4_0                             0x00000ef4   Number         4  intp_user.o(.text.intp1_interrupt)
    intp2_callback                           0x00000ef9   Thumb Code    12  intp_user.o(.text.intp2_callback)
    [Anonymous Symbol]                       0x00000ef8   Section        0  intp_user.o(.text.intp2_callback)
    __arm_cp.9_0                             0x00000f04   Number         4  intp_user.o(.text.intp2_callback)
    [Anonymous Symbol]                       0x00000f08   Section        0  intp_user.o(.text.intp2_interrupt)
    __arm_cp.8_0                             0x00000f18   Number         4  intp_user.o(.text.intp2_interrupt)
    intp3_callback                           0x00000f1d   Thumb Code    12  intp_user.o(.text.intp3_callback)
    [Anonymous Symbol]                       0x00000f1c   Section        0  intp_user.o(.text.intp3_callback)
    __arm_cp.13_0                            0x00000f28   Number         4  intp_user.o(.text.intp3_callback)
    [Anonymous Symbol]                       0x00000f2c   Section        0  intp_user.o(.text.intp3_interrupt)
    __arm_cp.12_0                            0x00000f3c   Number         4  intp_user.o(.text.intp3_interrupt)
    intp4_callback                           0x00000f41   Thumb Code    12  intp_user.o(.text.intp4_callback)
    [Anonymous Symbol]                       0x00000f40   Section        0  intp_user.o(.text.intp4_callback)
    __arm_cp.17_0                            0x00000f4c   Number         4  intp_user.o(.text.intp4_callback)
    [Anonymous Symbol]                       0x00000f50   Section        0  intp_user.o(.text.intp4_interrupt)
    __arm_cp.16_0                            0x00000f60   Number         4  intp_user.o(.text.intp4_interrupt)
    intp5_callback                           0x00000f65   Thumb Code    12  intp_user.o(.text.intp5_callback)
    [Anonymous Symbol]                       0x00000f64   Section        0  intp_user.o(.text.intp5_callback)
    __arm_cp.21_0                            0x00000f70   Number         4  intp_user.o(.text.intp5_callback)
    [Anonymous Symbol]                       0x00000f74   Section        0  intp_user.o(.text.intp5_interrupt)
    __arm_cp.20_0                            0x00000f84   Number         4  intp_user.o(.text.intp5_interrupt)
    intp6_callback                           0x00000f89   Thumb Code    12  intp_user.o(.text.intp6_callback)
    [Anonymous Symbol]                       0x00000f88   Section        0  intp_user.o(.text.intp6_callback)
    __arm_cp.3_0                             0x00000f94   Number         4  intp_user.o(.text.intp6_callback)
    [Anonymous Symbol]                       0x00000f98   Section        0  intp_user.o(.text.intp6_interrupt)
    __arm_cp.2_0                             0x00000fa8   Number         4  intp_user.o(.text.intp6_interrupt)
    intp7_callback                           0x00000fad   Thumb Code    12  intp_user.o(.text.intp7_callback)
    [Anonymous Symbol]                       0x00000fac   Section        0  intp_user.o(.text.intp7_callback)
    __arm_cp.7_0                             0x00000fb8   Number         4  intp_user.o(.text.intp7_callback)
    [Anonymous Symbol]                       0x00000fbc   Section        0  intp_user.o(.text.intp7_interrupt)
    __arm_cp.6_0                             0x00000fcc   Number         4  intp_user.o(.text.intp7_interrupt)
    intp8_callback                           0x00000fd1   Thumb Code    12  intp_user.o(.text.intp8_callback)
    [Anonymous Symbol]                       0x00000fd0   Section        0  intp_user.o(.text.intp8_callback)
    __arm_cp.11_0                            0x00000fdc   Number         4  intp_user.o(.text.intp8_callback)
    [Anonymous Symbol]                       0x00000fe0   Section        0  intp_user.o(.text.intp8_interrupt)
    __arm_cp.10_0                            0x00000ff0   Number         4  intp_user.o(.text.intp8_interrupt)
    intp9_callback                           0x00000ff5   Thumb Code    12  intp_user.o(.text.intp9_callback)
    [Anonymous Symbol]                       0x00000ff4   Section        0  intp_user.o(.text.intp9_callback)
    __arm_cp.15_0                            0x00001000   Number         4  intp_user.o(.text.intp9_callback)
    [Anonymous Symbol]                       0x00001004   Section        0  intp_user.o(.text.intp9_interrupt)
    __arm_cp.14_0                            0x00001014   Number         4  intp_user.o(.text.intp9_interrupt)
    [Anonymous Symbol]                       0x00001018   Section        0  isr_bat32g139.o(.text.it_interrupt)
    __arm_cp.84_0                            0x00001020   Number         4  isr_bat32g139.o(.text.it_interrupt)
    [Anonymous Symbol]                       0x00001024   Section        0  isr_bat32g139.o(.text.key_interrupt)
    __arm_cp.86_0                            0x0000102c   Number         4  isr_bat32g139.o(.text.key_interrupt)
    [Anonymous Symbol]                       0x00001030   Section        0  isr_bat32g139.o(.text.lvi_interrupt)
    __arm_cp.0_0                             0x00001038   Number         4  isr_bat32g139.o(.text.lvi_interrupt)
    [Anonymous Symbol]                       0x0000103c   Section        0  main.o(.text.main)
    __arm_cp.2_0                             0x000010a4   Number         4  main.o(.text.main)
    __arm_cp.2_1                             0x000010a8   Number         4  main.o(.text.main)
    __arm_cp.2_2                             0x000010ac   Number         4  main.o(.text.main)
    __arm_cp.2_3                             0x000010b0   Number         4  main.o(.text.main)
    [Anonymous Symbol]                       0x000010b4   Section        0  isr_bat32g139.o(.text.ocrv_interrupt)
    __arm_cp.2_0                             0x000010bc   Number         4  isr_bat32g139.o(.text.ocrv_interrupt)
    [Anonymous Symbol]                       0x000010c0   Section        0  isr_bat32g139.o(.text.osdc_interrupt)
    __arm_cp.1_0                             0x000010c8   Number         4  isr_bat32g139.o(.text.osdc_interrupt)
    [Anonymous Symbol]                       0x000010cc   Section        0  ringbuffer.o(.text.ring_init)
    __arm_cp.0_0                             0x000010e8   Number         4  ringbuffer.o(.text.ring_init)
    [Anonymous Symbol]                       0x000010ec   Section        0  ringbuffer.o(.text.ring_pop_tail)
    [Anonymous Symbol]                       0x00001124   Section        0  ringbuffer.o(.text.ring_push_head)
    __arm_cp.2_0                             0x00001164   Number         4  ringbuffer.o(.text.ring_push_head)
    [Anonymous Symbol]                       0x00001168   Section        0  isr_bat32g139.o(.text.rtc_interrupt)
    __arm_cp.83_0                            0x00001170   Number         4  isr_bat32g139.o(.text.rtc_interrupt)
    [Anonymous Symbol]                       0x00001174   Section        0  rd_init.o(.text.setRelayState)
    [Anonymous Symbol]                       0x000011cc   Section        0  isr_bat32g139.o(.text.sre0_interrupt)
    __arm_cp.47_0                            0x000011d4   Number         4  isr_bat32g139.o(.text.sre0_interrupt)
    [Anonymous Symbol]                       0x000011d8   Section        0  isr_bat32g139.o(.text.sre1_interrupt)
    __arm_cp.58_0                            0x000011e0   Number         4  isr_bat32g139.o(.text.sre1_interrupt)
    [Anonymous Symbol]                       0x000011e4   Section        0  isr_bat32g139.o(.text.sre2_interrupt)
    __arm_cp.36_0                            0x000011ec   Number         4  isr_bat32g139.o(.text.sre2_interrupt)
    [Anonymous Symbol]                       0x000011f0   Section        0  isr_bat32g139.o(.text.tm01h_interrupt)
    __arm_cp.48_0                            0x000011f8   Number         4  isr_bat32g139.o(.text.tm01h_interrupt)
    [Anonymous Symbol]                       0x000011fc   Section        0  isr_bat32g139.o(.text.tm03h_interrupt)
    __arm_cp.59_0                            0x00001204   Number         4  isr_bat32g139.o(.text.tm03h_interrupt)
    [Anonymous Symbol]                       0x00001208   Section        0  isr_bat32g139.o(.text.tm40_channel0_interrupt)
    __arm_cp.65_0                            0x00001210   Number         4  isr_bat32g139.o(.text.tm40_channel0_interrupt)
    [Anonymous Symbol]                       0x00001214   Section        0  isr_bat32g139.o(.text.tm40_channel1_interrupt)
    __arm_cp.69_0                            0x0000121c   Number         4  isr_bat32g139.o(.text.tm40_channel1_interrupt)
    [Anonymous Symbol]                       0x00001220   Section        0  isr_bat32g139.o(.text.tm40_channel2_interrupt)
    __arm_cp.73_0                            0x00001228   Number         4  isr_bat32g139.o(.text.tm40_channel2_interrupt)
    [Anonymous Symbol]                       0x0000122c   Section        0  isr_bat32g139.o(.text.tm40_channel3_interrupt)
    __arm_cp.77_0                            0x00001234   Number         4  isr_bat32g139.o(.text.tm40_channel3_interrupt)
    [Anonymous Symbol]                       0x00001238   Section        0  isr_bat32g139.o(.text.tm81_channel10_interrupt)
    __arm_cp.66_0                            0x00001240   Number         4  isr_bat32g139.o(.text.tm81_channel10_interrupt)
    [Anonymous Symbol]                       0x00001244   Section        0  isr_bat32g139.o(.text.tm81_channel11_interrupt)
    __arm_cp.70_0                            0x0000124c   Number         4  isr_bat32g139.o(.text.tm81_channel11_interrupt)
    [Anonymous Symbol]                       0x00001250   Section        0  isr_bat32g139.o(.text.tm81_channel12_interrupt)
    __arm_cp.74_0                            0x00001258   Number         4  isr_bat32g139.o(.text.tm81_channel12_interrupt)
    [Anonymous Symbol]                       0x0000125c   Section        0  isr_bat32g139.o(.text.tm81_channel13_interrupt)
    __arm_cp.78_0                            0x00001264   Number         4  isr_bat32g139.o(.text.tm81_channel13_interrupt)
    [Anonymous Symbol]                       0x00001268   Section        0  isr_bat32g139.o(.text.tm81_channel14_interrupt)
    __arm_cp.67_0                            0x00001270   Number         4  isr_bat32g139.o(.text.tm81_channel14_interrupt)
    [Anonymous Symbol]                       0x00001274   Section        0  isr_bat32g139.o(.text.tm81_channel15_interrupt)
    __arm_cp.71_0                            0x0000127c   Number         4  isr_bat32g139.o(.text.tm81_channel15_interrupt)
    [Anonymous Symbol]                       0x00001280   Section        0  isr_bat32g139.o(.text.tm81_channel16_interrupt)
    __arm_cp.75_0                            0x00001288   Number         4  isr_bat32g139.o(.text.tm81_channel16_interrupt)
    [Anonymous Symbol]                       0x0000128c   Section        0  isr_bat32g139.o(.text.tm81_channel17_interrupt)
    __arm_cp.79_0                            0x00001294   Number         4  isr_bat32g139.o(.text.tm81_channel17_interrupt)
    [Anonymous Symbol]                       0x00001298   Section        0  isr_bat32g139.o(.text.tma0_interrupt)
    __arm_cp.95_0                            0x000012a0   Number         4  isr_bat32g139.o(.text.tma0_interrupt)
    [Anonymous Symbol]                       0x000012a4   Section        0  isr_bat32g139.o(.text.tmb0_interrupt)
    __arm_cp.102_0                           0x000012ac   Number         4  isr_bat32g139.o(.text.tmb0_interrupt)
    [Anonymous Symbol]                       0x000012b0   Section        0  isr_bat32g139.o(.text.tmc_interrupt)
    __arm_cp.105_0                           0x000012b8   Number         4  isr_bat32g139.o(.text.tmc_interrupt)
    [Anonymous Symbol]                       0x000012bc   Section        0  timm_user.o(.text.tmm0_interrupt)
    __arm_cp.0_0                             0x00001374   Number         4  timm_user.o(.text.tmm0_interrupt)
    __arm_cp.0_1                             0x00001378   Number         4  timm_user.o(.text.tmm0_interrupt)
    __arm_cp.0_2                             0x0000137c   Number         4  timm_user.o(.text.tmm0_interrupt)
    __arm_cp.0_3                             0x00001380   Number         4  timm_user.o(.text.tmm0_interrupt)
    __arm_cp.0_4                             0x00001384   Number         4  timm_user.o(.text.tmm0_interrupt)
    __arm_cp.0_5                             0x00001388   Number         4  timm_user.o(.text.tmm0_interrupt)
    __arm_cp.0_6                             0x0000138c   Number         4  timm_user.o(.text.tmm0_interrupt)
    __arm_cp.0_7                             0x00001390   Number         4  timm_user.o(.text.tmm0_interrupt)
    __arm_cp.0_8                             0x00001394   Number         4  timm_user.o(.text.tmm0_interrupt)
    __arm_cp.0_9                             0x00001398   Number         4  timm_user.o(.text.tmm0_interrupt)
    [Anonymous Symbol]                       0x0000139c   Section        0  timm_user.o(.text.tmm1_interrupt)
    __arm_cp.1_0                             0x00001454   Number         4  timm_user.o(.text.tmm1_interrupt)
    __arm_cp.1_1                             0x00001458   Number         4  timm_user.o(.text.tmm1_interrupt)
    __arm_cp.1_2                             0x0000145c   Number         4  timm_user.o(.text.tmm1_interrupt)
    __arm_cp.1_3                             0x00001460   Number         4  timm_user.o(.text.tmm1_interrupt)
    __arm_cp.1_4                             0x00001464   Number         4  timm_user.o(.text.tmm1_interrupt)
    __arm_cp.1_5                             0x00001468   Number         4  timm_user.o(.text.tmm1_interrupt)
    __arm_cp.1_6                             0x0000146c   Number         4  timm_user.o(.text.tmm1_interrupt)
    __arm_cp.1_7                             0x00001470   Number         4  timm_user.o(.text.tmm1_interrupt)
    __arm_cp.1_8                             0x00001474   Number         4  timm_user.o(.text.tmm1_interrupt)
    __arm_cp.1_9                             0x00001478   Number         4  timm_user.o(.text.tmm1_interrupt)
    [Anonymous Symbol]                       0x0000147c   Section        0  sci_user.o(.text.uart0_interrupt_receive)
    __arm_cp.0_0                             0x000014d0   Number         4  sci_user.o(.text.uart0_interrupt_receive)
    __arm_cp.0_1                             0x000014d4   Number         4  sci_user.o(.text.uart0_interrupt_receive)
    __arm_cp.0_2                             0x000014d8   Number         4  sci_user.o(.text.uart0_interrupt_receive)
    __arm_cp.0_3                             0x000014dc   Number         4  sci_user.o(.text.uart0_interrupt_receive)
    __arm_cp.0_4                             0x000014e0   Number         4  sci_user.o(.text.uart0_interrupt_receive)
    __arm_cp.0_5                             0x000014e4   Number         4  sci_user.o(.text.uart0_interrupt_receive)
    [Anonymous Symbol]                       0x000014e8   Section        0  sci_user.o(.text.uart0_interrupt_send)
    __arm_cp.1_0                             0x00001510   Number         4  sci_user.o(.text.uart0_interrupt_send)
    __arm_cp.1_1                             0x00001514   Number         4  sci_user.o(.text.uart0_interrupt_send)
    __arm_cp.1_2                             0x00001518   Number         4  sci_user.o(.text.uart0_interrupt_send)
    __arm_cp.1_3                             0x0000151c   Number         4  sci_user.o(.text.uart0_interrupt_send)
    uart1_callback_sendend                   0x00001521   Thumb Code     8  sci_user.o(.text.uart1_callback_sendend)
    [Anonymous Symbol]                       0x00001520   Section        0  sci_user.o(.text.uart1_callback_sendend)
    __arm_cp.16_0                            0x00001528   Number         4  sci_user.o(.text.uart1_callback_sendend)
    [Anonymous Symbol]                       0x0000152c   Section        0  sci_user.o(.text.uart1_interrupt_receive)
    __arm_cp.14_0                            0x00001580   Number         4  sci_user.o(.text.uart1_interrupt_receive)
    __arm_cp.14_1                            0x00001584   Number         4  sci_user.o(.text.uart1_interrupt_receive)
    __arm_cp.14_2                            0x00001588   Number         4  sci_user.o(.text.uart1_interrupt_receive)
    __arm_cp.14_3                            0x0000158c   Number         4  sci_user.o(.text.uart1_interrupt_receive)
    __arm_cp.14_4                            0x00001590   Number         4  sci_user.o(.text.uart1_interrupt_receive)
    __arm_cp.14_5                            0x00001594   Number         4  sci_user.o(.text.uart1_interrupt_receive)
    [Anonymous Symbol]                       0x00001598   Section        0  sci_user.o(.text.uart1_interrupt_send)
    __arm_cp.15_0                            0x000015c8   Number         4  sci_user.o(.text.uart1_interrupt_send)
    __arm_cp.15_1                            0x000015cc   Number         4  sci_user.o(.text.uart1_interrupt_send)
    __arm_cp.15_2                            0x000015d0   Number         4  sci_user.o(.text.uart1_interrupt_send)
    __arm_cp.15_3                            0x000015d4   Number         4  sci_user.o(.text.uart1_interrupt_send)
    uart2_callback_sendend                   0x000015d9   Thumb Code     8  sci_user.o(.text.uart2_callback_sendend)
    [Anonymous Symbol]                       0x000015d8   Section        0  sci_user.o(.text.uart2_callback_sendend)
    __arm_cp.26_0                            0x000015e0   Number         4  sci_user.o(.text.uart2_callback_sendend)
    [Anonymous Symbol]                       0x000015e4   Section        0  sci_user.o(.text.uart2_interrupt_receive)
    __arm_cp.23_0                            0x0000163c   Number         4  sci_user.o(.text.uart2_interrupt_receive)
    __arm_cp.23_1                            0x00001640   Number         4  sci_user.o(.text.uart2_interrupt_receive)
    __arm_cp.23_2                            0x00001644   Number         4  sci_user.o(.text.uart2_interrupt_receive)
    __arm_cp.23_3                            0x00001648   Number         4  sci_user.o(.text.uart2_interrupt_receive)
    __arm_cp.23_4                            0x0000164c   Number         4  sci_user.o(.text.uart2_interrupt_receive)
    __arm_cp.23_5                            0x00001650   Number         4  sci_user.o(.text.uart2_interrupt_receive)
    [Anonymous Symbol]                       0x00001654   Section        0  sci_user.o(.text.uart2_interrupt_send)
    __arm_cp.25_0                            0x00001688   Number         4  sci_user.o(.text.uart2_interrupt_send)
    __arm_cp.25_1                            0x0000168c   Number         4  sci_user.o(.text.uart2_interrupt_send)
    __arm_cp.25_2                            0x00001690   Number         4  sci_user.o(.text.uart2_interrupt_send)
    __arm_cp.25_3                            0x00001694   Number         4  sci_user.o(.text.uart2_interrupt_send)
    [Anonymous Symbol]                       0x00001698   Section        0  sci_user.o(.text.uart3_interrupt_receive)
    __arm_cp.39_0                            0x000016ec   Number         4  sci_user.o(.text.uart3_interrupt_receive)
    __arm_cp.39_1                            0x000016f0   Number         4  sci_user.o(.text.uart3_interrupt_receive)
    __arm_cp.39_2                            0x000016f4   Number         4  sci_user.o(.text.uart3_interrupt_receive)
    __arm_cp.39_3                            0x000016f8   Number         4  sci_user.o(.text.uart3_interrupt_receive)
    __arm_cp.39_4                            0x000016fc   Number         4  sci_user.o(.text.uart3_interrupt_receive)
    __arm_cp.39_5                            0x00001700   Number         4  sci_user.o(.text.uart3_interrupt_receive)
    [Anonymous Symbol]                       0x00001704   Section        0  sci_user.o(.text.uart3_interrupt_send)
    __arm_cp.40_0                            0x00001730   Number         4  sci_user.o(.text.uart3_interrupt_send)
    __arm_cp.40_1                            0x00001734   Number         4  sci_user.o(.text.uart3_interrupt_send)
    __arm_cp.40_2                            0x00001738   Number         4  sci_user.o(.text.uart3_interrupt_send)
    __arm_cp.40_3                            0x0000173c   Number         4  sci_user.o(.text.uart3_interrupt_send)
    [Anonymous Symbol]                       0x00001740   Section        0  wdt_user.o(.text.wdt_interrupt)
    __arm_cp.0_0                             0x0000174c   Number         4  wdt_user.o(.text.wdt_interrupt)
    i.__scatterload_copy                     0x00001750   Section       14  handlers.o(i.__scatterload_copy)
    i.__scatterload_null                     0x0000175e   Section        2  handlers.o(i.__scatterload_null)
    i.__scatterload_zeroinit                 0x00001760   Section       14  handlers.o(i.__scatterload_zeroinit)
    [Anonymous Symbol]                       0x00001770   Section        0  flash.o(ram_fetch_code)
    __arm_cp.0_0                             0x0000179c   Number         4  flash.o(ram_fetch_code)
    __arm_cp.1_0                             0x000017d4   Number         4  flash.o(ram_fetch_code)
    __arm_cp.2_0                             0x00001810   Number         4  flash.o(ram_fetch_code)
    [Anonymous Symbol]                       0x00001814   Section        0  flash_user.o(ram_fetch_code)
    __arm_cp.0_0                             0x0000181c   Number         4  flash_user.o(ram_fetch_code)
    __arm_cp.1_0                             0x000018f4   Number         4  flash_user.o(ram_fetch_code)
    [Anonymous Symbol]                       0x000018f8   Section        0  system_bat32g139.o(.rodata..Lswitch.table.CLK_GetCoreFreq)
    STACK                                    0x20000308   Section     1024  startup_bat32g139.o(STACK)

    Global Symbols

    Symbol Name                              Value     Ov Type        Size  Object(Section)

    BuildAttributes$$THM_ISAv3M$S$PE$A:L22$X:L11$S22$IEEE1$IW$~IW$USESV6$~STKCKD$USESV7$~SHL$OTIME$EBA8$MICROLIB$REQ8$PRES8$EABIv2 0x00000000   Number         0  anon$$obj.o ABSOLUTE
    __Vectors                                0x00000000   Data           4  startup_bat32g139.o(RESET)
    __cpp_initialize__aeabi_                  - Undefined Weak Reference
    __cxa_finalize                            - Undefined Weak Reference
    __decompress                              - Undefined Weak Reference
    _clock_init                               - Undefined Weak Reference
    _microlib_exit                            - Undefined Weak Reference
    __Vectors_End                            0x000000c0   Data           0  startup_bat32g139.o(RESET)
    __Vectors_Size                           0x000000c0   Number         0  startup_bat32g139.o ABSOLUTE
    user_opt_data                            0x000000c0   Data           4  system_bat32g139.o(.ARM.__AT_0x000000C0)
    __main                                   0x000000c5   Thumb Code     0  entry.o(.ARM.Collect$$$$00000000)
    _main_stk                                0x000000c5   Thumb Code     0  entry2.o(.ARM.Collect$$$$00000001)
    _main_scatterload                        0x000000c9   Thumb Code     0  entry5.o(.ARM.Collect$$$$00000004)
    __main_after_scatterload                 0x000000cd   Thumb Code     0  entry5.o(.ARM.Collect$$$$00000004)
    _main_clock                              0x000000cd   Thumb Code     0  entry7b.o(.ARM.Collect$$$$00000008)
    _main_cpp_init                           0x000000cd   Thumb Code     0  entry8b.o(.ARM.Collect$$$$0000000A)
    _main_init                               0x000000cd   Thumb Code     0  entry9a.o(.ARM.Collect$$$$0000000B)
    __rt_final_cpp                           0x000000d5   Thumb Code     0  entry10a.o(.ARM.Collect$$$$0000000D)
    __rt_final_exit                          0x000000d5   Thumb Code     0  entry11a.o(.ARM.Collect$$$$0000000F)
    Reset_Handler                            0x000000d9   Thumb Code     8  startup_bat32g139.o(.text)
    HardFault_Handler                        0x000000e3   Thumb Code     2  startup_bat32g139.o(.text)
    MemManage_Handler                        0x000000e5   Thumb Code     2  startup_bat32g139.o(.text)
    BusFault_Handler                         0x000000e7   Thumb Code     2  startup_bat32g139.o(.text)
    UsageFault_Handler                       0x000000e9   Thumb Code     2  startup_bat32g139.o(.text)
    SVC_Handler                              0x000000eb   Thumb Code     2  startup_bat32g139.o(.text)
    DebugMon_Handler                         0x000000ed   Thumb Code     2  startup_bat32g139.o(.text)
    PendSV_Handler                           0x000000ef   Thumb Code     2  startup_bat32g139.o(.text)
    __aeabi_memcpy                           0x0000013d   Thumb Code    36  memcpya.o(.text)
    __aeabi_memcpy4                          0x0000013d   Thumb Code     0  memcpya.o(.text)
    __aeabi_memcpy8                          0x0000013d   Thumb Code     0  memcpya.o(.text)
    __aeabi_uidiv                            0x00000161   Thumb Code     0  uidiv_div0.o(.text)
    __aeabi_uidivmod                         0x00000161   Thumb Code    62  uidiv_div0.o(.text)
    __scatterload                            0x000001a1   Thumb Code    28  init.o(.text)
    __scatterload_rt2                        0x000001a1   Thumb Code     0  init.o(.text)
    Ai7688MessageHandle                      0x000001c5   Thumb Code    28  ai7688.o(.text.Ai7688MessageHandle)
    AiUartRead                               0x000001e5   Thumb Code   156  ai7688.o(.text.AiUartRead)
    CAN0Err_Interrupt                        0x0000028d   Thumb Code     8  isr_bat32g139.o(.text.CAN0Err_Interrupt)
    CAN0Rec_Interrupt                        0x00000299   Thumb Code     8  isr_bat32g139.o(.text.CAN0Rec_Interrupt)
    CAN0Trx_Interrupt                        0x000002a5   Thumb Code     8  isr_bat32g139.o(.text.CAN0Trx_Interrupt)
    CAN0Wup_Interrupt                        0x000002b1   Thumb Code     8  isr_bat32g139.o(.text.CAN0Wup_Interrupt)
    CAN1Err_Interrupt                        0x000002bd   Thumb Code     8  isr_bat32g139.o(.text.CAN1Err_Interrupt)
    CAN1Rec_Interrupt                        0x000002c9   Thumb Code     8  isr_bat32g139.o(.text.CAN1Rec_Interrupt)
    CAN1Trx_Interrupt                        0x000002d5   Thumb Code     8  isr_bat32g139.o(.text.CAN1Trx_Interrupt)
    CAN1Wup_Interrupt                        0x000002e1   Thumb Code     8  isr_bat32g139.o(.text.CAN1Wup_Interrupt)
    CLK_GetCoreFreq                          0x000002ed   Thumb Code    36  system_bat32g139.o(.text.CLK_GetCoreFreq)
    IRQ00_Handler                            0x0000031d   Thumb Code    36  isr_bat32g139.o(.text.IRQ00_Handler)
    IRQ01_Handler                            0x00000345   Thumb Code    28  isr_bat32g139.o(.text.IRQ01_Handler)
    IRQ02_Handler                            0x00000365   Thumb Code    28  isr_bat32g139.o(.text.IRQ02_Handler)
    IRQ03_Handler                            0x00000385   Thumb Code    28  isr_bat32g139.o(.text.IRQ03_Handler)
    IRQ04_Handler                            0x000003a5   Thumb Code    28  isr_bat32g139.o(.text.IRQ04_Handler)
    IRQ05_Handler                            0x000003c5   Thumb Code    28  isr_bat32g139.o(.text.IRQ05_Handler)
    IRQ06_Handler                            0x000003e5   Thumb Code    28  isr_bat32g139.o(.text.IRQ06_Handler)
    IRQ07_Handler                            0x00000405   Thumb Code    28  isr_bat32g139.o(.text.IRQ07_Handler)
    IRQ08_Handler                            0x00000425   Thumb Code    48  isr_bat32g139.o(.text.IRQ08_Handler)
    IRQ09_Handler                            0x00000469   Thumb Code    28  isr_bat32g139.o(.text.IRQ09_Handler)
    IRQ10_Handler                            0x00000489   Thumb Code    16  isr_bat32g139.o(.text.IRQ10_Handler)
    IRQ11_Handler                            0x0000049d   Thumb Code    24  isr_bat32g139.o(.text.IRQ11_Handler)
    IRQ12_Handler                            0x000004c1   Thumb Code    28  isr_bat32g139.o(.text.IRQ12_Handler)
    IRQ13_Handler                            0x000004e1   Thumb Code    16  isr_bat32g139.o(.text.IRQ13_Handler)
    IRQ14_Handler                            0x000004f5   Thumb Code    32  isr_bat32g139.o(.text.IRQ14_Handler)
    IRQ15_Handler                            0x00000525   Thumb Code    28  isr_bat32g139.o(.text.IRQ15_Handler)
    IRQ16_Handler                            0x00000545   Thumb Code    36  isr_bat32g139.o(.text.IRQ16_Handler)
    IRQ17_Handler                            0x0000056d   Thumb Code    36  isr_bat32g139.o(.text.IRQ17_Handler)
    IRQ18_Handler                            0x00000595   Thumb Code    36  isr_bat32g139.o(.text.IRQ18_Handler)
    IRQ19_Handler                            0x000005bd   Thumb Code    36  isr_bat32g139.o(.text.IRQ19_Handler)
    IRQ20_Handler                            0x000005e5   Thumb Code    36  isr_bat32g139.o(.text.IRQ20_Handler)
    IRQ21_Handler                            0x0000060d   Thumb Code    16  isr_bat32g139.o(.text.IRQ21_Handler)
    IRQ22_Handler                            0x00000621   Thumb Code    28  isr_bat32g139.o(.text.IRQ22_Handler)
    IRQ23_Handler                            0x00000641   Thumb Code    28  isr_bat32g139.o(.text.IRQ23_Handler)
    IRQ24_Handler                            0x00000661   Thumb Code    28  isr_bat32g139.o(.text.IRQ24_Handler)
    IRQ25_Handler                            0x00000681   Thumb Code    28  isr_bat32g139.o(.text.IRQ25_Handler)
    IRQ26_Handler                            0x000006a1   Thumb Code    28  isr_bat32g139.o(.text.IRQ26_Handler)
    IRQ27_Handler                            0x000006c1   Thumb Code    16  isr_bat32g139.o(.text.IRQ27_Handler)
    IRQ28_Handler                            0x000006d5   Thumb Code    16  isr_bat32g139.o(.text.IRQ28_Handler)
    IRQ29_Handler                            0x000006e9   Thumb Code    28  isr_bat32g139.o(.text.IRQ29_Handler)
    IRQ30_Handler                            0x00000709   Thumb Code    28  isr_bat32g139.o(.text.IRQ30_Handler)
    IRQ31_Handler                            0x00000729   Thumb Code    28  isr_bat32g139.o(.text.IRQ31_Handler)
    PORT_Init                                0x00000749   Thumb Code   248  gpio.o(.text.PORT_Init)
    RD_init_ring                             0x00000841   Thumb Code    16  rd_init.o(.text.RD_init_ring)
    SysTick_Handler                          0x00000879   Thumb Code    20  main.o(.text.SysTick_Handler)
    SystemCoreClockUpdate                    0x00000895   Thumb Code    12  system_bat32g139.o(.text.SystemCoreClockUpdate)
    SystemInit                               0x000008a1   Thumb Code    76  system_bat32g139.o(.text.SystemInit)
    UART0_BaudRate                           0x0000090d   Thumb Code    68  sci.o(.text.UART0_BaudRate)
    UART0_Init                               0x00000955   Thumb Code   160  sci.o(.text.UART0_Init)
    UART1_BaudRate                           0x00000a09   Thumb Code    52  sci.o(.text.UART1_BaudRate)
    UART1_Init                               0x00000a3d   Thumb Code   196  sci.o(.text.UART1_Init)
    UART1_Start                              0x00000b15   Thumb Code    56  sci.o(.text.UART1_Start)
    UART2_BaudRate                           0x00000b59   Thumb Code    52  sci.o(.text.UART2_BaudRate)
    UART2_Init                               0x00000b8d   Thumb Code   212  sci.o(.text.UART2_Init)
    UART2_Start                              0x00000c8d   Thumb Code    56  sci.o(.text.UART2_Start)
    UART_BaudRateCal                         0x00000cd1   Thumb Code   108  sci.o(.text.UART_BaudRateCal)
    WDT_Restart                              0x00000d49   Thumb Code     8  wdt.o(.text.WDT_Restart)
    adc_interrupt                            0x00000d8d   Thumb Code     8  isr_bat32g139.o(.text.adc_interrupt)
    cmp0_interrupt                           0x00000d99   Thumb Code     8  isr_bat32g139.o(.text.cmp0_interrupt)
    cmp1_interrupt                           0x00000da5   Thumb Code     8  isr_bat32g139.o(.text.cmp1_interrupt)
    controlAllRelay                          0x00000db1   Thumb Code   104  rd_init.o(.text.controlAllRelay)
    createCheckSum                           0x00000e19   Thumb Code    22  ai7688.o(.text.createCheckSum)
    div_interrupt                            0x00000e31   Thumb Code     8  isr_bat32g139.o(.text.div_interrupt)
    gpio_write                               0x00000e3d   Thumb Code    16  gpio.o(.text.gpio_write)
    iica0_interrupt                          0x00000e51   Thumb Code     8  isr_bat32g139.o(.text.iica0_interrupt)
    iica1_interrupt                          0x00000e5d   Thumb Code     8  isr_bat32g139.o(.text.iica1_interrupt)
    intp0_interrupt                          0x00000e79   Thumb Code    16  intp_user.o(.text.intp0_interrupt)
    intp10_interrupt                         0x00000e9d   Thumb Code    16  intp_user.o(.text.intp10_interrupt)
    intp11_interrupt                         0x00000ec1   Thumb Code    16  intp_user.o(.text.intp11_interrupt)
    intp1_interrupt                          0x00000ee5   Thumb Code    16  intp_user.o(.text.intp1_interrupt)
    intp2_interrupt                          0x00000f09   Thumb Code    16  intp_user.o(.text.intp2_interrupt)
    intp3_interrupt                          0x00000f2d   Thumb Code    16  intp_user.o(.text.intp3_interrupt)
    intp4_interrupt                          0x00000f51   Thumb Code    16  intp_user.o(.text.intp4_interrupt)
    intp5_interrupt                          0x00000f75   Thumb Code    16  intp_user.o(.text.intp5_interrupt)
    intp6_interrupt                          0x00000f99   Thumb Code    16  intp_user.o(.text.intp6_interrupt)
    intp7_interrupt                          0x00000fbd   Thumb Code    16  intp_user.o(.text.intp7_interrupt)
    intp8_interrupt                          0x00000fe1   Thumb Code    16  intp_user.o(.text.intp8_interrupt)
    intp9_interrupt                          0x00001005   Thumb Code    16  intp_user.o(.text.intp9_interrupt)
    it_interrupt                             0x00001019   Thumb Code     8  isr_bat32g139.o(.text.it_interrupt)
    key_interrupt                            0x00001025   Thumb Code     8  isr_bat32g139.o(.text.key_interrupt)
    lvi_interrupt                            0x00001031   Thumb Code     8  isr_bat32g139.o(.text.lvi_interrupt)
    main                                     0x0000103d   Thumb Code   104  main.o(.text.main)
    ocrv_interrupt                           0x000010b5   Thumb Code     8  isr_bat32g139.o(.text.ocrv_interrupt)
    osdc_interrupt                           0x000010c1   Thumb Code     8  isr_bat32g139.o(.text.osdc_interrupt)
    ring_init                                0x000010cd   Thumb Code    28  ringbuffer.o(.text.ring_init)
    ring_pop_tail                            0x000010ed   Thumb Code    54  ringbuffer.o(.text.ring_pop_tail)
    ring_push_head                           0x00001125   Thumb Code    64  ringbuffer.o(.text.ring_push_head)
    rtc_interrupt                            0x00001169   Thumb Code     8  isr_bat32g139.o(.text.rtc_interrupt)
    setRelayState                            0x00001175   Thumb Code    88  rd_init.o(.text.setRelayState)
    sre0_interrupt                           0x000011cd   Thumb Code     8  isr_bat32g139.o(.text.sre0_interrupt)
    sre1_interrupt                           0x000011d9   Thumb Code     8  isr_bat32g139.o(.text.sre1_interrupt)
    sre2_interrupt                           0x000011e5   Thumb Code     8  isr_bat32g139.o(.text.sre2_interrupt)
    tm01h_interrupt                          0x000011f1   Thumb Code     8  isr_bat32g139.o(.text.tm01h_interrupt)
    tm03h_interrupt                          0x000011fd   Thumb Code     8  isr_bat32g139.o(.text.tm03h_interrupt)
    tm40_channel0_interrupt                  0x00001209   Thumb Code     8  isr_bat32g139.o(.text.tm40_channel0_interrupt)
    tm40_channel1_interrupt                  0x00001215   Thumb Code     8  isr_bat32g139.o(.text.tm40_channel1_interrupt)
    tm40_channel2_interrupt                  0x00001221   Thumb Code     8  isr_bat32g139.o(.text.tm40_channel2_interrupt)
    tm40_channel3_interrupt                  0x0000122d   Thumb Code     8  isr_bat32g139.o(.text.tm40_channel3_interrupt)
    tm81_channel10_interrupt                 0x00001239   Thumb Code     8  isr_bat32g139.o(.text.tm81_channel10_interrupt)
    tm81_channel11_interrupt                 0x00001245   Thumb Code     8  isr_bat32g139.o(.text.tm81_channel11_interrupt)
    tm81_channel12_interrupt                 0x00001251   Thumb Code     8  isr_bat32g139.o(.text.tm81_channel12_interrupt)
    tm81_channel13_interrupt                 0x0000125d   Thumb Code     8  isr_bat32g139.o(.text.tm81_channel13_interrupt)
    tm81_channel14_interrupt                 0x00001269   Thumb Code     8  isr_bat32g139.o(.text.tm81_channel14_interrupt)
    tm81_channel15_interrupt                 0x00001275   Thumb Code     8  isr_bat32g139.o(.text.tm81_channel15_interrupt)
    tm81_channel16_interrupt                 0x00001281   Thumb Code     8  isr_bat32g139.o(.text.tm81_channel16_interrupt)
    tm81_channel17_interrupt                 0x0000128d   Thumb Code     8  isr_bat32g139.o(.text.tm81_channel17_interrupt)
    tma0_interrupt                           0x00001299   Thumb Code     8  isr_bat32g139.o(.text.tma0_interrupt)
    tmb0_interrupt                           0x000012a5   Thumb Code     8  isr_bat32g139.o(.text.tmb0_interrupt)
    tmc_interrupt                            0x000012b1   Thumb Code     8  isr_bat32g139.o(.text.tmc_interrupt)
    tmm0_interrupt                           0x000012bd   Thumb Code   184  timm_user.o(.text.tmm0_interrupt)
    tmm1_interrupt                           0x0000139d   Thumb Code   184  timm_user.o(.text.tmm1_interrupt)
    uart0_interrupt_receive                  0x0000147d   Thumb Code    84  sci_user.o(.text.uart0_interrupt_receive)
    uart0_interrupt_send                     0x000014e9   Thumb Code    40  sci_user.o(.text.uart0_interrupt_send)
    uart1_interrupt_receive                  0x0000152d   Thumb Code    84  sci_user.o(.text.uart1_interrupt_receive)
    uart1_interrupt_send                     0x00001599   Thumb Code    48  sci_user.o(.text.uart1_interrupt_send)
    uart2_interrupt_receive                  0x000015e5   Thumb Code    88  sci_user.o(.text.uart2_interrupt_receive)
    uart2_interrupt_send                     0x00001655   Thumb Code    52  sci_user.o(.text.uart2_interrupt_send)
    uart3_interrupt_receive                  0x00001699   Thumb Code    84  sci_user.o(.text.uart3_interrupt_receive)
    uart3_interrupt_send                     0x00001705   Thumb Code    44  sci_user.o(.text.uart3_interrupt_send)
    NMI_Handler                              0x00001741   Thumb Code    12  wdt_user.o(.text.wdt_interrupt)
    wdt_interrupt                            0x00001741   Thumb Code    12  wdt_user.o(.text.wdt_interrupt)
    __scatterload_copy                       0x00001751   Thumb Code    14  handlers.o(i.__scatterload_copy)
    __scatterload_null                       0x0000175f   Thumb Code     2  handlers.o(i.__scatterload_null)
    __scatterload_zeroinit                   0x00001761   Thumb Code    14  handlers.o(i.__scatterload_zeroinit)
    EraseChip                                0x00001771   Thumb Code    44  flash.o(ram_fetch_code)
    EraseSector                              0x000017a1   Thumb Code    52  flash.o(ram_fetch_code)
    ProgramPage                              0x000017d9   Thumb Code    56  flash.o(ram_fetch_code)
    flash_interrupt                          0x00001815   Thumb Code     8  flash_user.o(ram_fetch_code)
    flash_write                              0x00001821   Thumb Code   212  flash_user.o(ram_fetch_code)
    sps_tbl                                  0x0000195c   Data          32  sci.o(.rodata.sps_tbl)
    Region$$Table$$Base                      0x0000197c   Number         0  anon$$obj.o(Region$$Table)
    Region$$Table$$Limit                     0x0000198c   Number         0  anon$$obj.o(Region$$Table)
    AIReceiveUart                            0x20000000   Data           1  isr_bat32g139.o(.bss.AIReceiveUart)
    SystemCoreClock                          0x20000004   Data           4  system_bat32g139.o(.bss.SystemCoreClock)
    ai7688UartBuff                           0x20000008   Data         512  ringbuffer.o(.bss.ai7688UartBuff)
    ai7688UartRing                           0x20000208   Data          36  ringbuffer.o(.bss.ai7688UartRing)
    count_timer                              0x2000022c   Data           4  main.o(.bss.count_timer)
    crcDone                                  0x20000230   Data           1  ai7688.o(.bss.crcDone)
    crcFail                                  0x20000231   Data           1  ai7688.o(.bss.crcFail)
    data                                     0x20000232   Data           1  isr_bat32g139.o(.bss.data)
    data_tx1                                 0x20000233   Data           1  isr_bat32g139.o(.bss.data_tx1)
    data_tx2                                 0x20000234   Data           1  isr_bat32g139.o(.bss.data_tx2)
    g_WdtIntTaken                            0x20000238   Data           4  wdt_user.o(.bss.g_WdtIntTaken)
    g_intp0Taken                             0x2000023c   Data           4  intp_user.o(.bss.g_intp0Taken)
    g_intp10Taken                            0x20000240   Data           4  intp_user.o(.bss.g_intp10Taken)
    g_intp11Taken                            0x20000244   Data           4  intp_user.o(.bss.g_intp11Taken)
    g_intp1Taken                             0x20000248   Data           4  intp_user.o(.bss.g_intp1Taken)
    g_intp2Taken                             0x2000024c   Data           4  intp_user.o(.bss.g_intp2Taken)
    g_intp3Taken                             0x20000250   Data           4  intp_user.o(.bss.g_intp3Taken)
    g_intp4Taken                             0x20000254   Data           4  intp_user.o(.bss.g_intp4Taken)
    g_intp5Taken                             0x20000258   Data           4  intp_user.o(.bss.g_intp5Taken)
    g_intp6Taken                             0x2000025c   Data           4  intp_user.o(.bss.g_intp6Taken)
    g_intp7Taken                             0x20000260   Data           4  intp_user.o(.bss.g_intp7Taken)
    g_intp8Taken                             0x20000264   Data           4  intp_user.o(.bss.g_intp8Taken)
    g_intp9Taken                             0x20000268   Data           4  intp_user.o(.bss.g_intp9Taken)
    g_ticks                                  0x2000026c   Data           4  main.o(.bss.g_ticks)
    g_tmm0_active_width_a                    0x20000270   Data           4  timm_user.o(.bss.g_tmm0_active_width_a)
    g_tmm0_active_width_b                    0x20000274   Data           4  timm_user.o(.bss.g_tmm0_active_width_b)
    g_tmm0_intTaken_a                        0x20000278   Data           2  timm_user.o(.bss.g_tmm0_intTaken_a)
    g_tmm0_intTaken_b                        0x2000027a   Data           2  timm_user.o(.bss.g_tmm0_intTaken_b)
    g_tmm0_overflow_count_a                  0x2000027c   Data           4  timm_user.o(.bss.g_tmm0_overflow_count_a)
    g_tmm0_overflow_count_b                  0x20000280   Data           4  timm_user.o(.bss.g_tmm0_overflow_count_b)
    g_tmm1_active_width_a                    0x20000284   Data           4  timm_user.o(.bss.g_tmm1_active_width_a)
    g_tmm1_active_width_b                    0x20000288   Data           4  timm_user.o(.bss.g_tmm1_active_width_b)
    g_tmm1_intTaken_a                        0x2000028c   Data           2  timm_user.o(.bss.g_tmm1_intTaken_a)
    g_tmm1_intTaken_b                        0x2000028e   Data           2  timm_user.o(.bss.g_tmm1_intTaken_b)
    g_tmm1_overflow_count_a                  0x20000290   Data           4  timm_user.o(.bss.g_tmm1_overflow_count_a)
    g_tmm1_overflow_count_b                  0x20000294   Data           4  timm_user.o(.bss.g_tmm1_overflow_count_b)
    g_uart0_rx_count                         0x20000298   Data           2  sci.o(.bss.g_uart0_rx_count)
    g_uart0_rx_length                        0x2000029a   Data           2  sci.o(.bss.g_uart0_rx_length)
    g_uart0_tx_count                         0x2000029c   Data           2  sci.o(.bss.g_uart0_tx_count)
    g_uart1_rx_count                         0x2000029e   Data           2  sci.o(.bss.g_uart1_rx_count)
    g_uart1_rx_length                        0x200002a0   Data           2  sci.o(.bss.g_uart1_rx_length)
    g_uart1_tx_count                         0x200002a2   Data           2  sci.o(.bss.g_uart1_tx_count)
    g_uart2_rx_count                         0x200002a4   Data           2  sci.o(.bss.g_uart2_rx_count)
    g_uart2_rx_length                        0x200002a6   Data           2  sci.o(.bss.g_uart2_rx_length)
    g_uart2_tx_count                         0x200002a8   Data           2  sci.o(.bss.g_uart2_tx_count)
    g_uart3_rx_count                         0x200002aa   Data           2  sci.o(.bss.g_uart3_rx_count)
    g_uart3_rx_length                        0x200002ac   Data           2  sci.o(.bss.g_uart3_rx_length)
    g_uart3_tx_count                         0x200002ae   Data           2  sci.o(.bss.g_uart3_tx_count)
    gp_uart0_rx_address                      0x200002b0   Data           4  sci.o(.bss.gp_uart0_rx_address)
    gp_uart0_tx_address                      0x200002b4   Data           4  sci.o(.bss.gp_uart0_tx_address)
    gp_uart1_rx_address                      0x200002b8   Data           4  sci.o(.bss.gp_uart1_rx_address)
    gp_uart1_tx_address                      0x200002bc   Data           4  sci.o(.bss.gp_uart1_tx_address)
    gp_uart2_rx_address                      0x200002c0   Data           4  sci.o(.bss.gp_uart2_rx_address)
    gp_uart2_tx_address                      0x200002c4   Data           4  sci.o(.bss.gp_uart2_tx_address)
    gp_uart3_rx_address                      0x200002c8   Data           4  sci.o(.bss.gp_uart3_rx_address)
    gp_uart3_tx_address                      0x200002cc   Data           4  sci.o(.bss.gp_uart3_tx_address)
    modbusUartRing                           0x200002d0   Data          36  ringbuffer.o(.bss.modbusUartRing)
    readData                                 0x200002f4   Data          16  ai7688.o(.bss.readData)
    uart1_is_busy                            0x20000304   Data           1  sci.o(.bss.uart1_is_busy)
    uart2_is_busy                            0x20000305   Data           1  sci.o(.bss.uart2_is_busy)
    __initial_sp                             0x20000708   Data           0  startup_bat32g139.o(STACK)



==============================================================================

Memory Map of the image

  Image Entry point : 0x000000c5

  Load Region LR_IROM1 (Base: 0x00000000, Size: 0x0000198c, Max: 0x00040000, ABSOLUTE)

    Execution Region ER_IROM1 (Exec base: 0x00000000, Load base: 0x00000000, Size: 0x0000198c, Max: 0x00040000, ABSOLUTE)

    Exec Addr    Load Addr    Size         Type   Attr      Idx    E Section Name        Object

    0x00000000   0x00000000   0x000000c0   Data   RO         1200    RESET               startup_bat32g139.o
    0x000000c0   0x000000c0   0x00000004   Data   RO         1216    .ARM.__AT_0x000000C0  system_bat32g139.o
    0x000000c4   0x000000c4   0x00000000   Code   RO         1226  * .ARM.Collect$$$$00000000  mc_p.l(entry.o)
    0x000000c4   0x000000c4   0x00000004   Code   RO         1267    .ARM.Collect$$$$00000001  mc_p.l(entry2.o)
    0x000000c8   0x000000c8   0x00000004   Code   RO         1270    .ARM.Collect$$$$00000004  mc_p.l(entry5.o)
    0x000000cc   0x000000cc   0x00000000   Code   RO         1272    .ARM.Collect$$$$00000008  mc_p.l(entry7b.o)
    0x000000cc   0x000000cc   0x00000000   Code   RO         1274    .ARM.Collect$$$$0000000A  mc_p.l(entry8b.o)
    0x000000cc   0x000000cc   0x00000008   Code   RO         1275    .ARM.Collect$$$$0000000B  mc_p.l(entry9a.o)
    0x000000d4   0x000000d4   0x00000000   Code   RO         1277    .ARM.Collect$$$$0000000D  mc_p.l(entry10a.o)
    0x000000d4   0x000000d4   0x00000000   Code   RO         1279    .ARM.Collect$$$$0000000F  mc_p.l(entry11a.o)
    0x000000d4   0x000000d4   0x00000004   Code   RO         1268    .ARM.Collect$$$$00002712  mc_p.l(entry2.o)
    0x000000d8   0x000000d8   0x00000064   Code   RO         1201    .text               startup_bat32g139.o
    0x0000013c   0x0000013c   0x00000024   Code   RO         1235    .text               mc_p.l(memcpya.o)
    0x00000160   0x00000160   0x0000003e   Code   RO         1285    .text               mc_p.l(uidiv_div0.o)
    0x0000019e   0x0000019e   0x00000002   PAD
    0x000001a0   0x000001a0   0x00000024   Code   RO         1293    .text               mc_p.l(init.o)
    0x000001c4   0x000001c4   0x00000020   Code   RO          115    .text.Ai7688MessageHandle  ai7688.o
    0x000001e4   0x000001e4   0x000000a8   Code   RO          107    .text.AiUartRead    ai7688.o
    0x0000028c   0x0000028c   0x0000000c   Code   RO         1040    .text.CAN0Err_Interrupt  isr_bat32g139.o
    0x00000298   0x00000298   0x0000000c   Code   RO         1140    .text.CAN0Rec_Interrupt  isr_bat32g139.o
    0x000002a4   0x000002a4   0x0000000c   Code   RO         1152    .text.CAN0Trx_Interrupt  isr_bat32g139.o
    0x000002b0   0x000002b0   0x0000000c   Code   RO         1146    .text.CAN0Wup_Interrupt  isr_bat32g139.o
    0x000002bc   0x000002bc   0x0000000c   Code   RO         1158    .text.CAN1Err_Interrupt  isr_bat32g139.o
    0x000002c8   0x000002c8   0x0000000c   Code   RO         1172    .text.CAN1Rec_Interrupt  isr_bat32g139.o
    0x000002d4   0x000002d4   0x0000000c   Code   RO         1184    .text.CAN1Trx_Interrupt  isr_bat32g139.o
    0x000002e0   0x000002e0   0x0000000c   Code   RO         1178    .text.CAN1Wup_Interrupt  isr_bat32g139.o
    0x000002ec   0x000002ec   0x00000030   Code   RO         1210    .text.CLK_GetCoreFreq  system_bat32g139.o
    0x0000031c   0x0000031c   0x00000028   Code   RO          972    .text.IRQ00_Handler  isr_bat32g139.o
    0x00000344   0x00000344   0x00000020   Code   RO          978    .text.IRQ01_Handler  isr_bat32g139.o
    0x00000364   0x00000364   0x00000020   Code   RO          984    .text.IRQ02_Handler  isr_bat32g139.o
    0x00000384   0x00000384   0x00000020   Code   RO          990    .text.IRQ03_Handler  isr_bat32g139.o
    0x000003a4   0x000003a4   0x00000020   Code   RO          996    .text.IRQ04_Handler  isr_bat32g139.o
    0x000003c4   0x000003c4   0x00000020   Code   RO         1002    .text.IRQ05_Handler  isr_bat32g139.o
    0x000003e4   0x000003e4   0x00000020   Code   RO         1008    .text.IRQ06_Handler  isr_bat32g139.o
    0x00000404   0x00000404   0x00000020   Code   RO         1022    .text.IRQ07_Handler  isr_bat32g139.o
    0x00000424   0x00000424   0x00000044   Code   RO         1036    .text.IRQ08_Handler  isr_bat32g139.o
    0x00000468   0x00000468   0x00000020   Code   RO         1042    .text.IRQ09_Handler  isr_bat32g139.o
    0x00000488   0x00000488   0x00000014   Code   RO         1050    .text.IRQ10_Handler  isr_bat32g139.o
    0x0000049c   0x0000049c   0x00000024   Code   RO         1058    .text.IRQ11_Handler  isr_bat32g139.o
    0x000004c0   0x000004c0   0x00000020   Code   RO         1064    .text.IRQ12_Handler  isr_bat32g139.o
    0x000004e0   0x000004e0   0x00000014   Code   RO         1072    .text.IRQ13_Handler  isr_bat32g139.o
    0x000004f4   0x000004f4   0x00000030   Code   RO         1080    .text.IRQ14_Handler  isr_bat32g139.o
    0x00000524   0x00000524   0x00000020   Code   RO         1086    .text.IRQ15_Handler  isr_bat32g139.o
    0x00000544   0x00000544   0x00000028   Code   RO         1094    .text.IRQ16_Handler  isr_bat32g139.o
    0x0000056c   0x0000056c   0x00000028   Code   RO         1102    .text.IRQ17_Handler  isr_bat32g139.o
    0x00000594   0x00000594   0x00000028   Code   RO         1110    .text.IRQ18_Handler  isr_bat32g139.o
    0x000005bc   0x000005bc   0x00000028   Code   RO         1118    .text.IRQ19_Handler  isr_bat32g139.o
    0x000005e4   0x000005e4   0x00000028   Code   RO         1126    .text.IRQ20_Handler  isr_bat32g139.o
    0x0000060c   0x0000060c   0x00000014   Code   RO         1130    .text.IRQ21_Handler  isr_bat32g139.o
    0x00000620   0x00000620   0x00000020   Code   RO         1136    .text.IRQ22_Handler  isr_bat32g139.o
    0x00000640   0x00000640   0x00000020   Code   RO         1142    .text.IRQ23_Handler  isr_bat32g139.o
    0x00000660   0x00000660   0x00000020   Code   RO         1148    .text.IRQ24_Handler  isr_bat32g139.o
    0x00000680   0x00000680   0x00000020   Code   RO         1154    .text.IRQ25_Handler  isr_bat32g139.o
    0x000006a0   0x000006a0   0x00000020   Code   RO         1160    .text.IRQ26_Handler  isr_bat32g139.o
    0x000006c0   0x000006c0   0x00000014   Code   RO         1164    .text.IRQ27_Handler  isr_bat32g139.o
    0x000006d4   0x000006d4   0x00000014   Code   RO         1168    .text.IRQ28_Handler  isr_bat32g139.o
    0x000006e8   0x000006e8   0x00000020   Code   RO         1174    .text.IRQ29_Handler  isr_bat32g139.o
    0x00000708   0x00000708   0x00000020   Code   RO         1180    .text.IRQ30_Handler  isr_bat32g139.o
    0x00000728   0x00000728   0x00000020   Code   RO         1186    .text.IRQ31_Handler  isr_bat32g139.o
    0x00000748   0x00000748   0x000000f8   Code   RO          621    .text.PORT_Init     gpio.o
    0x00000840   0x00000840   0x00000018   Code   RO           49    .text.RD_init_ring  rd_init.o
    0x00000858   0x00000858   0x00000020   Code   RO            8    .text.SysTick_Config  main.o
    0x00000878   0x00000878   0x0000001c   Code   RO           12    .text.SysTick_Handler  main.o
    0x00000894   0x00000894   0x0000000c   Code   RO         1212    .text.SystemCoreClockUpdate  system_bat32g139.o
    0x000008a0   0x000008a0   0x0000006c   Code   RO         1214    .text.SystemInit    system_bat32g139.o
    0x0000090c   0x0000090c   0x00000048   Code   RO          135    .text.UART0_BaudRate  sci.o
    0x00000954   0x00000954   0x000000b4   Code   RO          133    .text.UART0_Init    sci.o
    0x00000a08   0x00000a08   0x00000034   Code   RO          211    .text.UART1_BaudRate  sci.o
    0x00000a3c   0x00000a3c   0x000000d8   Code   RO          209    .text.UART1_Init    sci.o
    0x00000b14   0x00000b14   0x00000044   Code   RO          213    .text.UART1_Start   sci.o
    0x00000b58   0x00000b58   0x00000034   Code   RO          283    .text.UART2_BaudRate  sci.o
    0x00000b8c   0x00000b8c   0x00000100   Code   RO          281    .text.UART2_Init    sci.o
    0x00000c8c   0x00000c8c   0x00000044   Code   RO          285    .text.UART2_Start   sci.o
    0x00000cd0   0x00000cd0   0x00000078   Code   RO          137    .text.UART_BaudRateCal  sci.o
    0x00000d48   0x00000d48   0x0000000c   Code   RO          843    .text.WDT_Restart   wdt.o
    0x00000d54   0x00000d54   0x00000010   Code   RO          149    .text.__NVIC_ClearPendingIRQ  sci.o
    0x00000d64   0x00000d64   0x00000010   Code   RO          762    .text.__NVIC_ClearPendingIRQ  sci_user.o
    0x00000d74   0x00000d74   0x00000018   Code   RO           14    .text.__NVIC_SetPriority  main.o
    0x00000d8c   0x00000d8c   0x0000000c   Code   RO         1128    .text.adc_interrupt  isr_bat32g139.o
    0x00000d98   0x00000d98   0x0000000c   Code   RO         1144    .text.cmp0_interrupt  isr_bat32g139.o
    0x00000da4   0x00000da4   0x0000000c   Code   RO         1150    .text.cmp1_interrupt  isr_bat32g139.o
    0x00000db0   0x00000db0   0x00000068   Code   RO           59    .text.controlAllRelay  rd_init.o
    0x00000e18   0x00000e18   0x00000016   Code   RO          109    .text.createCheckSum  ai7688.o
    0x00000e2e   0x00000e2e   0x00000002   PAD
    0x00000e30   0x00000e30   0x0000000c   Code   RO         1090    .text.div_interrupt  isr_bat32g139.o
    0x00000e3c   0x00000e3c   0x00000014   Code   RO          623    .text.gpio_write    gpio.o
    0x00000e50   0x00000e50   0x0000000c   Code   RO         1088    .text.iica0_interrupt  isr_bat32g139.o
    0x00000e5c   0x00000e5c   0x0000000c   Code   RO         1092    .text.iica1_interrupt  isr_bat32g139.o
    0x00000e68   0x00000e68   0x00000010   Code   RO          649    .text.intp0_callback  intp_user.o
    0x00000e78   0x00000e78   0x00000014   Code   RO          647    .text.intp0_interrupt  intp_user.o
    0x00000e8c   0x00000e8c   0x00000010   Code   RO          685    .text.intp10_callback  intp_user.o
    0x00000e9c   0x00000e9c   0x00000014   Code   RO          683    .text.intp10_interrupt  intp_user.o
    0x00000eb0   0x00000eb0   0x00000010   Code   RO          693    .text.intp11_callback  intp_user.o
    0x00000ec0   0x00000ec0   0x00000014   Code   RO          691    .text.intp11_interrupt  intp_user.o
    0x00000ed4   0x00000ed4   0x00000010   Code   RO          657    .text.intp1_callback  intp_user.o
    0x00000ee4   0x00000ee4   0x00000014   Code   RO          655    .text.intp1_interrupt  intp_user.o
    0x00000ef8   0x00000ef8   0x00000010   Code   RO          665    .text.intp2_callback  intp_user.o
    0x00000f08   0x00000f08   0x00000014   Code   RO          663    .text.intp2_interrupt  intp_user.o
    0x00000f1c   0x00000f1c   0x00000010   Code   RO          673    .text.intp3_callback  intp_user.o
    0x00000f2c   0x00000f2c   0x00000014   Code   RO          671    .text.intp3_interrupt  intp_user.o
    0x00000f40   0x00000f40   0x00000010   Code   RO          681    .text.intp4_callback  intp_user.o
    0x00000f50   0x00000f50   0x00000014   Code   RO          679    .text.intp4_interrupt  intp_user.o
    0x00000f64   0x00000f64   0x00000010   Code   RO          689    .text.intp5_callback  intp_user.o
    0x00000f74   0x00000f74   0x00000014   Code   RO          687    .text.intp5_interrupt  intp_user.o
    0x00000f88   0x00000f88   0x00000010   Code   RO          653    .text.intp6_callback  intp_user.o
    0x00000f98   0x00000f98   0x00000014   Code   RO          651    .text.intp6_interrupt  intp_user.o
    0x00000fac   0x00000fac   0x00000010   Code   RO          661    .text.intp7_callback  intp_user.o
    0x00000fbc   0x00000fbc   0x00000014   Code   RO          659    .text.intp7_interrupt  intp_user.o
    0x00000fd0   0x00000fd0   0x00000010   Code   RO          669    .text.intp8_callback  intp_user.o
    0x00000fe0   0x00000fe0   0x00000014   Code   RO          667    .text.intp8_interrupt  intp_user.o
    0x00000ff4   0x00000ff4   0x00000010   Code   RO          677    .text.intp9_callback  intp_user.o
    0x00001004   0x00001004   0x00000014   Code   RO          675    .text.intp9_interrupt  intp_user.o
    0x00001018   0x00001018   0x0000000c   Code   RO         1134    .text.it_interrupt  isr_bat32g139.o
    0x00001024   0x00001024   0x0000000c   Code   RO         1138    .text.key_interrupt  isr_bat32g139.o
    0x00001030   0x00001030   0x0000000c   Code   RO          966    .text.lvi_interrupt  isr_bat32g139.o
    0x0000103c   0x0000103c   0x00000078   Code   RO            6    .text.main          main.o
    0x000010b4   0x000010b4   0x0000000c   Code   RO          970    .text.ocrv_interrupt  isr_bat32g139.o
    0x000010c0   0x000010c0   0x0000000c   Code   RO          968    .text.osdc_interrupt  isr_bat32g139.o
    0x000010cc   0x000010cc   0x00000020   Code   RO           27    .text.ring_init     ringbuffer.o
    0x000010ec   0x000010ec   0x00000036   Code   RO           33    .text.ring_pop_tail  ringbuffer.o
    0x00001122   0x00001122   0x00000002   PAD
    0x00001124   0x00001124   0x00000044   Code   RO           31    .text.ring_push_head  ringbuffer.o
    0x00001168   0x00001168   0x0000000c   Code   RO         1132    .text.rtc_interrupt  isr_bat32g139.o
    0x00001174   0x00001174   0x00000058   Code   RO           53    .text.setRelayState  rd_init.o
    0x000011cc   0x000011cc   0x0000000c   Code   RO         1060    .text.sre0_interrupt  isr_bat32g139.o
    0x000011d8   0x000011d8   0x0000000c   Code   RO         1082    .text.sre1_interrupt  isr_bat32g139.o
    0x000011e4   0x000011e4   0x0000000c   Code   RO         1038    .text.sre2_interrupt  isr_bat32g139.o
    0x000011f0   0x000011f0   0x0000000c   Code   RO         1062    .text.tm01h_interrupt  isr_bat32g139.o
    0x000011fc   0x000011fc   0x0000000c   Code   RO         1084    .text.tm03h_interrupt  isr_bat32g139.o
    0x00001208   0x00001208   0x0000000c   Code   RO         1096    .text.tm40_channel0_interrupt  isr_bat32g139.o
    0x00001214   0x00001214   0x0000000c   Code   RO         1104    .text.tm40_channel1_interrupt  isr_bat32g139.o
    0x00001220   0x00001220   0x0000000c   Code   RO         1112    .text.tm40_channel2_interrupt  isr_bat32g139.o
    0x0000122c   0x0000122c   0x0000000c   Code   RO         1120    .text.tm40_channel3_interrupt  isr_bat32g139.o
    0x00001238   0x00001238   0x0000000c   Code   RO         1098    .text.tm81_channel10_interrupt  isr_bat32g139.o
    0x00001244   0x00001244   0x0000000c   Code   RO         1106    .text.tm81_channel11_interrupt  isr_bat32g139.o
    0x00001250   0x00001250   0x0000000c   Code   RO         1114    .text.tm81_channel12_interrupt  isr_bat32g139.o
    0x0000125c   0x0000125c   0x0000000c   Code   RO         1122    .text.tm81_channel13_interrupt  isr_bat32g139.o
    0x00001268   0x00001268   0x0000000c   Code   RO         1100    .text.tm81_channel14_interrupt  isr_bat32g139.o
    0x00001274   0x00001274   0x0000000c   Code   RO         1108    .text.tm81_channel15_interrupt  isr_bat32g139.o
    0x00001280   0x00001280   0x0000000c   Code   RO         1116    .text.tm81_channel16_interrupt  isr_bat32g139.o
    0x0000128c   0x0000128c   0x0000000c   Code   RO         1124    .text.tm81_channel17_interrupt  isr_bat32g139.o
    0x00001298   0x00001298   0x0000000c   Code   RO         1156    .text.tma0_interrupt  isr_bat32g139.o
    0x000012a4   0x000012a4   0x0000000c   Code   RO         1170    .text.tmb0_interrupt  isr_bat32g139.o
    0x000012b0   0x000012b0   0x0000000c   Code   RO         1176    .text.tmc_interrupt  isr_bat32g139.o
    0x000012bc   0x000012bc   0x000000e0   Code   RO          924    .text.tmm0_interrupt  timm_user.o
    0x0000139c   0x0000139c   0x000000e0   Code   RO          926    .text.tmm1_interrupt  timm_user.o
    0x0000147c   0x0000147c   0x0000006c   Code   RO          714    .text.uart0_interrupt_receive  sci_user.o
    0x000014e8   0x000014e8   0x00000038   Code   RO          716    .text.uart0_interrupt_send  sci_user.o
    0x00001520   0x00001520   0x0000000c   Code   RO          746    .text.uart1_callback_sendend  sci_user.o
    0x0000152c   0x0000152c   0x0000006c   Code   RO          742    .text.uart1_interrupt_receive  sci_user.o
    0x00001598   0x00001598   0x00000040   Code   RO          744    .text.uart1_interrupt_send  sci_user.o
    0x000015d8   0x000015d8   0x0000000c   Code   RO          766    .text.uart2_callback_sendend  sci_user.o
    0x000015e4   0x000015e4   0x00000070   Code   RO          760    .text.uart2_interrupt_receive  sci_user.o
    0x00001654   0x00001654   0x00000044   Code   RO          764    .text.uart2_interrupt_send  sci_user.o
    0x00001698   0x00001698   0x0000006c   Code   RO          792    .text.uart3_interrupt_receive  sci_user.o
    0x00001704   0x00001704   0x0000003c   Code   RO          794    .text.uart3_interrupt_send  sci_user.o
    0x00001740   0x00001740   0x00000010   Code   RO          851    .text.wdt_interrupt  wdt_user.o
    0x00001750   0x00001750   0x0000000e   Code   RO         1297    i.__scatterload_copy  mc_p.l(handlers.o)
    0x0000175e   0x0000175e   0x00000002   Code   RO         1298    i.__scatterload_null  mc_p.l(handlers.o)
    0x00001760   0x00001760   0x0000000e   Code   RO         1299    i.__scatterload_zeroinit  mc_p.l(handlers.o)
    0x0000176e   0x0000176e   0x00000002   PAD
    0x00001770   0x00001770   0x000000a4   Code   RO          587    ram_fetch_code      flash.o
    0x00001814   0x00001814   0x000000e4   Code   RO          596    ram_fetch_code      flash_user.o
    0x000018f8   0x000018f8   0x00000064   Data   RO         1218    .rodata..Lswitch.table.CLK_GetCoreFreq  system_bat32g139.o
    0x0000195c   0x0000195c   0x00000020   Data   RO          423    .rodata.sps_tbl     sci.o
    0x0000197c   0x0000197c   0x00000010   Data   RO         1296    Region$$Table       anon$$obj.o


    Execution Region RW_IRAM1 (Exec base: 0x20000000, Load base: 0x0000198c, Size: 0x00000708, Max: 0x00008000, ABSOLUTE)

    Exec Addr    Load Addr    Size         Type   Attr      Idx    E Section Name        Object

    0x20000000        -       0x00000001   Zero   RW         1188    .bss.AIReceiveUart  isr_bat32g139.o
    0x20000001   0x0000198c   0x00000003   PAD
    0x20000004        -       0x00000004   Zero   RW         1217    .bss.SystemCoreClock  system_bat32g139.o
    0x20000008        -       0x00000200   Zero   RW           36    .bss.ai7688UartBuff  ringbuffer.o
    0x20000208        -       0x00000024   Zero   RW           39    .bss.ai7688UartRing  ringbuffer.o
    0x2000022c        -       0x00000004   Zero   RW           17    .bss.count_timer    main.o
    0x20000230        -       0x00000001   Zero   RW          122    .bss.crcDone        ai7688.o
    0x20000231        -       0x00000001   Zero   RW          121    .bss.crcFail        ai7688.o
    0x20000232        -       0x00000001   Zero   RW         1190    .bss.data           isr_bat32g139.o
    0x20000233        -       0x00000001   Zero   RW         1191    .bss.data_tx1       isr_bat32g139.o
    0x20000234        -       0x00000001   Zero   RW         1189    .bss.data_tx2       isr_bat32g139.o
    0x20000235   0x0000198c   0x00000003   PAD
    0x20000238        -       0x00000004   Zero   RW          853    .bss.g_WdtIntTaken  wdt_user.o
    0x2000023c        -       0x00000004   Zero   RW          695    .bss.g_intp0Taken   intp_user.o
    0x20000240        -       0x00000004   Zero   RW          705    .bss.g_intp10Taken  intp_user.o
    0x20000244        -       0x00000004   Zero   RW          706    .bss.g_intp11Taken  intp_user.o
    0x20000248        -       0x00000004   Zero   RW          696    .bss.g_intp1Taken   intp_user.o
    0x2000024c        -       0x00000004   Zero   RW          697    .bss.g_intp2Taken   intp_user.o
    0x20000250        -       0x00000004   Zero   RW          698    .bss.g_intp3Taken   intp_user.o
    0x20000254        -       0x00000004   Zero   RW          699    .bss.g_intp4Taken   intp_user.o
    0x20000258        -       0x00000004   Zero   RW          700    .bss.g_intp5Taken   intp_user.o
    0x2000025c        -       0x00000004   Zero   RW          701    .bss.g_intp6Taken   intp_user.o
    0x20000260        -       0x00000004   Zero   RW          702    .bss.g_intp7Taken   intp_user.o
    0x20000264        -       0x00000004   Zero   RW          703    .bss.g_intp8Taken   intp_user.o
    0x20000268        -       0x00000004   Zero   RW          704    .bss.g_intp9Taken   intp_user.o
    0x2000026c        -       0x00000004   Zero   RW           16    .bss.g_ticks        main.o
    0x20000270        -       0x00000004   Zero   RW          938    .bss.g_tmm0_active_width_a  timm_user.o
    0x20000274        -       0x00000004   Zero   RW          939    .bss.g_tmm0_active_width_b  timm_user.o
    0x20000278        -       0x00000002   Zero   RW          936    .bss.g_tmm0_intTaken_a  timm_user.o
    0x2000027a        -       0x00000002   Zero   RW          937    .bss.g_tmm0_intTaken_b  timm_user.o
    0x2000027c        -       0x00000004   Zero   RW          943    .bss.g_tmm0_overflow_count_a  timm_user.o
    0x20000280        -       0x00000004   Zero   RW          944    .bss.g_tmm0_overflow_count_b  timm_user.o
    0x20000284        -       0x00000004   Zero   RW          947    .bss.g_tmm1_active_width_a  timm_user.o
    0x20000288        -       0x00000004   Zero   RW          948    .bss.g_tmm1_active_width_b  timm_user.o
    0x2000028c        -       0x00000002   Zero   RW          945    .bss.g_tmm1_intTaken_a  timm_user.o
    0x2000028e        -       0x00000002   Zero   RW          946    .bss.g_tmm1_intTaken_b  timm_user.o
    0x20000290        -       0x00000004   Zero   RW          952    .bss.g_tmm1_overflow_count_a  timm_user.o
    0x20000294        -       0x00000004   Zero   RW          953    .bss.g_tmm1_overflow_count_b  timm_user.o
    0x20000298        -       0x00000002   Zero   RW          424    .bss.g_uart0_rx_count  sci.o
    0x2000029a        -       0x00000002   Zero   RW          425    .bss.g_uart0_rx_length  sci.o
    0x2000029c        -       0x00000002   Zero   RW          528    .bss.g_uart0_tx_count  sci.o
    0x2000029e        -       0x00000002   Zero   RW          448    .bss.g_uart1_rx_count  sci.o
    0x200002a0        -       0x00000002   Zero   RW          449    .bss.g_uart1_rx_length  sci.o
    0x200002a2        -       0x00000002   Zero   RW          453    .bss.g_uart1_tx_count  sci.o
    0x200002a4        -       0x00000002   Zero   RW          476    .bss.g_uart2_rx_count  sci.o
    0x200002a6        -       0x00000002   Zero   RW          477    .bss.g_uart2_rx_length  sci.o
    0x200002a8        -       0x00000002   Zero   RW          481    .bss.g_uart2_tx_count  sci.o
    0x200002aa        -       0x00000002   Zero   RW          502    .bss.g_uart3_rx_count  sci.o
    0x200002ac        -       0x00000002   Zero   RW          503    .bss.g_uart3_rx_length  sci.o
    0x200002ae        -       0x00000002   Zero   RW          506    .bss.g_uart3_tx_count  sci.o
    0x200002b0        -       0x00000004   Zero   RW          426    .bss.gp_uart0_rx_address  sci.o
    0x200002b4        -       0x00000004   Zero   RW          527    .bss.gp_uart0_tx_address  sci.o
    0x200002b8        -       0x00000004   Zero   RW          450    .bss.gp_uart1_rx_address  sci.o
    0x200002bc        -       0x00000004   Zero   RW          452    .bss.gp_uart1_tx_address  sci.o
    0x200002c0        -       0x00000004   Zero   RW          478    .bss.gp_uart2_rx_address  sci.o
    0x200002c4        -       0x00000004   Zero   RW          480    .bss.gp_uart2_tx_address  sci.o
    0x200002c8        -       0x00000004   Zero   RW          504    .bss.gp_uart3_rx_address  sci.o
    0x200002cc        -       0x00000004   Zero   RW          505    .bss.gp_uart3_tx_address  sci.o
    0x200002d0        -       0x00000024   Zero   RW           38    .bss.modbusUartRing  ringbuffer.o
    0x200002f4        -       0x00000010   Zero   RW          123    .bss.readData       ai7688.o
    0x20000304        -       0x00000001   Zero   RW          451    .bss.uart1_is_busy  sci.o
    0x20000305        -       0x00000001   Zero   RW          479    .bss.uart2_is_busy  sci.o
    0x20000306   0x0000198c   0x00000002   PAD
    0x20000308        -       0x00000400   Zero   RW         1198    STACK               startup_bat32g139.o


==============================================================================

Image component sizes


      Code (inc. data)   RO Data    RW Data    ZI Data      Debug   Object Name

       222         16          0          0         18       3093   ai7688.o
       164         12          0          0          0       1517   flash.o
       228          8          0          0          0       3784   flash_user.o
       268         28          0          0          0       5933   gpio.o
       432         96          0          0         48       5116   intp_user.o
      1548        324          0          0          4      14496   isr_bat32g139.o
       204         32          0          0          8       5103   main.o
       216          8          0          0          0       5728   rd_init.o
       154          8          0          0        584       2070   ringbuffer.o
      1100        124         32          0         58      52532   sci.o
       724        172          0          0          0      15122   sci_user.o
       100         10        192          0       1024       2048   startup_bat32g139.o
       168         44        104          0          4       3374   system_bat32g139.o
       448         80          0          0         40       8939   timm_user.o
        12          4          0          0          0        692   wdt.o
        16          4          0          0          4        527   wdt_user.o

    ----------------------------------------------------------------------
      6008        970        344          0       1800     130074   Object Totals
         0          0         16          0          0          0   (incl. Generated)
         4          0          0          0          8          0   (incl. Padding)

    ----------------------------------------------------------------------

      Code (inc. data)   RO Data    RW Data    ZI Data      Debug   Library Member Name

         0          0          0          0          0          0   entry.o
         0          0          0          0          0          0   entry10a.o
         0          0          0          0          0          0   entry11a.o
         8          4          0          0          0          0   entry2.o
         4          0          0          0          0          0   entry5.o
         0          0          0          0          0          0   entry7b.o
         0          0          0          0          0          0   entry8b.o
         8          4          0          0          0          0   entry9a.o
        30          0          0          0          0          0   handlers.o
        36          8          0          0          0         68   init.o
        36          0          0          0          0         60   memcpya.o
        62          0          0          0          0         72   uidiv_div0.o

    ----------------------------------------------------------------------
       188         16          0          0          0        200   Library Totals
         4          0          0          0          0          0   (incl. Padding)

    ----------------------------------------------------------------------

      Code (inc. data)   RO Data    RW Data    ZI Data      Debug   Library Name

       184         16          0          0          0        200   mc_p.l

    ----------------------------------------------------------------------
       188         16          0          0          0        200   Library Totals

    ----------------------------------------------------------------------

==============================================================================


      Code (inc. data)   RO Data    RW Data    ZI Data      Debug   

      6196        986        344          0       1800     130146   Grand Totals
      6196        986        344          0       1800     130146   ELF Image Totals
      6196        986        344          0          0          0   ROM Totals

==============================================================================

    Total RO  Size (Code + RO Data)                 6540 (   6.39kB)
    Total RW  Size (RW Data + ZI Data)              1800 (   1.76kB)
    Total ROM Size (Code + RO Data + RW Data)       6540 (   6.39kB)

==============================================================================

