Component: ARM Compiler 6.16 Tool: armlink [5dfeaa00]

==============================================================================

Section Cross References

    main.o(.text.delayMS) refers to main.o(.bss.g_ticks) for g_ticks
    main.o(.ARM.exidx.text.delayMS) refers to main.o(.text.delayMS) for [Anonymous Symbol]
    main.o(.text.RD_uart_putarr) refers to sci.o(.text.UART0_Send) for UART0_Send
    main.o(.ARM.exidx.text.RD_uart_putarr) refers to main.o(.text.RD_uart_putarr) for [Anonymous Symbol]
    main.o(.text.main) refers to system_bat32g139.o(.text.SystemCoreClockUpdate) for SystemCoreClockUpdate
    main.o(.text.main) refers to uidiv_div0.o(.text) for __aeabi_uidiv
    main.o(.text.main) refers to main.o(.text.SysTick_Config) for SysTick_Config
    main.o(.text.main) refers to sci.o(.text.UART0_Init) for UART0_Init
    main.o(.text.main) refers to sci.o(.text.UART1_Init) for UART1_Init
    main.o(.text.main) refers to sci.o(.text.UART2_Init) for UART2_Init
    main.o(.text.main) refers to rd_init.o(.text.RD_init_ring) for RD_init_ring
    main.o(.text.main) refers to rd_init.o(.text.setRelayState) for setRelayState
    main.o(.text.main) refers to ai7688.o(.text.Ai7688MessageHandle) for Ai7688MessageHandle
    main.o(.text.main) refers to rd_init.o(.text.controlAllRelay) for controlAllRelay
    main.o(.text.main) refers to wdt.o(.text.WDT_Restart) for WDT_Restart
    main.o(.text.main) refers to system_bat32g139.o(.bss.SystemCoreClock) for SystemCoreClock
    main.o(.text.main) refers to ringbuffer.o(.bss.ai7688UartRing) for ai7688UartRing
    main.o(.text.main) refers to ai7688.o(.bss.rdRelay) for rdRelay
    main.o(.ARM.exidx.text.main) refers to main.o(.text.main) for [Anonymous Symbol]
    main.o(.text.SysTick_Config) refers to main.o(.text.__NVIC_SetPriority) for __NVIC_SetPriority
    main.o(.ARM.exidx.text.SysTick_Config) refers to main.o(.text.SysTick_Config) for [Anonymous Symbol]
    main.o(.ARM.exidx.text.rdControlTest) refers to main.o(.text.rdControlTest) for [Anonymous Symbol]
    main.o(.text.SysTick_Handler) refers to main.o(.bss.g_ticks) for g_ticks
    main.o(.text.SysTick_Handler) refers to main.o(.bss.count_timer) for count_timer
    main.o(.ARM.exidx.text.SysTick_Handler) refers to main.o(.text.SysTick_Handler) for [Anonymous Symbol]
    main.o(.ARM.exidx.text.__NVIC_SetPriority) refers to main.o(.text.__NVIC_SetPriority) for [Anonymous Symbol]
    ringbuffer.o(.text.ring_init) refers to ringbuffer.o(.bss.ai7688UartBuff) for ai7688UartBuff
    ringbuffer.o(.ARM.exidx.text.ring_init) refers to ringbuffer.o(.text.ring_init) for [Anonymous Symbol]
    ringbuffer.o(.text.ring_free) refers to malloc.o(i.free) for free
    ringbuffer.o(.ARM.exidx.text.ring_free) refers to ringbuffer.o(.text.ring_free) for [Anonymous Symbol]
    ringbuffer.o(.text.ring_push_head) refers to memcpya.o(.text) for __aeabi_memcpy
    ringbuffer.o(.text.ring_push_head) refers to main.o(.bss.count_timer) for count_timer
    ringbuffer.o(.ARM.exidx.text.ring_push_head) refers to ringbuffer.o(.text.ring_push_head) for [Anonymous Symbol]
    ringbuffer.o(.text.ring_pop_tail) refers to memcpya.o(.text) for __aeabi_memcpy
    ringbuffer.o(.ARM.exidx.text.ring_pop_tail) refers to ringbuffer.o(.text.ring_pop_tail) for [Anonymous Symbol]
    rd_init.o(.text.RD_init_ring) refers to ringbuffer.o(.text.ring_init) for ring_init
    rd_init.o(.text.RD_init_ring) refers to ringbuffer.o(.bss.ai7688UartRing) for ai7688UartRing
    rd_init.o(.text.RD_init_ring) refers to ringbuffer.o(.bss.ai7688UartBuff) for ai7688UartBuff
    rd_init.o(.ARM.exidx.text.RD_init_ring) refers to rd_init.o(.text.RD_init_ring) for [Anonymous Symbol]
    rd_init.o(.ARM.exidx.text.uartRead1) refers to rd_init.o(.text.uartRead1) for [Anonymous Symbol]
    rd_init.o(.text.setRelayState) refers to gpio.o(.text.PORT_Init) for PORT_Init
    rd_init.o(.ARM.exidx.text.setRelayState) refers to rd_init.o(.text.setRelayState) for [Anonymous Symbol]
    rd_init.o(.ARM.exidx.text.rdGpioSet) refers to rd_init.o(.text.rdGpioSet) for [Anonymous Symbol]
    rd_init.o(.text.testRelay) refers to gpio.o(.text.gpio_write) for gpio_write
    rd_init.o(.text.testRelay) refers to main.o(.text.delayMS) for delayMS
    rd_init.o(.text.testRelay) refers to rd_init.o(.bss.testRelay.checkTimeCnt) for [Anonymous Symbol]
    rd_init.o(.text.testRelay) refers to rd_init.o(.bss.testRelay.stateRelay) for [Anonymous Symbol]
    rd_init.o(.ARM.exidx.text.testRelay) refers to rd_init.o(.text.testRelay) for [Anonymous Symbol]
    rd_init.o(.text.controlAllRelay) refers to gpio.o(.text.gpio_write) for gpio_write
    rd_init.o(.ARM.exidx.text.controlAllRelay) refers to rd_init.o(.text.controlAllRelay) for [Anonymous Symbol]
    modbus_rtu.o(.text.rd_modbus_read_coil_handle) refers to memcpya.o(.text) for __aeabi_memcpy
    modbus_rtu.o(.text.rd_modbus_read_coil_handle) refers to modbus_rtu.o(.bss.readCoidData) for readCoidData
[...]
    [Anonymous Symbol]                       0x00000d08   Section        0  tim4.o(.text.TM40_Channel_Start)
    __arm_cp.3_0                             0x00000d14   Number         4  tim4.o(.text.TM40_Channel_Start)
    [Anonymous Symbol]                       0x00000d18   Section        0  tim4.o(.text.TM40_PWM_1Period_1Duty)
    __arm_cp.11_1                            0x00000d88   Number         4  tim4.o(.text.TM40_PWM_1Period_1Duty)
    __arm_cp.11_2                            0x00000d8c   Number         4  tim4.o(.text.TM40_PWM_1Period_1Duty)
    __arm_cp.11_3                            0x00000d90   Number         4  tim4.o(.text.TM40_PWM_1Period_1Duty)
    __arm_cp.11_4                            0x00000d94   Number         4  tim4.o(.text.TM40_PWM_1Period_1Duty)
    [Anonymous Symbol]                       0x00000d98   Section        0  sci.o(.text.UART0_BaudRate)
    __arm_cp.1_0                             0x00000ddc   Number         4  sci.o(.text.UART0_BaudRate)
    [Anonymous Symbol]                       0x00000de0   Section        0  sci.o(.text.UART0_Init)
    __arm_cp.0_1                             0x00000e80   Number         4  sci.o(.text.UART0_Init)
    __arm_cp.0_3                             0x00000e84   Number         4  sci.o(.text.UART0_Init)
    __arm_cp.0_8                             0x00000e88   Number         4  sci.o(.text.UART0_Init)
    __arm_cp.0_9                             0x00000e8c   Number         4  sci.o(.text.UART0_Init)
    __arm_cp.0_10                            0x00000e90   Number         4  sci.o(.text.UART0_Init)
    [Anonymous Symbol]                       0x00000e94   Section        0  sci.o(.text.UART1_BaudRate)
    [Anonymous Symbol]                       0x00000ec8   Section        0  sci.o(.text.UART1_Init)
    __arm_cp.38_0                            0x00000f8c   Number         4  sci.o(.text.UART1_Init)
    __arm_cp.38_1                            0x00000f90   Number         4  sci.o(.text.UART1_Init)
    __arm_cp.38_5                            0x00000f94   Number         4  sci.o(.text.UART1_Init)
    __arm_cp.38_9                            0x00000f98   Number         4  sci.o(.text.UART1_Init)
    __arm_cp.38_10                           0x00000f9c   Number         4  sci.o(.text.UART1_Init)
    __arm_cp.38_11                           0x00000fa0   Number         4  sci.o(.text.UART1_Init)
    [Anonymous Symbol]                       0x00000fa4   Section        0  sci.o(.text.UART1_Start)
    __arm_cp.40_0                            0x00000fdc   Number         4  sci.o(.text.UART1_Start)
    __arm_cp.40_1                            0x00000fe0   Number         4  sci.o(.text.UART1_Start)
    __arm_cp.40_2                            0x00000fe4   Number         4  sci.o(.text.UART1_Start)
    [Anonymous Symbol]                       0x00000fe8   Section        0  sci.o(.text.UART2_BaudRate)
    [Anonymous Symbol]                       0x0000101c   Section        0  sci.o(.text.UART2_Init)
    __arm_cp.74_0                            0x000010f0   Number         4  sci.o(.text.UART2_Init)
    __arm_cp.74_1                            0x000010f4   Number         4  sci.o(.text.UART2_Init)
    __arm_cp.74_4                            0x000010f8   Number         4  sci.o(.text.UART2_Init)
    __arm_cp.74_6                            0x000010fc   Number         4  sci.o(.text.UART2_Init)
    __arm_cp.74_7                            0x00001100   Number         4  sci.o(.text.UART2_Init)
    __arm_cp.74_8                            0x00001104   Number         4  sci.o(.text.UART2_Init)
    __arm_cp.74_9                            0x00001108   Number         4  sci.o(.text.UART2_Init)
    __arm_cp.74_10                           0x0000110c   Number         4  sci.o(.text.UART2_Init)
    __arm_cp.74_11                           0x00001110   Number         4  sci.o(.text.UART2_Init)
    __arm_cp.74_12                           0x00001114   Number         4  sci.o(.text.UART2_Init)
    [Anonymous Symbol]                       0x00001118   Section        0  sci.o(.text.UART2_Send)
    __arm_cp.79_0                            0x0000115c   Number         4  sci.o(.text.UART2_Send)
    __arm_cp.79_1                            0x00001160   Number         4  sci.o(.text.UART2_Send)
    __arm_cp.79_2                            0x00001164   Number         4  sci.o(.text.UART2_Send)
    __arm_cp.79_3                            0x00001168   Number         4  sci.o(.text.UART2_Send)
    [Anonymous Symbol]                       0x0000116c   Section        0  sci.o(.text.UART2_Start)
    __arm_cp.76_0                            0x000011a4   Number         4  sci.o(.text.UART2_Start)
    __arm_cp.76_1                            0x000011a8   Number         4  sci.o(.text.UART2_Start)
    __arm_cp.76_2                            0x000011ac   Number         4  sci.o(.text.UART2_Start)
    [Anonymous Symbol]                       0x000011b0   Section        0  sci.o(.text.UART_BaudRateCal)
    __arm_cp.2_0                             0x0000121c   Number         4  sci.o(.text.UART_BaudRateCal)
    __arm_cp.2_1                             0x00001220   Number         4  sci.o(.text.UART_BaudRateCal)
    __arm_cp.2_2                             0x00001224   Number         4  sci.o(.text.UART_BaudRateCal)
    [Anonymous Symbol]                       0x00001228   Section        0  wdt.o(.text.WDT_Restart)
    __arm_cp.0_0                             0x00001230   Number         4  wdt.o(.text.WDT_Restart)
    __NVIC_ClearPendingIRQ                   0x00001235   Thumb Code    16  sci.o(.text.__NVIC_ClearPendingIRQ)
    [Anonymous Symbol]                       0x00001234   Section        0  sci.o(.text.__NVIC_ClearPendingIRQ)
    __NVIC_ClearPendingIRQ                   0x00001245   Thumb Code    12  sci_user.o(.text.__NVIC_ClearPendingIRQ)
    [Anonymous Symbol]                       0x00001244   Section        0  sci_user.o(.text.__NVIC_ClearPendingIRQ)
    __arm_cp.24_0                            0x00001250   Number         4  sci_user.o(.text.__NVIC_ClearPendingIRQ)
    __NVIC_SetPriority                       0x00001255   Thumb Code    20  main.o(.text.__NVIC_SetPriority)
    [Anonymous Symbol]                       0x00001254   Section        0  main.o(.text.__NVIC_SetPriority)
    __arm_cp.6_0                             0x00001268   Number         4  main.o(.text.__NVIC_SetPriority)
    [Anonymous Symbol]                       0x0000126c   Section        0  isr_bat32g139.o(.text.adc_interrupt)
    __arm_cp.81_0                            0x00001274   Number         4  isr_bat32g139.o(.text.adc_interrupt)
    [Anonymous Symbol]                       0x00001278   Section        0  isr_bat32g139.o(.text.cmp0_interrupt)
    __arm_cp.89_0                            0x00001280   Number         4  isr_bat32g139.o(.text.cmp0_interrupt)
    [Anonymous Symbol]                       0x00001284   Section        0  isr_bat32g139.o(.text.cmp1_interrupt)
    __arm_cp.92_0                            0x0000128c   Number         4  isr_bat32g139.o(.text.cmp1_interrupt)
    [Anonymous Symbol]                       0x00001290   Section        0  rd_init.o(.text.controlAllRelay)
    [Anonymous Symbol]                       0x000012f8   Section        0  ai7688.o(.text.controlAllRelayState)
    [Anonymous Symbol]                       0x00001300   Section        0  ai7688.o(.text.controlPWM)
    __arm_cp.5_0                             0x0000132c   Number         4  ai7688.o(.text.controlPWM)
    __arm_cp.5_1                             0x00001330   Number         4  ai7688.o(.text.controlPWM)
    [Anonymous Symbol]                       0x00001334   Section        0  ai7688.o(.text.controlSingleRelayState)
    [Anonymous Symbol]                       0x0000134c   Section        0  ai7688.o(.text.createCheckSum)
    [Anonymous Symbol]                       0x00001364   Section        0  isr_bat32g139.o(.text.div_interrupt)
    __arm_cp.62_0                            0x0000136c   Number         4  isr_bat32g139.o(.text.div_interrupt)
    [Anonymous Symbol]                       0x00001370   Section        0  gpio.o(.text.gpio_write)
    __arm_cp.9_0                             0x00001380   Number         4  gpio.o(.text.gpio_write)
    [Anonymous Symbol]                       0x00001384   Section        0  isr_bat32g139.o(.text.iica0_interrupt)
    __arm_cp.61_0                            0x0000138c   Number         4  isr_bat32g139.o(.text.iica0_interrupt)
    [Anonymous Symbol]                       0x00001390   Section        0  isr_bat32g139.o(.text.iica1_interrupt)
    __arm_cp.63_0                            0x00001398   Number         4  isr_bat32g139.o(.text.iica1_interrupt)
    intp0_callback                           0x0000139d   Thumb Code    12  intp_user.o(.text.intp0_callback)
    [Anonymous Symbol]                       0x0000139c   Section        0  intp_user.o(.text.intp0_callback)
    __arm_cp.1_0                             0x000013a8   Number         4  intp_user.o(.text.intp0_callback)
    [Anonymous Symbol]                       0x000013ac   Section        0  intp_user.o(.text.intp0_interrupt)
    __arm_cp.0_0                             0x000013bc   Number         4  intp_user.o(.text.intp0_interrupt)
    intp10_callback                          0x000013c1   Thumb Code    12  intp_user.o(.text.intp10_callback)
    [Anonymous Symbol]                       0x000013c0   Section        0  intp_user.o(.text.intp10_callback)
    __arm_cp.19_0                            0x000013cc   Number         4  intp_user.o(.text.intp10_callback)
    [Anonymous Symbol]                       0x000013d0   Section        0  intp_user.o(.text.intp10_interrupt)
    __arm_cp.18_0                            0x000013e0   Number         4  intp_user.o(.text.intp10_interrupt)
    intp11_callback                          0x000013e5   Thumb Code    12  intp_user.o(.text.intp11_callback)
    [Anonymous Symbol]                       0x000013e4   Section        0  intp_user.o(.text.intp11_callback)
    __arm_cp.23_0                            0x000013f0   Number         4  intp_user.o(.text.intp11_callback)
    [Anonymous Symbol]                       0x000013f4   Section        0  intp_user.o(.text.intp11_interrupt)
    __arm_cp.22_0                            0x00001404   Number         4  intp_user.o(.text.intp11_interrupt)
    intp1_callback                           0x00001409   Thumb Code    12  intp_user.o(.text.intp1_callback)
    [Anonymous Symbol]                       0x00001408   Section        0  intp_user.o(.text.intp1_callback)
    __arm_cp.5_0                             0x00001414   Number         4  intp_user.o(.text.intp1_callback)
    [Anonymous Symbol]                       0x00001418   Section        0  intp_user.o(.text.intp1_interrupt)
    __arm_cp.4_0                             0x00001428   Number         4  intp_user.o(.text.intp1_interrupt)
    intp2_callback                           0x0000142d   Thumb Code    12  intp_user.o(.text.intp2_callback)
    [Anonymous Symbol]                       0x0000142c   Section        0  intp_user.o(.text.intp2_callback)
    __arm_cp.9_0                             0x00001438   Number         4  intp_user.o(.text.intp2_callback)
    [Anonymous Symbol]                       0x0000143c   Section        0  intp_user.o(.text.intp2_interrupt)
    __arm_cp.8_0                             0x0000144c   Number         4  intp_user.o(.text.intp2_interrupt)
    intp3_callback                           0x00001451   Thumb Code    12  intp_user.o(.text.intp3_callback)
    [Anonymous Symbol]                       0x00001450   Section        0  intp_user.o(.text.intp3_callback)
    __arm_cp.13_0                            0x0000145c   Number         4  intp_user.o(.text.intp3_callback)
    [Anonymous Symbol]                       0x00001460   Section        0  intp_user.o(.text.intp3_interrupt)
    __arm_cp.12_0                            0x00001470   Number         4  intp_user.o(.text.intp3_interrupt)
    intp4_callback                           0x00001475   Thumb Code    12  intp_user.o(.text.intp4_callback)
    [Anonymous Symbol]                       0x00001474   Section        0  intp_user.o(.text.intp4_callback)
    __arm_cp.17_0                            0x00001480   Number         4  intp_user.o(.text.intp4_callback)
    [Anonymous Symbol]                       0x00001484   Section        0  intp_user.o(.text.intp4_interrupt)
    __arm_cp.16_0                            0x00001494   Number         4  intp_user.o(.text.intp4_interrupt)
    intp5_callback                           0x00001499   Thumb Code    12  intp_user.o(.text.intp5_callback)
    [Anonymous Symbol]                       0x00001498   Section        0  intp_user.o(.text.intp5_callback)
    __arm_cp.21_0                            0x000014a4   Number         4  intp_user.o(.text.intp5_callback)
    [Anonymous Symbol]                       0x000014a8   Section        0  intp_user.o(.text.intp5_interrupt)
    __arm_cp.20_0                            0x000014b8   Number         4  intp_user.o(.text.intp5_interrupt)
    intp6_callback                           0x000014bd   Thumb Code    12  intp_user.o(.text.intp6_callback)
    [Anonymous Symbol]                       0x000014bc   Section        0  intp_user.o(.text.intp6_callback)
    __arm_cp.3_0                             0x000014c8   Number         4  intp_user.o(.text.intp6_callback)
    [Anonymous Symbol]                       0x000014cc   Section        0  intp_user.o(.text.intp6_interrupt)
    __arm_cp.2_0                             0x000014dc   Number         4  intp_user.o(.text.intp6_interrupt)
    intp7_callback                           0x000014e1   Thumb Code    12  intp_user.o(.text.intp7_callback)
    [Anonymous Symbol]                       0x000014e0   Section        0  intp_user.o(.text.intp7_callback)
    __arm_cp.7_0                             0x000014ec   Number         4  intp_user.o(.text.intp7_callback)
    [Anonymous Symbol]                       0x000014f0   Section        0  intp_user.o(.text.intp7_interrupt)
    __arm_cp.6_0                             0x00001500   Number         4  intp_user.o(.text.intp7_interrupt)
    intp8_callback                           0x00001505   Thumb Code    12  intp_user.o(.text.intp8_callback)
    [Anonymous Symbol]                       0x00001504   Section        0  intp_user.o(.text.intp8_callback)
    __arm_cp.11_0                            0x00001510   Number         4  intp_user.o(.text.intp8_callback)
    [Anonymous Symbol]                       0x00001514   Section        0  intp_user.o(.text.intp8_interrupt)
    __arm_cp.10_0                            0x00001524   Number         4  intp_user.o(.text.intp8_interrupt)
    intp9_callback                           0x00001529   Thumb Code    12  intp_user.o(.text.intp9_callback)
    [Anonymous Symbol]                       0x00001528   Section        0  intp_user.o(.text.intp9_callback)
    __arm_cp.15_0                            0x00001534   Number         4  intp_user.o(.text.intp9_callback)
    [Anonymous Symbol]                       0x00001538   Section        0  intp_user.o(.text.intp9_interrupt)
    __arm_cp.14_0                            0x00001548   Number         4  intp_user.o(.text.intp9_interrupt)
    [Anonymous Symbol]                       0x0000154c   Section        0  isr_bat32g139.o(.text.it_interrupt)
    __arm_cp.84_0                            0x00001554   Number         4  isr_bat32g139.o(.text.it_interrupt)
    [Anonymous Symbol]                       0x00001558   Section        0  isr_bat32g139.o(.text.key_interrupt)
    __arm_cp.86_0                            0x00001560   Number         4  isr_bat32g139.o(.text.key_interrupt)
    [Anonymous Symbol]                       0x00001564   Section        0  isr_bat32g139.o(.text.lvi_interrupt)
    __arm_cp.0_0                             0x0000156c   Number         4  isr_bat32g139.o(.text.lvi_interrupt)
    [Anonymous Symbol]                       0x00001570   Section        0  main.o(.text.main)
    __arm_cp.2_0                             0x000015e0   Number         4  main.o(.text.main)
    __arm_cp.2_1                             0x000015e4   Number         4  main.o(.text.main)
    __arm_cp.2_2                             0x000015e8   Number         4  main.o(.text.main)
    __arm_cp.2_3                             0x000015ec   Number         4  main.o(.text.main)
    __arm_cp.2_4                             0x000015f0   Number         4  main.o(.text.main)
    [Anonymous Symbol]                       0x000015f4   Section        0  isr_bat32g139.o(.text.ocrv_interrupt)
    __arm_cp.2_0                             0x000015fc   Number         4  isr_bat32g139.o(.text.ocrv_interrupt)
    [Anonymous Symbol]                       0x00001600   Section        0  isr_bat32g139.o(.text.osdc_interrupt)
    __arm_cp.1_0                             0x00001608   Number         4  isr_bat32g139.o(.text.osdc_interrupt)
    [Anonymous Symbol]                       0x0000160c   Section        0  ai7688.o(.text.respondToAi7688)
    [Anonymous Symbol]                       0x00001614   Section        0  ringbuffer.o(.text.ring_init)
    __arm_cp.0_0                             0x00001630   Number         4  ringbuffer.o(.text.ring_init)
    [Anonymous Symbol]                       0x00001634   Section        0  ringbuffer.o(.text.ring_pop_tail)
    [Anonymous Symbol]                       0x0000166c   Section        0  ringbuffer.o(.text.ring_push_head)
    __arm_cp.2_0                             0x000016ac   Number         4  ringbuffer.o(.text.ring_push_head)
    [Anonymous Symbol]                       0x000016b0   Section        0  isr_bat32g139.o(.text.rtc_interrupt)
    __arm_cp.83_0                            0x000016b8   Number         4  isr_bat32g139.o(.text.rtc_interrupt)
    [Anonymous Symbol]                       0x000016bc   Section        0  rd_init.o(.text.setRelayState)
    [Anonymous Symbol]                       0x00001714   Section        0  isr_bat32g139.o(.text.sre0_interrupt)
    __arm_cp.47_0                            0x0000171c   Number         4  isr_bat32g139.o(.text.sre0_interrupt)
    [Anonymous Symbol]                       0x00001720   Section        0  isr_bat32g139.o(.text.sre1_interrupt)
    __arm_cp.58_0                            0x00001728   Number         4  isr_bat32g139.o(.text.sre1_interrupt)
    [Anonymous Symbol]                       0x0000172c   Section        0  isr_bat32g139.o(.text.sre2_interrupt)
    __arm_cp.36_0                            0x00001734   Number         4  isr_bat32g139.o(.text.sre2_interrupt)
    [Anonymous Symbol]                       0x00001738   Section        0  isr_bat32g139.o(.text.tm01h_interrupt)
    __arm_cp.48_0                            0x00001740   Number         4  isr_bat32g139.o(.text.tm01h_interrupt)
    [Anonymous Symbol]                       0x00001744   Section        0  isr_bat32g139.o(.text.tm03h_interrupt)
    __arm_cp.59_0                            0x0000174c   Number         4  isr_bat32g139.o(.text.tm03h_interrupt)
    [Anonymous Symbol]                       0x00001750   Section        0  tim4_user.o(.text.tm40_channel0_interrupt)
    __arm_cp.0_0                             0x00001778   Number         4  tim4_user.o(.text.tm40_channel0_interrupt)
    __arm_cp.0_1                             0x0000177c   Number         4  tim4_user.o(.text.tm40_channel0_interrupt)
    __arm_cp.0_2                             0x00001780   Number         4  tim4_user.o(.text.tm40_channel0_interrupt)
    __arm_cp.0_4                             0x00001784   Number         4  tim4_user.o(.text.tm40_channel0_interrupt)
    __arm_cp.0_5                             0x00001788   Number         4  tim4_user.o(.text.tm40_channel0_interrupt)
    [Anonymous Symbol]                       0x0000178c   Section        0  tim4_user.o(.text.tm40_channel1_interrupt)
    __arm_cp.1_0                             0x000017b4   Number         4  tim4_user.o(.text.tm40_channel1_interrupt)
    __arm_cp.1_1                             0x000017b8   Number         4  tim4_user.o(.text.tm40_channel1_interrupt)
    __arm_cp.1_2                             0x000017bc   Number         4  tim4_user.o(.text.tm40_channel1_interrupt)
    __arm_cp.1_4                             0x000017c0   Number         4  tim4_user.o(.text.tm40_channel1_interrupt)
    __arm_cp.1_5                             0x000017c4   Number         4  tim4_user.o(.text.tm40_channel1_interrupt)
    [Anonymous Symbol]                       0x000017c8   Section        0  tim4_user.o(.text.tm40_channel2_interrupt)
    __arm_cp.2_0                             0x000017f0   Number         4  tim4_user.o(.text.tm40_channel2_interrupt)
    __arm_cp.2_1                             0x000017f4   Number         4  tim4_user.o(.text.tm40_channel2_interrupt)
    __arm_cp.2_2                             0x000017f8   Number         4  tim4_user.o(.text.tm40_channel2_interrupt)
    __arm_cp.2_4                             0x000017fc   Number         4  tim4_user.o(.text.tm40_channel2_interrupt)
    __arm_cp.2_5                             0x00001800   Number         4  tim4_user.o(.text.tm40_channel2_interrupt)
    [Anonymous Symbol]                       0x00001804   Section        0  tim4_user.o(.text.tm40_channel3_interrupt)
    __arm_cp.3_0                             0x0000182c   Number         4  tim4_user.o(.text.tm40_channel3_interrupt)
    __arm_cp.3_1                             0x00001830   Number         4  tim4_user.o(.text.tm40_channel3_interrupt)
    __arm_cp.3_2                             0x00001834   Number         4  tim4_user.o(.text.tm40_channel3_interrupt)
    __arm_cp.3_3                             0x00001838   Number         4  tim4_user.o(.text.tm40_channel3_interrupt)
    __arm_cp.3_4                             0x0000183c   Number         4  tim4_user.o(.text.tm40_channel3_interrupt)
    __arm_cp.3_5                             0x00001840   Number         4  tim4_user.o(.text.tm40_channel3_interrupt)
    [Anonymous Symbol]                       0x00001844   Section        0  isr_bat32g139.o(.text.tm81_channel10_interrupt)
    __arm_cp.66_0                            0x0000184c   Number         4  isr_bat32g139.o(.text.tm81_channel10_interrupt)
    [Anonymous Symbol]                       0x00001850   Section        0  isr_bat32g139.o(.text.tm81_channel11_interrupt)
    __arm_cp.70_0                            0x00001858   Number         4  isr_bat32g139.o(.text.tm81_channel11_interrupt)
    [Anonymous Symbol]                       0x0000185c   Section        0  isr_bat32g139.o(.text.tm81_channel12_interrupt)
    __arm_cp.74_0                            0x00001864   Number         4  isr_bat32g139.o(.text.tm81_channel12_interrupt)
    [Anonymous Symbol]                       0x00001868   Section        0  isr_bat32g139.o(.text.tm81_channel13_interrupt)
    __arm_cp.78_0                            0x00001870   Number         4  isr_bat32g139.o(.text.tm81_channel13_interrupt)
    [Anonymous Symbol]                       0x00001874   Section        0  isr_bat32g139.o(.text.tm81_channel14_interrupt)
    __arm_cp.67_0                            0x0000187c   Number         4  isr_bat32g139.o(.text.tm81_channel14_interrupt)
    [Anonymous Symbol]                       0x00001880   Section        0  isr_bat32g139.o(.text.tm81_channel15_interrupt)
    __arm_cp.71_0                            0x00001888   Number         4  isr_bat32g139.o(.text.tm81_channel15_interrupt)
    [Anonymous Symbol]                       0x0000188c   Section        0  isr_bat32g139.o(.text.tm81_channel16_interrupt)
    __arm_cp.75_0                            0x00001894   Number         4  isr_bat32g139.o(.text.tm81_channel16_interrupt)
    [Anonymous Symbol]                       0x00001898   Section        0  isr_bat32g139.o(.text.tm81_channel17_interrupt)
    __arm_cp.79_0                            0x000018a0   Number         4  isr_bat32g139.o(.text.tm81_channel17_interrupt)
    [Anonymous Symbol]                       0x000018a4   Section        0  isr_bat32g139.o(.text.tma0_interrupt)
    __arm_cp.95_0                            0x000018ac   Number         4  isr_bat32g139.o(.text.tma0_interrupt)
    [Anonymous Symbol]                       0x000018b0   Section        0  isr_bat32g139.o(.text.tmb0_interrupt)
    __arm_cp.102_0                           0x000018b8   Number         4  isr_bat32g139.o(.text.tmb0_interrupt)
    [Anonymous Symbol]                       0x000018bc   Section        0  isr_bat32g139.o(.text.tmc_interrupt)
    __arm_cp.105_0                           0x000018c4   Number         4  isr_bat32g139.o(.text.tmc_interrupt)
    [Anonymous Symbol]                       0x000018c8   Section        0  timm_user.o(.text.tmm0_interrupt)
    __arm_cp.0_0                             0x00001980   Number         4  timm_user.o(.text.tmm0_interrupt)
    __arm_cp.0_1                             0x00001984   Number         4  timm_user.o(.text.tmm0_interrupt)
    __arm_cp.0_2                             0x00001988   Number         4  timm_user.o(.text.tmm0_interrupt)
    __arm_cp.0_3                             0x0000198c   Number         4  timm_user.o(.text.tmm0_interrupt)
    __arm_cp.0_4                             0x00001990   Number         4  timm_user.o(.text.tmm0_interrupt)
    __arm_cp.0_5                             0x00001994   Number         4  timm_user.o(.text.tmm0_interrupt)
    __arm_cp.0_6                             0x00001998   Number         4  timm_user.o(.text.tmm0_interrupt)
    __arm_cp.0_7                             0x0000199c   Number         4  timm_user.o(.text.tmm0_interrupt)
    __arm_cp.0_8                             0x000019a0   Number         4  timm_user.o(.text.tmm0_interrupt)
    __arm_cp.0_9                             0x000019a4   Number         4  timm_user.o(.text.tmm0_interrupt)
    [Anonymous Symbol]                       0x000019a8   Section        0  timm_user.o(.text.tmm1_interrupt)
    __arm_cp.1_0                             0x00001a60   Number         4  timm_user.o(.text.tmm1_interrupt)
    __arm_cp.1_1                             0x00001a64   Number         4  timm_user.o(.text.tmm1_interrupt)
    __arm_cp.1_2                             0x00001a68   Number         4  timm_user.o(.text.tmm1_interrupt)
    __arm_cp.1_3                             0x00001a6c   Number         4  timm_user.o(.text.tmm1_interrupt)
    __arm_cp.1_4                             0x00001a70   Number         4  timm_user.o(.text.tmm1_interrupt)
    __arm_cp.1_5                             0x00001a74   Number         4  timm_user.o(.text.tmm1_interrupt)
    __arm_cp.1_6                             0x00001a78   Number         4  timm_user.o(.text.tmm1_interrupt)
    __arm_cp.1_7                             0x00001a7c   Number         4  timm_user.o(.text.tmm1_interrupt)
    __arm_cp.1_8                             0x00001a80   Number         4  timm_user.o(.text.tmm1_interrupt)
    __arm_cp.1_9                             0x00001a84   Number         4  timm_user.o(.text.tmm1_interrupt)
    [Anonymous Symbol]                       0x00001a88   Section        0  sci_user.o(.text.uart0_interrupt_receive)
    __arm_cp.0_0                             0x00001adc   Number         4  sci_user.o(.text.uart0_interrupt_receive)
    __arm_cp.0_1                             0x00001ae0   Number         4  sci_user.o(.text.uart0_interrupt_receive)
    __arm_cp.0_2                             0x00001ae4   Number         4  sci_user.o(.text.uart0_interrupt_receive)
    __arm_cp.0_3                             0x00001ae8   Number         4  sci_user.o(.text.uart0_interrupt_receive)
    __arm_cp.0_4                             0x00001aec   Number         4  sci_user.o(.text.uart0_interrupt_receive)
    __arm_cp.0_5                             0x00001af0   Number         4  sci_user.o(.text.uart0_interrupt_receive)
    [Anonymous Symbol]                       0x00001af4   Section        0  sci_user.o(.text.uart0_interrupt_send)
    __arm_cp.1_0                             0x00001b1c   Number         4  sci_user.o(.text.uart0_interrupt_send)
    __arm_cp.1_1                             0x00001b20   Number         4  sci_user.o(.text.uart0_interrupt_send)
    __arm_cp.1_2                             0x00001b24   Number         4  sci_user.o(.text.uart0_interrupt_send)
    __arm_cp.1_3                             0x00001b28   Number         4  sci_user.o(.text.uart0_interrupt_send)
    uart1_callback_sendend                   0x00001b2d   Thumb Code     8  sci_user.o(.text.uart1_callback_sendend)
    [Anonymous Symbol]                       0x00001b2c   Section        0  sci_user.o(.text.uart1_callback_sendend)
    __arm_cp.16_0                            0x00001b34   Number         4  sci_user.o(.text.uart1_callback_sendend)
    [Anonymous Symbol]                       0x00001b38   Section        0  sci_user.o(.text.uart1_interrupt_receive)
    __arm_cp.14_0                            0x00001b8c   Number         4  sci_user.o(.text.uart1_interrupt_receive)
    __arm_cp.14_1                            0x00001b90   Number         4  sci_user.o(.text.uart1_interrupt_receive)
    __arm_cp.14_2                            0x00001b94   Number         4  sci_user.o(.text.uart1_interrupt_receive)
    __arm_cp.14_3                            0x00001b98   Number         4  sci_user.o(.text.uart1_interrupt_receive)
    __arm_cp.14_4                            0x00001b9c   Number         4  sci_user.o(.text.uart1_interrupt_receive)
    __arm_cp.14_5                            0x00001ba0   Number         4  sci_user.o(.text.uart1_interrupt_receive)
    [Anonymous Symbol]                       0x00001ba4   Section        0  sci_user.o(.text.uart1_interrupt_send)
    __arm_cp.15_0                            0x00001bd4   Number         4  sci_user.o(.text.uart1_interrupt_send)
    __arm_cp.15_1                            0x00001bd8   Number         4  sci_user.o(.text.uart1_interrupt_send)
    __arm_cp.15_2                            0x00001bdc   Number         4  sci_user.o(.text.uart1_interrupt_send)
    __arm_cp.15_3                            0x00001be0   Number         4  sci_user.o(.text.uart1_interrupt_send)
    uart2_callback_sendend                   0x00001be5   Thumb Code     8  sci_user.o(.text.uart2_callback_sendend)
    [Anonymous Symbol]                       0x00001be4   Section        0  sci_user.o(.text.uart2_callback_sendend)
    __arm_cp.26_0                            0x00001bec   Number         4  sci_user.o(.text.uart2_callback_sendend)
    [Anonymous Symbol]                       0x00001bf0   Section        0  sci_user.o(.text.uart2_interrupt_receive)
    __arm_cp.23_0                            0x00001c48   Number         4  sci_user.o(.text.uart2_interrupt_receive)
    __arm_cp.23_1                            0x00001c4c   Number         4  sci_user.o(.text.uart2_interrupt_receive)
    __arm_cp.23_2                            0x00001c50   Number         4  sci_user.o(.text.uart2_interrupt_receive)
    __arm_cp.23_3                            0x00001c54   Number         4  sci_user.o(.text.uart2_interrupt_receive)
    __arm_cp.23_4                            0x00001c58   Number         4  sci_user.o(.text.uart2_interrupt_receive)
    __arm_cp.23_5                            0x00001c5c   Number         4  sci_user.o(.text.uart2_interrupt_receive)
    [Anonymous Symbol]                       0x00001c60   Section        0  sci_user.o(.text.uart2_interrupt_send)
    __arm_cp.25_0                            0x00001c94   Number         4  sci_user.o(.text.uart2_interrupt_send)
    __arm_cp.25_1                            0x00001c98   Number         4  sci_user.o(.text.uart2_interrupt_send)
    __arm_cp.25_2                            0x00001c9c   Number         4  sci_user.o(.text.uart2_interrupt_send)
    __arm_cp.25_3                            0x00001ca0   Number         4  sci_user.o(.text.uart2_interrupt_send)
    [Anonymous Symbol]                       0x00001ca4   Section        0  sci_user.o(.text.uart3_interrupt_receive)
    __arm_cp.39_0                            0x00001cf8   Number         4  sci_user.o(.text.uart3_interrupt_receive)
    __arm_cp.39_1                            0x00001cfc   Number         4  sci_user.o(.text.uart3_interrupt_receive)
    __arm_cp.39_2                            0x00001d00   Number         4  sci_user.o(.text.uart3_interrupt_receive)
    __arm_cp.39_3                            0x00001d04   Number         4  sci_user.o(.text.uart3_interrupt_receive)
    __arm_cp.39_4                            0x00001d08   Number         4  sci_user.o(.text.uart3_interrupt_receive)
    __arm_cp.39_5                            0x00001d0c   Number         4  sci_user.o(.text.uart3_interrupt_receive)
    [Anonymous Symbol]                       0x00001d10   Section        0  sci_user.o(.text.uart3_interrupt_send)
    __arm_cp.40_0                            0x00001d3c   Number         4  sci_user.o(.text.uart3_interrupt_send)
    __arm_cp.40_1                            0x00001d40   Number         4  sci_user.o(.text.uart3_interrupt_send)
    __arm_cp.40_2                            0x00001d44   Number         4  sci_user.o(.text.uart3_interrupt_send)
    __arm_cp.40_3                            0x00001d48   Number         4  sci_user.o(.text.uart3_interrupt_send)
    [Anonymous Symbol]                       0x00001d4c   Section        0  wdt_user.o(.text.wdt_interrupt)
    __arm_cp.0_0                             0x00001d58   Number         4  wdt_user.o(.text.wdt_interrupt)
    i.__ARM_clz                              0x00001d5c   Section        0  depilogue.o(i.__ARM_clz)
    i.__scatterload_copy                     0x00001d8a   Section       14  handlers.o(i.__scatterload_copy)
    i.__scatterload_null                     0x00001d98   Section        2  handlers.o(i.__scatterload_null)
    i.__scatterload_zeroinit                 0x00001d9a   Section       14  handlers.o(i.__scatterload_zeroinit)
    [Anonymous Symbol]                       0x00001da8   Section        0  flash.o(ram_fetch_code)
    __arm_cp.0_0                             0x00001dd4   Number         4  flash.o(ram_fetch_code)
    __arm_cp.1_0                             0x00001e0c   Number         4  flash.o(ram_fetch_code)
    __arm_cp.2_0                             0x00001e48   Number         4  flash.o(ram_fetch_code)
    [Anonymous Symbol]                       0x00001e4c   Section        0  flash_user.o(ram_fetch_code)
    __arm_cp.0_0                             0x00001e54   Number         4  flash_user.o(ram_fetch_code)
    __arm_cp.1_0                             0x00001f2c   Number         4  flash_user.o(ram_fetch_code)
    [Anonymous Symbol]                       0x00001f30   Section        0  system_bat32g139.o(.rodata..Lswitch.table.CLK_GetCoreFreq)
    STACK                                    0x20000328   Section     1024  startup_bat32g139.o(STACK)

    Global Symbols

    Symbol Name                              Value     Ov Type        Size  Object(Section)

    BuildAttributes$$THM_ISAv3M$S$PE$A:L22$X:L11$S22$IEEE1$IW$~IW$USESV6$~STKCKD$USESV7$~SHL$OTIME$ROPI$EBA8$MICROLIB$REQ8$PRES8$EABIv2 0x00000000   Number         0  anon$$obj.o ABSOLUTE
    __Vectors                                0x00000000   Data           4  startup_bat32g139.o(RESET)
    __cpp_initialize__aeabi_                  - Undefined Weak Reference
    __cxa_finalize                            - Undefined Weak Reference
    __decompress                              - Undefined Weak Reference
    _clock_init                               - Undefined Weak Reference
    _microlib_exit                            - Undefined Weak Reference
    __Vectors_End                            0x000000c0   Data           0  startup_bat32g139.o(RESET)
    __Vectors_Size                           0x000000c0   Number         0  startup_bat32g139.o ABSOLUTE
    user_opt_data                            0x000000c0   Data           4  system_bat32g139.o(.ARM.__AT_0x000000C0)
    __main                                   0x000000c5   Thumb Code     0  entry.o(.ARM.Collect$$$$00000000)
    _main_stk                                0x000000c5   Thumb Code     0  entry2.o(.ARM.Collect$$$$00000001)
    _main_scatterload                        0x000000c9   Thumb Code     0  entry5.o(.ARM.Collect$$$$00000004)
    __main_after_scatterload                 0x000000cd   Thumb Code     0  entry5.o(.ARM.Collect$$$$00000004)
    _main_clock                              0x000000cd   Thumb Code     0  entry7b.o(.ARM.Collect$$$$00000008)
    _main_cpp_init                           0x000000cd   Thumb Code     0  entry8b.o(.ARM.Collect$$$$0000000A)
    _main_init                               0x000000cd   Thumb Code     0  entry9a.o(.ARM.Collect$$$$0000000B)
    __rt_final_cpp                           0x000000d5   Thumb Code     0  entry10a.o(.ARM.Collect$$$$0000000D)
    __rt_final_exit                          0x000000d5   Thumb Code     0  entry11a.o(.ARM.Collect$$$$0000000F)
    Reset_Handler                            0x000000d9   Thumb Code     8  startup_bat32g139.o(.text)
    HardFault_Handler                        0x000000e3   Thumb Code     2  startup_bat32g139.o(.text)
    MemManage_Handler                        0x000000e5   Thumb Code     2  startup_bat32g139.o(.text)
    BusFault_Handler                         0x000000e7   Thumb Code     2  startup_bat32g139.o(.text)
    UsageFault_Handler                       0x000000e9   Thumb Code     2  startup_bat32g139.o(.text)
    SVC_Handler                              0x000000eb   Thumb Code     2  startup_bat32g139.o(.text)
    DebugMon_Handler                         0x000000ed   Thumb Code     2  startup_bat32g139.o(.text)
    PendSV_Handler                           0x000000ef   Thumb Code     2  startup_bat32g139.o(.text)
    __aeabi_memcpy                           0x0000013d   Thumb Code    36  memcpya.o(.text)
    __aeabi_memcpy4                          0x0000013d   Thumb Code     0  memcpya.o(.text)
    __aeabi_memcpy8                          0x0000013d   Thumb Code     0  memcpya.o(.text)
    __aeabi_dmul                             0x00000161   Thumb Code   202  dmul.o(.text)
    __aeabi_ddiv                             0x00000231   Thumb Code   234  ddiv.o(.text)
    __aeabi_ui2d                             0x00000321   Thumb Code    24  dfltui.o(.text)
    __aeabi_d2iz                             0x0000033d   Thumb Code    62  dfixi.o(.text)
    __aeabi_uidiv                            0x00000385   Thumb Code     0  uidiv_div0.o(.text)
    __aeabi_uidivmod                         0x00000385   Thumb Code    62  uidiv_div0.o(.text)
    __aeabi_llsr                             0x000003c3   Thumb Code    34  llushr.o(.text)
    _ll_ushift_r                             0x000003c3   Thumb Code     0  llushr.o(.text)
    __I$use$fp                               0x000003e5   Thumb Code     0  iusefp.o(.text)
    _double_round                            0x000003e5   Thumb Code    26  depilogue.o(.text)
    _double_epilogue                         0x000003ff   Thumb Code   164  depilogue.o(.text)
    __scatterload                            0x000004a5   Thumb Code    28  init.o(.text)
    __scatterload_rt2                        0x000004a5   Thumb Code     0  init.o(.text)
    __aeabi_llsl                             0x000004c9   Thumb Code    32  llshl.o(.text)
    _ll_shift_l                              0x000004c9   Thumb Code     0  llshl.o(.text)
    Ai7688MessageHandle                      0x000004e9   Thumb Code    28  ai7688.o(.text.Ai7688MessageHandle)
    AiUartRead                               0x00000509   Thumb Code   368  ai7688.o(.text.AiUartRead)
    CAN0Err_Interrupt                        0x00000681   Thumb Code     8  isr_bat32g139.o(.text.CAN0Err_Interrupt)
    CAN0Rec_Interrupt                        0x0000068d   Thumb Code     8  isr_bat32g139.o(.text.CAN0Rec_Interrupt)
    CAN0Trx_Interrupt                        0x00000699   Thumb Code     8  isr_bat32g139.o(.text.CAN0Trx_Interrupt)
    CAN0Wup_Interrupt                        0x000006a5   Thumb Code     8  isr_bat32g139.o(.text.CAN0Wup_Interrupt)
    CAN1Err_Interrupt                        0x000006b1   Thumb Code     8  isr_bat32g139.o(.text.CAN1Err_Interrupt)
    CAN1Rec_Interrupt                        0x000006bd   Thumb Code     8  isr_bat32g139.o(.text.CAN1Rec_Interrupt)
    CAN1Trx_Interrupt                        0x000006c9   Thumb Code     8  isr_bat32g139.o(.text.CAN1Trx_Interrupt)
    CAN1Wup_Interrupt                        0x000006d5   Thumb Code     8  isr_bat32g139.o(.text.CAN1Wup_Interrupt)
    CLK_GetCoreFreq                          0x000006e1   Thumb Code    36  system_bat32g139.o(.text.CLK_GetCoreFreq)
    IRQ00_Handler                            0x00000711   Thumb Code    36  isr_bat32g139.o(.text.IRQ00_Handler)
    IRQ01_Handler                            0x00000739   Thumb Code    28  isr_bat32g139.o(.text.IRQ01_Handler)
    IRQ02_Handler                            0x00000759   Thumb Code    28  isr_bat32g139.o(.text.IRQ02_Handler)
    IRQ03_Handler                            0x00000779   Thumb Code    28  isr_bat32g139.o(.text.IRQ03_Handler)
    IRQ04_Handler                            0x00000799   Thumb Code    28  isr_bat32g139.o(.text.IRQ04_Handler)
    IRQ05_Handler                            0x000007b9   Thumb Code    28  isr_bat32g139.o(.text.IRQ05_Handler)
    IRQ06_Handler                            0x000007d9   Thumb Code    28  isr_bat32g139.o(.text.IRQ06_Handler)
    IRQ07_Handler                            0x000007f9   Thumb Code    28  isr_bat32g139.o(.text.IRQ07_Handler)
    IRQ08_Handler                            0x00000819   Thumb Code    48  isr_bat32g139.o(.text.IRQ08_Handler)
    IRQ09_Handler                            0x0000085d   Thumb Code    28  isr_bat32g139.o(.text.IRQ09_Handler)
    IRQ10_Handler                            0x0000087d   Thumb Code    16  isr_bat32g139.o(.text.IRQ10_Handler)
    IRQ11_Handler                            0x00000891   Thumb Code    24  isr_bat32g139.o(.text.IRQ11_Handler)
    IRQ12_Handler                            0x000008b5   Thumb Code    28  isr_bat32g139.o(.text.IRQ12_Handler)
    IRQ13_Handler                            0x000008d5   Thumb Code    16  isr_bat32g139.o(.text.IRQ13_Handler)
    IRQ14_Handler                            0x000008e9   Thumb Code    32  isr_bat32g139.o(.text.IRQ14_Handler)
    IRQ15_Handler                            0x00000919   Thumb Code    28  isr_bat32g139.o(.text.IRQ15_Handler)
    IRQ16_Handler                            0x00000939   Thumb Code    36  isr_bat32g139.o(.text.IRQ16_Handler)
    IRQ17_Handler                            0x00000961   Thumb Code    36  isr_bat32g139.o(.text.IRQ17_Handler)
    IRQ18_Handler                            0x00000989   Thumb Code    36  isr_bat32g139.o(.text.IRQ18_Handler)
    IRQ19_Handler                            0x000009b1   Thumb Code    36  isr_bat32g139.o(.text.IRQ19_Handler)
    IRQ20_Handler                            0x000009d9   Thumb Code    36  isr_bat32g139.o(.text.IRQ20_Handler)
    IRQ21_Handler                            0x00000a01   Thumb Code    16  isr_bat32g139.o(.text.IRQ21_Handler)
    IRQ22_Handler                            0x00000a15   Thumb Code    28  isr_bat32g139.o(.text.IRQ22_Handler)
    IRQ23_Handler                            0x00000a35   Thumb Code    28  isr_bat32g139.o(.text.IRQ23_Handler)
    IRQ24_Handler                            0x00000a55   Thumb Code    28  isr_bat32g139.o(.text.IRQ24_Handler)
    IRQ25_Handler                            0x00000a75   Thumb Code    28  isr_bat32g139.o(.text.IRQ25_Handler)
    IRQ26_Handler                            0x00000a95   Thumb Code    28  isr_bat32g139.o(.text.IRQ26_Handler)
    IRQ27_Handler                            0x00000ab5   Thumb Code    16  isr_bat32g139.o(.text.IRQ27_Handler)
    IRQ28_Handler                            0x00000ac9   Thumb Code    16  isr_bat32g139.o(.text.IRQ28_Handler)
    IRQ29_Handler                            0x00000add   Thumb Code    28  isr_bat32g139.o(.text.IRQ29_Handler)
    IRQ30_Handler                            0x00000afd   Thumb Code    28  isr_bat32g139.o(.text.IRQ30_Handler)
    IRQ31_Handler                            0x00000b1d   Thumb Code    28  isr_bat32g139.o(.text.IRQ31_Handler)
    PORT_Init                                0x00000b3d   Thumb Code   248  gpio.o(.text.PORT_Init)
    RD_init_ring                             0x00000c3d   Thumb Code    16  rd_init.o(.text.RD_init_ring)
    SysTick_Handler                          0x00000c75   Thumb Code    20  main.o(.text.SysTick_Handler)
    SystemCoreClockUpdate                    0x00000c91   Thumb Code    12  system_bat32g139.o(.text.SystemCoreClockUpdate)
    SystemInit                               0x00000c9d   Thumb Code    76  system_bat32g139.o(.text.SystemInit)
    TM40_Channel_Start                       0x00000d09   Thumb Code    12  tim4.o(.text.TM40_Channel_Start)
    TM40_PWM_1Period_1Duty                   0x00000d19   Thumb Code   112  tim4.o(.text.TM40_PWM_1Period_1Duty)
    UART0_BaudRate                           0x00000d99   Thumb Code    68  sci.o(.text.UART0_BaudRate)
    UART0_Init                               0x00000de1   Thumb Code   160  sci.o(.text.UART0_Init)
    UART1_BaudRate                           0x00000e95   Thumb Code    52  sci.o(.text.UART1_BaudRate)
    UART1_Init                               0x00000ec9   Thumb Code   196  sci.o(.text.UART1_Init)
    UART1_Start                              0x00000fa5   Thumb Code    56  sci.o(.text.UART1_Start)
    UART2_BaudRate                           0x00000fe9   Thumb Code    52  sci.o(.text.UART2_BaudRate)
    UART2_Init                               0x0000101d   Thumb Code   212  sci.o(.text.UART2_Init)
    UART2_Send                               0x00001119   Thumb Code    68  sci.o(.text.UART2_Send)
    UART2_Start                              0x0000116d   Thumb Code    56  sci.o(.text.UART2_Start)
    UART_BaudRateCal                         0x000011b1   Thumb Code   108  sci.o(.text.UART_BaudRateCal)
    WDT_Restart                              0x00001229   Thumb Code     8  wdt.o(.text.WDT_Restart)
    adc_interrupt                            0x0000126d   Thumb Code     8  isr_bat32g139.o(.text.adc_interrupt)
    cmp0_interrupt                           0x00001279   Thumb Code     8  isr_bat32g139.o(.text.cmp0_interrupt)
    cmp1_interrupt                           0x00001285   Thumb Code     8  isr_bat32g139.o(.text.cmp1_interrupt)
    controlAllRelay                          0x00001291   Thumb Code   104  rd_init.o(.text.controlAllRelay)
    controlAllRelayState                     0x000012f9   Thumb Code     8  ai7688.o(.text.controlAllRelayState)
    controlPWM                               0x00001301   Thumb Code    44  ai7688.o(.text.controlPWM)
    controlSingleRelayState                  0x00001335   Thumb Code    24  ai7688.o(.text.controlSingleRelayState)
    createCheckSum                           0x0000134d   Thumb Code    22  ai7688.o(.text.createCheckSum)
    div_interrupt                            0x00001365   Thumb Code     8  isr_bat32g139.o(.text.div_interrupt)
    gpio_write                               0x00001371   Thumb Code    16  gpio.o(.text.gpio_write)
    iica0_interrupt                          0x00001385   Thumb Code     8  isr_bat32g139.o(.text.iica0_interrupt)
    iica1_interrupt                          0x00001391   Thumb Code     8  isr_bat32g139.o(.text.iica1_interrupt)
    intp0_interrupt                          0x000013ad   Thumb Code    16  intp_user.o(.text.intp0_interrupt)
    intp10_interrupt                         0x000013d1   Thumb Code    16  intp_user.o(.text.intp10_interrupt)
    intp11_interrupt                         0x000013f5   Thumb Code    16  intp_user.o(.text.intp11_interrupt)
    intp1_interrupt                          0x00001419   Thumb Code    16  intp_user.o(.text.intp1_interrupt)
    intp2_interrupt                          0x0000143d   Thumb Code    16  intp_user.o(.text.intp2_interrupt)
    intp3_interrupt                          0x00001461   Thumb Code    16  intp_user.o(.text.intp3_interrupt)
    intp4_interrupt                          0x00001485   Thumb Code    16  intp_user.o(.text.intp4_interrupt)
    intp5_interrupt                          0x000014a9   Thumb Code    16  intp_user.o(.text.intp5_interrupt)
    intp6_interrupt                          0x000014cd   Thumb Code    16  intp_user.o(.text.intp6_interrupt)
    intp7_interrupt                          0x000014f1   Thumb Code    16  intp_user.o(.text.intp7_interrupt)
    intp8_interrupt                          0x00001515   Thumb Code    16  intp_user.o(.text.intp8_interrupt)
    intp9_interrupt                          0x00001539   Thumb Code    16  intp_user.o(.text.intp9_interrupt)
    it_interrupt                             0x0000154d   Thumb Code     8  isr_bat32g139.o(.text.it_interrupt)
    key_interrupt                            0x00001559   Thumb Code     8  isr_bat32g139.o(.text.key_interrupt)
    lvi_interrupt                            0x00001565   Thumb Code     8  isr_bat32g139.o(.text.lvi_interrupt)
    main                                     0x00001571   Thumb Code   112  main.o(.text.main)
    ocrv_interrupt                           0x000015f5   Thumb Code     8  isr_bat32g139.o(.text.ocrv_interrupt)
    osdc_interrupt                           0x00001601   Thumb Code     8  isr_bat32g139.o(.text.osdc_interrupt)
    respondToAi7688                          0x0000160d   Thumb Code     8  ai7688.o(.text.respondToAi7688)
    ring_init                                0x00001615   Thumb Code    28  ringbuffer.o(.text.ring_init)
    ring_pop_tail                            0x00001635   Thumb Code    54  ringbuffer.o(.text.ring_pop_tail)
    ring_push_head                           0x0000166d   Thumb Code    64  ringbuffer.o(.text.ring_push_head)
    rtc_interrupt                            0x000016b1   Thumb Code     8  isr_bat32g139.o(.text.rtc_interrupt)
    setRelayState                            0x000016bd   Thumb Code    88  rd_init.o(.text.setRelayState)
    sre0_interrupt                           0x00001715   Thumb Code     8  isr_bat32g139.o(.text.sre0_interrupt)
    sre1_interrupt                           0x00001721   Thumb Code     8  isr_bat32g139.o(.text.sre1_interrupt)
    sre2_interrupt                           0x0000172d   Thumb Code     8  isr_bat32g139.o(.text.sre2_interrupt)
    tm01h_interrupt                          0x00001739   Thumb Code     8  isr_bat32g139.o(.text.tm01h_interrupt)
    tm03h_interrupt                          0x00001745   Thumb Code     8  isr_bat32g139.o(.text.tm03h_interrupt)
    tm40_channel0_interrupt                  0x00001751   Thumb Code    40  tim4_user.o(.text.tm40_channel0_interrupt)
    tm40_channel1_interrupt                  0x0000178d   Thumb Code    40  tim4_user.o(.text.tm40_channel1_interrupt)
    tm40_channel2_interrupt                  0x000017c9   Thumb Code    40  tim4_user.o(.text.tm40_channel2_interrupt)
    tm40_channel3_interrupt                  0x00001805   Thumb Code    40  tim4_user.o(.text.tm40_channel3_interrupt)
    tm81_channel10_interrupt                 0x00001845   Thumb Code     8  isr_bat32g139.o(.text.tm81_channel10_interrupt)
    tm81_channel11_interrupt                 0x00001851   Thumb Code     8  isr_bat32g139.o(.text.tm81_channel11_interrupt)
    tm81_channel12_interrupt                 0x0000185d   Thumb Code     8  isr_bat32g139.o(.text.tm81_channel12_interrupt)
    tm81_channel13_interrupt                 0x00001869   Thumb Code     8  isr_bat32g139.o(.text.tm81_channel13_interrupt)
    tm81_channel14_interrupt                 0x00001875   Thumb Code     8  isr_bat32g139.o(.text.tm81_channel14_interrupt)
    tm81_channel15_interrupt                 0x00001881   Thumb Code     8  isr_bat32g139.o(.text.tm81_channel15_interrupt)
    tm81_channel16_interrupt                 0x0000188d   Thumb Code     8  isr_bat32g139.o(.text.tm81_channel16_interrupt)
    tm81_channel17_interrupt                 0x00001899   Thumb Code     8  isr_bat32g139.o(.text.tm81_channel17_interrupt)
    tma0_interrupt                           0x000018a5   Thumb Code     8  isr_bat32g139.o(.text.tma0_interrupt)
    tmb0_interrupt                           0x000018b1   Thumb Code     8  isr_bat32g139.o(.text.tmb0_interrupt)
    tmc_interrupt                            0x000018bd   Thumb Code     8  isr_bat32g139.o(.text.tmc_interrupt)
    tmm0_interrupt                           0x000018c9   Thumb Code   184  timm_user.o(.text.tmm0_interrupt)
    tmm1_interrupt                           0x000019a9   Thumb Code   184  timm_user.o(.text.tmm1_interrupt)
    uart0_interrupt_receive                  0x00001a89   Thumb Code    84  sci_user.o(.text.uart0_interrupt_receive)
    uart0_interrupt_send                     0x00001af5   Thumb Code    40  sci_user.o(.text.uart0_interrupt_send)
    uart1_interrupt_receive                  0x00001b39   Thumb Code    84  sci_user.o(.text.uart1_interrupt_receive)
    uart1_interrupt_send                     0x00001ba5   Thumb Code    48  sci_user.o(.text.uart1_interrupt_send)
    uart2_interrupt_receive                  0x00001bf1   Thumb Code    88  sci_user.o(.text.uart2_interrupt_receive)
    uart2_interrupt_send                     0x00001c61   Thumb Code    52  sci_user.o(.text.uart2_interrupt_send)
    uart3_interrupt_receive                  0x00001ca5   Thumb Code    84  sci_user.o(.text.uart3_interrupt_receive)
    uart3_interrupt_send                     0x00001d11   Thumb Code    44  sci_user.o(.text.uart3_interrupt_send)
    NMI_Handler                              0x00001d4d   Thumb Code    12  wdt_user.o(.text.wdt_interrupt)
    wdt_interrupt                            0x00001d4d   Thumb Code    12  wdt_user.o(.text.wdt_interrupt)
    __ARM_clz                                0x00001d5d   Thumb Code    46  depilogue.o(i.__ARM_clz)
    __scatterload_copy                       0x00001d8b   Thumb Code    14  handlers.o(i.__scatterload_copy)
    __scatterload_null                       0x00001d99   Thumb Code     2  handlers.o(i.__scatterload_null)
    __scatterload_zeroinit                   0x00001d9b   Thumb Code    14  handlers.o(i.__scatterload_zeroinit)
    EraseChip                                0x00001da9   Thumb Code    44  flash.o(ram_fetch_code)
    EraseSector                              0x00001dd9   Thumb Code    52  flash.o(ram_fetch_code)
    ProgramPage                              0x00001e11   Thumb Code    56  flash.o(ram_fetch_code)
    flash_interrupt                          0x00001e4d   Thumb Code     8  flash_user.o(ram_fetch_code)
    flash_write                              0x00001e59   Thumb Code   212  flash_user.o(ram_fetch_code)
    sps_tbl                                  0x00001f94   Data          32  sci.o(.rodata.sps_tbl)
    Region$$Table$$Base                      0x00001fb4   Number         0  anon$$obj.o(Region$$Table)
    Region$$Table$$Limit                     0x00001fc4   Number         0  anon$$obj.o(Region$$Table)
    AIReceiveUart                            0x20000000   Data           1  isr_bat32g139.o(.bss.AIReceiveUart)
    SystemCoreClock                          0x20000004   Data           4  system_bat32g139.o(.bss.SystemCoreClock)
    ai7688UartBuff                           0x20000008   Data         512  ringbuffer.o(.bss.ai7688UartBuff)
    ai7688UartRing                           0x20000208   Data          36  ringbuffer.o(.bss.ai7688UartRing)
    count_timer                              0x2000022c   Data           4  main.o(.bss.count_timer)
    data                                     0x20000230   Data           1  isr_bat32g139.o(.bss.data)
    data_tx1                                 0x20000231   Data           1  isr_bat32g139.o(.bss.data_tx1)
    data_tx2                                 0x20000232   Data           1  isr_bat32g139.o(.bss.data_tx2)
    g_WdtIntTaken                            0x20000234   Data           4  wdt_user.o(.bss.g_WdtIntTaken)
    g_intp0Taken                             0x20000238   Data           4  intp_user.o(.bss.g_intp0Taken)
    g_intp10Taken                            0x2000023c   Data           4  intp_user.o(.bss.g_intp10Taken)
    g_intp11Taken                            0x20000240   Data           4  intp_user.o(.bss.g_intp11Taken)
    g_intp1Taken                             0x20000244   Data           4  intp_user.o(.bss.g_intp1Taken)
    g_intp2Taken                             0x20000248   Data           4  intp_user.o(.bss.g_intp2Taken)
    g_intp3Taken                             0x2000024c   Data           4  intp_user.o(.bss.g_intp3Taken)
    g_intp4Taken                             0x20000250   Data           4  intp_user.o(.bss.g_intp4Taken)
    g_intp5Taken                             0x20000254   Data           4  intp_user.o(.bss.g_intp5Taken)
    g_intp6Taken                             0x20000258   Data           4  intp_user.o(.bss.g_intp6Taken)
    g_intp7Taken                             0x2000025c   Data           4  intp_user.o(.bss.g_intp7Taken)
    g_intp8Taken                             0x20000260   Data           4  intp_user.o(.bss.g_intp8Taken)
    g_intp9Taken                             0x20000264   Data           4  intp_user.o(.bss.g_intp9Taken)
    g_inttm00Taken                           0x20000268   Data           4  tim4_user.o(.bss.g_inttm00Taken)
    g_inttm01Taken                           0x2000026c   Data           4  tim4_user.o(.bss.g_inttm01Taken)
    g_inttm02Taken                           0x20000270   Data           4  tim4_user.o(.bss.g_inttm02Taken)
    g_inttm03Taken                           0x20000274   Data           4  tim4_user.o(.bss.g_inttm03Taken)
    g_ticks                                  0x20000278   Data           4  main.o(.bss.g_ticks)
    g_tm40_ch0_width                         0x2000027c   Data           4  tim4_user.o(.bss.g_tm40_ch0_width)
    g_tm40_ch1_width                         0x20000280   Data           4  tim4_user.o(.bss.g_tm40_ch1_width)
    g_tm40_ch2_width                         0x20000284   Data           4  tim4_user.o(.bss.g_tm40_ch2_width)
    g_tm40_ch3_width                         0x20000288   Data           4  tim4_user.o(.bss.g_tm40_ch3_width)
    g_tmm0_active_width_a                    0x2000028c   Data           4  timm_user.o(.bss.g_tmm0_active_width_a)
    g_tmm0_active_width_b                    0x20000290   Data           4  timm_user.o(.bss.g_tmm0_active_width_b)
    g_tmm0_intTaken_a                        0x20000294   Data           2  timm_user.o(.bss.g_tmm0_intTaken_a)
    g_tmm0_intTaken_b                        0x20000296   Data           2  timm_user.o(.bss.g_tmm0_intTaken_b)
    g_tmm0_overflow_count_a                  0x20000298   Data           4  timm_user.o(.bss.g_tmm0_overflow_count_a)
    g_tmm0_overflow_count_b                  0x2000029c   Data           4  timm_user.o(.bss.g_tmm0_overflow_count_b)
    g_tmm1_active_width_a                    0x200002a0   Data           4  timm_user.o(.bss.g_tmm1_active_width_a)
    g_tmm1_active_width_b                    0x200002a4   Data           4  timm_user.o(.bss.g_tmm1_active_width_b)
    g_tmm1_intTaken_a                        0x200002a8   Data           2  timm_user.o(.bss.g_tmm1_intTaken_a)
    g_tmm1_intTaken_b                        0x200002aa   Data           2  timm_user.o(.bss.g_tmm1_intTaken_b)
    g_tmm1_overflow_count_a                  0x200002ac   Data           4  timm_user.o(.bss.g_tmm1_overflow_count_a)
    g_tmm1_overflow_count_b                  0x200002b0   Data           4  timm_user.o(.bss.g_tmm1_overflow_count_b)
    g_uart0_rx_count                         0x200002b4   Data           2  sci.o(.bss.g_uart0_rx_count)
    g_uart0_rx_length                        0x200002b6   Data           2  sci.o(.bss.g_uart0_rx_length)
    g_uart0_tx_count                         0x200002b8   Data           2  sci.o(.bss.g_uart0_tx_count)
    g_uart1_rx_count                         0x200002ba   Data           2  sci.o(.bss.g_uart1_rx_count)
    g_uart1_rx_length                        0x200002bc   Data           2  sci.o(.bss.g_uart1_rx_length)
    g_uart1_tx_count                         0x200002be   Data           2  sci.o(.bss.g_uart1_tx_count)
    g_uart2_rx_count                         0x200002c0   Data           2  sci.o(.bss.g_uart2_rx_count)
    g_uart2_rx_length                        0x200002c2   Data           2  sci.o(.bss.g_uart2_rx_length)
    g_uart2_tx_count                         0x200002c4   Data           2  sci.o(.bss.g_uart2_tx_count)
    g_uart3_rx_count                         0x200002c6   Data           2  sci.o(.bss.g_uart3_rx_count)
    g_uart3_rx_length                        0x200002c8   Data           2  sci.o(.bss.g_uart3_rx_length)
    g_uart3_tx_count                         0x200002ca   Data           2  sci.o(.bss.g_uart3_tx_count)
    gp_uart0_rx_address                      0x200002cc   Data           4  sci.o(.bss.gp_uart0_rx_address)
    gp_uart0_tx_address                      0x200002d0   Data           4  sci.o(.bss.gp_uart0_tx_address)
    gp_uart1_rx_address                      0x200002d4   Data           4  sci.o(.bss.gp_uart1_rx_address)
    gp_uart1_tx_address                      0x200002d8   Data           4  sci.o(.bss.gp_uart1_tx_address)
    gp_uart2_rx_address                      0x200002dc   Data           4  sci.o(.bss.gp_uart2_rx_address)
    gp_uart2_tx_address                      0x200002e0   Data           4  sci.o(.bss.gp_uart2_tx_address)
    gp_uart3_rx_address                      0x200002e4   Data           4  sci.o(.bss.gp_uart3_rx_address)
    gp_uart3_tx_address                      0x200002e8   Data           4  sci.o(.bss.gp_uart3_tx_address)
    modbusUartRing                           0x200002ec   Data          36  ringbuffer.o(.bss.modbusUartRing)
    rdRelay                                  0x20000310   Data           1  ai7688.o(.bss.rdRelay)
    readData                                 0x20000311   Data          16  ai7688.o(.bss.readData)
    uart1_is_busy                            0x20000321   Data           1  sci.o(.bss.uart1_is_busy)
    uart2_is_busy                            0x20000322   Data           1  sci.o(.bss.uart2_is_busy)
    __initial_sp                             0x20000728   Data           0  startup_bat32g139.o(STACK)



==============================================================================

Memory Map of the image

  Image Entry point : 0x000000c5

  Load Region LR_IROM1 (Base: 0x00000000, Size: 0x00001fc4, Max: 0x00040000, ABSOLUTE)

    Execution Region ER_IROM1 (Exec base: 0x00000000, Load base: 0x00000000, Size: 0x00001fc4, Max: 0x00040000, ABSOLUTE)

    Exec Addr    Load Addr    Size         Type   Attr      Idx    E Section Name        Object

    0x00000000   0x00000000   0x000000c0   Data   RO         1262    RESET               startup_bat32g139.o
    0x000000c0   0x000000c0   0x00000004   Data   RO         1278    .ARM.__AT_0x000000C0  system_bat32g139.o
    0x000000c4   0x000000c4   0x00000000   Code   RO         1288  * .ARM.Collect$$$$00000000  mc_p.l(entry.o)
    0x000000c4   0x000000c4   0x00000004   Code   RO         1337    .ARM.Collect$$$$00000001  mc_p.l(entry2.o)
    0x000000c8   0x000000c8   0x00000004   Code   RO         1340    .ARM.Collect$$$$00000004  mc_p.l(entry5.o)
    0x000000cc   0x000000cc   0x00000000   Code   RO         1342    .ARM.Collect$$$$00000008  mc_p.l(entry7b.o)
    0x000000cc   0x000000cc   0x00000000   Code   RO         1344    .ARM.Collect$$$$0000000A  mc_p.l(entry8b.o)
    0x000000cc   0x000000cc   0x00000008   Code   RO         1345    .ARM.Collect$$$$0000000B  mc_p.l(entry9a.o)
    0x000000d4   0x000000d4   0x00000000   Code   RO         1347    .ARM.Collect$$$$0000000D  mc_p.l(entry10a.o)
    0x000000d4   0x000000d4   0x00000000   Code   RO         1349    .ARM.Collect$$$$0000000F  mc_p.l(entry11a.o)
    0x000000d4   0x000000d4   0x00000004   Code   RO         1338    .ARM.Collect$$$$00002712  mc_p.l(entry2.o)
    0x000000d8   0x000000d8   0x00000064   Code   RO         1263    .text               startup_bat32g139.o
    0x0000013c   0x0000013c   0x00000024   Code   RO         1297    .text               mc_p.l(memcpya.o)
    0x00000160   0x00000160   0x000000d0   Code   RO         1329    .text               mf_p.l(dmul.o)
    0x00000230   0x00000230   0x000000f0   Code   RO         1331    .text               mf_p.l(ddiv.o)
    0x00000320   0x00000320   0x0000001c   Code   RO         1333    .text               mf_p.l(dfltui.o)
    0x0000033c   0x0000033c   0x00000048   Code   RO         1335    .text               mf_p.l(dfixi.o)
    0x00000384   0x00000384   0x0000003e   Code   RO         1355    .text               mc_p.l(uidiv_div0.o)
    0x000003c2   0x000003c2   0x00000022   Code   RO         1361    .text               mc_p.l(llushr.o)
    0x000003e4   0x000003e4   0x00000000   Code   RO         1365    .text               mc_p.l(iusefp.o)
    0x000003e4   0x000003e4   0x000000be   Code   RO         1366    .text               mf_p.l(depilogue.o)
    0x000004a2   0x000004a2   0x00000002   PAD
    0x000004a4   0x000004a4   0x00000024   Code   RO         1370    .text               mc_p.l(init.o)
    0x000004c8   0x000004c8   0x00000020   Code   RO         1372    .text               mc_p.l(llshl.o)
    0x000004e8   0x000004e8   0x00000020   Code   RO          122    .text.Ai7688MessageHandle  ai7688.o
    0x00000508   0x00000508   0x00000178   Code   RO          108    .text.AiUartRead    ai7688.o
    0x00000680   0x00000680   0x0000000c   Code   RO         1102    .text.CAN0Err_Interrupt  isr_bat32g139.o
    0x0000068c   0x0000068c   0x0000000c   Code   RO         1202    .text.CAN0Rec_Interrupt  isr_bat32g139.o
    0x00000698   0x00000698   0x0000000c   Code   RO         1214    .text.CAN0Trx_Interrupt  isr_bat32g139.o
    0x000006a4   0x000006a4   0x0000000c   Code   RO         1208    .text.CAN0Wup_Interrupt  isr_bat32g139.o
    0x000006b0   0x000006b0   0x0000000c   Code   RO         1220    .text.CAN1Err_Interrupt  isr_bat32g139.o
    0x000006bc   0x000006bc   0x0000000c   Code   RO         1234    .text.CAN1Rec_Interrupt  isr_bat32g139.o
    0x000006c8   0x000006c8   0x0000000c   Code   RO         1246    .text.CAN1Trx_Interrupt  isr_bat32g139.o
    0x000006d4   0x000006d4   0x0000000c   Code   RO         1240    .text.CAN1Wup_Interrupt  isr_bat32g139.o
    0x000006e0   0x000006e0   0x00000030   Code   RO         1272    .text.CLK_GetCoreFreq  system_bat32g139.o
    0x00000710   0x00000710   0x00000028   Code   RO         1034    .text.IRQ00_Handler  isr_bat32g139.o
    0x00000738   0x00000738   0x00000020   Code   RO         1040    .text.IRQ01_Handler  isr_bat32g139.o
    0x00000758   0x00000758   0x00000020   Code   RO         1046    .text.IRQ02_Handler  isr_bat32g139.o
    0x00000778   0x00000778   0x00000020   Code   RO         1052    .text.IRQ03_Handler  isr_bat32g139.o
    0x00000798   0x00000798   0x00000020   Code   RO         1058    .text.IRQ04_Handler  isr_bat32g139.o
    0x000007b8   0x000007b8   0x00000020   Code   RO         1064    .text.IRQ05_Handler  isr_bat32g139.o
    0x000007d8   0x000007d8   0x00000020   Code   RO         1070    .text.IRQ06_Handler  isr_bat32g139.o
    0x000007f8   0x000007f8   0x00000020   Code   RO         1084    .text.IRQ07_Handler  isr_bat32g139.o
    0x00000818   0x00000818   0x00000044   Code   RO         1098    .text.IRQ08_Handler  isr_bat32g139.o
    0x0000085c   0x0000085c   0x00000020   Code   RO         1104    .text.IRQ09_Handler  isr_bat32g139.o
    0x0000087c   0x0000087c   0x00000014   Code   RO         1112    .text.IRQ10_Handler  isr_bat32g139.o
    0x00000890   0x00000890   0x00000024   Code   RO         1120    .text.IRQ11_Handler  isr_bat32g139.o
    0x000008b4   0x000008b4   0x00000020   Code   RO         1126    .text.IRQ12_Handler  isr_bat32g139.o
    0x000008d4   0x000008d4   0x00000014   Code   RO         1134    .text.IRQ13_Handler  isr_bat32g139.o
    0x000008e8   0x000008e8   0x00000030   Code   RO         1142    .text.IRQ14_Handler  isr_bat32g139.o
    0x00000918   0x00000918   0x00000020   Code   RO         1148    .text.IRQ15_Handler  isr_bat32g139.o
    0x00000938   0x00000938   0x00000028   Code   RO         1156    .text.IRQ16_Handler  isr_bat32g139.o
    0x00000960   0x00000960   0x00000028   Code   RO         1164    .text.IRQ17_Handler  isr_bat32g139.o
    0x00000988   0x00000988   0x00000028   Code   RO         1172    .text.IRQ18_Handler  isr_bat32g139.o
    0x000009b0   0x000009b0   0x00000028   Code   RO         1180    .text.IRQ19_Handler  isr_bat32g139.o
    0x000009d8   0x000009d8   0x00000028   Code   RO         1188    .text.IRQ20_Handler  isr_bat32g139.o
    0x00000a00   0x00000a00   0x00000014   Code   RO         1192    .text.IRQ21_Handler  isr_bat32g139.o
    0x00000a14   0x00000a14   0x00000020   Code   RO         1198    .text.IRQ22_Handler  isr_bat32g139.o
    0x00000a34   0x00000a34   0x00000020   Code   RO         1204    .text.IRQ23_Handler  isr_bat32g139.o
    0x00000a54   0x00000a54   0x00000020   Code   RO         1210    .text.IRQ24_Handler  isr_bat32g139.o
    0x00000a74   0x00000a74   0x00000020   Code   RO         1216    .text.IRQ25_Handler  isr_bat32g139.o
    0x00000a94   0x00000a94   0x00000020   Code   RO         1222    .text.IRQ26_Handler  isr_bat32g139.o
    0x00000ab4   0x00000ab4   0x00000014   Code   RO         1226    .text.IRQ27_Handler  isr_bat32g139.o
    0x00000ac8   0x00000ac8   0x00000014   Code   RO         1230    .text.IRQ28_Handler  isr_bat32g139.o
    0x00000adc   0x00000adc   0x00000020   Code   RO         1236    .text.IRQ29_Handler  isr_bat32g139.o
    0x00000afc   0x00000afc   0x00000020   Code   RO         1242    .text.IRQ30_Handler  isr_bat32g139.o
    0x00000b1c   0x00000b1c   0x00000020   Code   RO         1248    .text.IRQ31_Handler  isr_bat32g139.o
    0x00000b3c   0x00000b3c   0x00000100   Code   RO          622    .text.PORT_Init     gpio.o
    0x00000c3c   0x00000c3c   0x00000018   Code   RO           50    .text.RD_init_ring  rd_init.o
    0x00000c54   0x00000c54   0x00000020   Code   RO            8    .text.SysTick_Config  main.o
    0x00000c74   0x00000c74   0x0000001c   Code   RO           12    .text.SysTick_Handler  main.o
    0x00000c90   0x00000c90   0x0000000c   Code   RO         1274    .text.SystemCoreClockUpdate  system_bat32g139.o
    0x00000c9c   0x00000c9c   0x0000006c   Code   RO         1276    .text.SystemInit    system_bat32g139.o
    0x00000d08   0x00000d08   0x00000010   Code   RO          973    .text.TM40_Channel_Start  tim4.o
    0x00000d18   0x00000d18   0x00000080   Code   RO          989    .text.TM40_PWM_1Period_1Duty  tim4.o
    0x00000d98   0x00000d98   0x00000048   Code   RO          136    .text.UART0_BaudRate  sci.o
    0x00000de0   0x00000de0   0x000000b4   Code   RO          134    .text.UART0_Init    sci.o
    0x00000e94   0x00000e94   0x00000034   Code   RO          212    .text.UART1_BaudRate  sci.o
    0x00000ec8   0x00000ec8   0x000000dc   Code   RO          210    .text.UART1_Init    sci.o
    0x00000fa4   0x00000fa4   0x00000044   Code   RO          214    .text.UART1_Start   sci.o
    0x00000fe8   0x00000fe8   0x00000034   Code   RO          284    .text.UART2_BaudRate  sci.o
    0x0000101c   0x0000101c   0x000000fc   Code   RO          282    .text.UART2_Init    sci.o
    0x00001118   0x00001118   0x00000054   Code   RO          292    .text.UART2_Send    sci.o
    0x0000116c   0x0000116c   0x00000044   Code   RO          286    .text.UART2_Start   sci.o
    0x000011b0   0x000011b0   0x00000078   Code   RO          138    .text.UART_BaudRateCal  sci.o
    0x00001228   0x00001228   0x0000000c   Code   RO          844    .text.WDT_Restart   wdt.o
    0x00001234   0x00001234   0x00000010   Code   RO          150    .text.__NVIC_ClearPendingIRQ  sci.o
    0x00001244   0x00001244   0x00000010   Code   RO          763    .text.__NVIC_ClearPendingIRQ  sci_user.o
    0x00001254   0x00001254   0x00000018   Code   RO           14    .text.__NVIC_SetPriority  main.o
    0x0000126c   0x0000126c   0x0000000c   Code   RO         1190    .text.adc_interrupt  isr_bat32g139.o
    0x00001278   0x00001278   0x0000000c   Code   RO         1206    .text.cmp0_interrupt  isr_bat32g139.o
    0x00001284   0x00001284   0x0000000c   Code   RO         1212    .text.cmp1_interrupt  isr_bat32g139.o
    0x00001290   0x00001290   0x00000068   Code   RO           60    .text.controlAllRelay  rd_init.o
    0x000012f8   0x000012f8   0x00000008   Code   RO          116    .text.controlAllRelayState  ai7688.o
    0x00001300   0x00001300   0x00000034   Code   RO          118    .text.controlPWM    ai7688.o
    0x00001334   0x00001334   0x00000018   Code   RO          112    .text.controlSingleRelayState  ai7688.o
    0x0000134c   0x0000134c   0x00000016   Code   RO          110    .text.createCheckSum  ai7688.o
    0x00001362   0x00001362   0x00000002   PAD
    0x00001364   0x00001364   0x0000000c   Code   RO         1152    .text.div_interrupt  isr_bat32g139.o
    0x00001370   0x00001370   0x00000014   Code   RO          624    .text.gpio_write    gpio.o
    0x00001384   0x00001384   0x0000000c   Code   RO         1150    .text.iica0_interrupt  isr_bat32g139.o
    0x00001390   0x00001390   0x0000000c   Code   RO         1154    .text.iica1_interrupt  isr_bat32g139.o
    0x0000139c   0x0000139c   0x00000010   Code   RO          650    .text.intp0_callback  intp_user.o
    0x000013ac   0x000013ac   0x00000014   Code   RO          648    .text.intp0_interrupt  intp_user.o
    0x000013c0   0x000013c0   0x00000010   Code   RO          686    .text.intp10_callback  intp_user.o
    0x000013d0   0x000013d0   0x00000014   Code   RO          684    .text.intp10_interrupt  intp_user.o
    0x000013e4   0x000013e4   0x00000010   Code   RO          694    .text.intp11_callback  intp_user.o
    0x000013f4   0x000013f4   0x00000014   Code   RO          692    .text.intp11_interrupt  intp_user.o
    0x00001408   0x00001408   0x00000010   Code   RO          658    .text.intp1_callback  intp_user.o
    0x00001418   0x00001418   0x00000014   Code   RO          656    .text.intp1_interrupt  intp_user.o
    0x0000142c   0x0000142c   0x00000010   Code   RO          666    .text.intp2_callback  intp_user.o
    0x0000143c   0x0000143c   0x00000014   Code   RO          664    .text.intp2_interrupt  intp_user.o
    0x00001450   0x00001450   0x00000010   Code   RO          674    .text.intp3_callback  intp_user.o
    0x00001460   0x00001460   0x00000014   Code   RO          672    .text.intp3_interrupt  intp_user.o
    0x00001474   0x00001474   0x00000010   Code   RO          682    .text.intp4_callback  intp_user.o
    0x00001484   0x00001484   0x00000014   Code   RO          680    .text.intp4_interrupt  intp_user.o
    0x00001498   0x00001498   0x00000010   Code   RO          690    .text.intp5_callback  intp_user.o
    0x000014a8   0x000014a8   0x00000014   Code   RO          688    .text.intp5_interrupt  intp_user.o
    0x000014bc   0x000014bc   0x00000010   Code   RO          654    .text.intp6_callback  intp_user.o
    0x000014cc   0x000014cc   0x00000014   Code   RO          652    .text.intp6_interrupt  intp_user.o
    0x000014e0   0x000014e0   0x00000010   Code   RO          662    .text.intp7_callback  intp_user.o
    0x000014f0   0x000014f0   0x00000014   Code   RO          660    .text.intp7_interrupt  intp_user.o
    0x00001504   0x00001504   0x00000010   Code   RO          670    .text.intp8_callback  intp_user.o
    0x00001514   0x00001514   0x00000014   Code   RO          668    .text.intp8_interrupt  intp_user.o
    0x00001528   0x00001528   0x00000010   Code   RO          678    .text.intp9_callback  intp_user.o
    0x00001538   0x00001538   0x00000014   Code   RO          676    .text.intp9_interrupt  intp_user.o
    0x0000154c   0x0000154c   0x0000000c   Code   RO         1196    .text.it_interrupt  isr_bat32g139.o
    0x00001558   0x00001558   0x0000000c   Code   RO         1200    .text.key_interrupt  isr_bat32g139.o
    0x00001564   0x00001564   0x0000000c   Code   RO         1028    .text.lvi_interrupt  isr_bat32g139.o
    0x00001570   0x00001570   0x00000084   Code   RO            6    .text.main          main.o
    0x000015f4   0x000015f4   0x0000000c   Code   RO         1032    .text.ocrv_interrupt  isr_bat32g139.o
    0x00001600   0x00001600   0x0000000c   Code   RO         1030    .text.osdc_interrupt  isr_bat32g139.o
    0x0000160c   0x0000160c   0x00000008   Code   RO          114    .text.respondToAi7688  ai7688.o
    0x00001614   0x00001614   0x00000020   Code   RO           28    .text.ring_init     ringbuffer.o
    0x00001634   0x00001634   0x00000036   Code   RO           34    .text.ring_pop_tail  ringbuffer.o
    0x0000166a   0x0000166a   0x00000002   PAD
    0x0000166c   0x0000166c   0x00000044   Code   RO           32    .text.ring_push_head  ringbuffer.o
    0x000016b0   0x000016b0   0x0000000c   Code   RO         1194    .text.rtc_interrupt  isr_bat32g139.o
    0x000016bc   0x000016bc   0x00000058   Code   RO           54    .text.setRelayState  rd_init.o
    0x00001714   0x00001714   0x0000000c   Code   RO         1122    .text.sre0_interrupt  isr_bat32g139.o
    0x00001720   0x00001720   0x0000000c   Code   RO         1144    .text.sre1_interrupt  isr_bat32g139.o
    0x0000172c   0x0000172c   0x0000000c   Code   RO         1100    .text.sre2_interrupt  isr_bat32g139.o
    0x00001738   0x00001738   0x0000000c   Code   RO         1124    .text.tm01h_interrupt  isr_bat32g139.o
    0x00001744   0x00001744   0x0000000c   Code   RO         1146    .text.tm03h_interrupt  isr_bat32g139.o
    0x00001750   0x00001750   0x0000003c   Code   RO         1005    .text.tm40_channel0_interrupt  tim4_user.o
    0x0000178c   0x0000178c   0x0000003c   Code   RO         1007    .text.tm40_channel1_interrupt  tim4_user.o
    0x000017c8   0x000017c8   0x0000003c   Code   RO         1009    .text.tm40_channel2_interrupt  tim4_user.o
    0x00001804   0x00001804   0x00000040   Code   RO         1011    .text.tm40_channel3_interrupt  tim4_user.o
    0x00001844   0x00001844   0x0000000c   Code   RO         1160    .text.tm81_channel10_interrupt  isr_bat32g139.o
    0x00001850   0x00001850   0x0000000c   Code   RO         1168    .text.tm81_channel11_interrupt  isr_bat32g139.o
    0x0000185c   0x0000185c   0x0000000c   Code   RO         1176    .text.tm81_channel12_interrupt  isr_bat32g139.o
    0x00001868   0x00001868   0x0000000c   Code   RO         1184    .text.tm81_channel13_interrupt  isr_bat32g139.o
    0x00001874   0x00001874   0x0000000c   Code   RO         1162    .text.tm81_channel14_interrupt  isr_bat32g139.o
    0x00001880   0x00001880   0x0000000c   Code   RO         1170    .text.tm81_channel15_interrupt  isr_bat32g139.o
    0x0000188c   0x0000188c   0x0000000c   Code   RO         1178    .text.tm81_channel16_interrupt  isr_bat32g139.o
    0x00001898   0x00001898   0x0000000c   Code   RO         1186    .text.tm81_channel17_interrupt  isr_bat32g139.o
    0x000018a4   0x000018a4   0x0000000c   Code   RO         1218    .text.tma0_interrupt  isr_bat32g139.o
    0x000018b0   0x000018b0   0x0000000c   Code   RO         1232    .text.tmb0_interrupt  isr_bat32g139.o
    0x000018bc   0x000018bc   0x0000000c   Code   RO         1238    .text.tmc_interrupt  isr_bat32g139.o
    0x000018c8   0x000018c8   0x000000e0   Code   RO          925    .text.tmm0_interrupt  timm_user.o
    0x000019a8   0x000019a8   0x000000e0   Code   RO          927    .text.tmm1_interrupt  timm_user.o
    0x00001a88   0x00001a88   0x0000006c   Code   RO          715    .text.uart0_interrupt_receive  sci_user.o
    0x00001af4   0x00001af4   0x00000038   Code   RO          717    .text.uart0_interrupt_send  sci_user.o
    0x00001b2c   0x00001b2c   0x0000000c   Code   RO          747    .text.uart1_callback_sendend  sci_user.o
    0x00001b38   0x00001b38   0x0000006c   Code   RO          743    .text.uart1_interrupt_receive  sci_user.o
    0x00001ba4   0x00001ba4   0x00000040   Code   RO          745    .text.uart1_interrupt_send  sci_user.o
    0x00001be4   0x00001be4   0x0000000c   Code   RO          767    .text.uart2_callback_sendend  sci_user.o
    0x00001bf0   0x00001bf0   0x00000070   Code   RO          761    .text.uart2_interrupt_receive  sci_user.o
    0x00001c60   0x00001c60   0x00000044   Code   RO          765    .text.uart2_interrupt_send  sci_user.o
    0x00001ca4   0x00001ca4   0x0000006c   Code   RO          793    .text.uart3_interrupt_receive  sci_user.o
    0x00001d10   0x00001d10   0x0000003c   Code   RO          795    .text.uart3_interrupt_send  sci_user.o
    0x00001d4c   0x00001d4c   0x00000010   Code   RO          852    .text.wdt_interrupt  wdt_user.o
    0x00001d5c   0x00001d5c   0x0000002e   Code   RO         1368    i.__ARM_clz         mf_p.l(depilogue.o)
    0x00001d8a   0x00001d8a   0x0000000e   Code   RO         1376    i.__scatterload_copy  mc_p.l(handlers.o)
    0x00001d98   0x00001d98   0x00000002   Code   RO         1377    i.__scatterload_null  mc_p.l(handlers.o)
    0x00001d9a   0x00001d9a   0x0000000e   Code   RO         1378    i.__scatterload_zeroinit  mc_p.l(handlers.o)
    0x00001da8   0x00001da8   0x000000a4   Code   RO          588    ram_fetch_code      flash.o
    0x00001e4c   0x00001e4c   0x000000e4   Code   RO          597    ram_fetch_code      flash_user.o
    0x00001f30   0x00001f30   0x00000064   Data   RO         1280    .rodata..Lswitch.table.CLK_GetCoreFreq  system_bat32g139.o
    0x00001f94   0x00001f94   0x00000020   Data   RO          424    .rodata.sps_tbl     sci.o
    0x00001fb4   0x00001fb4   0x00000010   Data   RO         1375    Region$$Table       anon$$obj.o


    Execution Region RW_IRAM1 (Exec base: 0x20000000, Load base: 0x00001fc4, Size: 0x00000728, Max: 0x00008000, ABSOLUTE)

    Exec Addr    Load Addr    Size         Type   Attr      Idx    E Section Name        Object

    0x20000000        -       0x00000001   Zero   RW         1250    .bss.AIReceiveUart  isr_bat32g139.o
    0x20000001   0x00001fc4   0x00000003   PAD
    0x20000004        -       0x00000004   Zero   RW         1279    .bss.SystemCoreClock  system_bat32g139.o
    0x20000008        -       0x00000200   Zero   RW           37    .bss.ai7688UartBuff  ringbuffer.o
    0x20000208        -       0x00000024   Zero   RW           40    .bss.ai7688UartRing  ringbuffer.o
    0x2000022c        -       0x00000004   Zero   RW           18    .bss.count_timer    main.o
    0x20000230        -       0x00000001   Zero   RW         1252    .bss.data           isr_bat32g139.o
    0x20000231        -       0x00000001   Zero   RW         1253    .bss.data_tx1       isr_bat32g139.o
    0x20000232        -       0x00000001   Zero   RW         1251    .bss.data_tx2       isr_bat32g139.o
    0x20000233   0x00001fc4   0x00000001   PAD
    0x20000234        -       0x00000004   Zero   RW          854    .bss.g_WdtIntTaken  wdt_user.o
    0x20000238        -       0x00000004   Zero   RW          696    .bss.g_intp0Taken   intp_user.o
    0x2000023c        -       0x00000004   Zero   RW          706    .bss.g_intp10Taken  intp_user.o
    0x20000240        -       0x00000004   Zero   RW          707    .bss.g_intp11Taken  intp_user.o
    0x20000244        -       0x00000004   Zero   RW          697    .bss.g_intp1Taken   intp_user.o
    0x20000248        -       0x00000004   Zero   RW          698    .bss.g_intp2Taken   intp_user.o
    0x2000024c        -       0x00000004   Zero   RW          699    .bss.g_intp3Taken   intp_user.o
    0x20000250        -       0x00000004   Zero   RW          700    .bss.g_intp4Taken   intp_user.o
    0x20000254        -       0x00000004   Zero   RW          701    .bss.g_intp5Taken   intp_user.o
    0x20000258        -       0x00000004   Zero   RW          702    .bss.g_intp6Taken   intp_user.o
    0x2000025c        -       0x00000004   Zero   RW          703    .bss.g_intp7Taken   intp_user.o
    0x20000260        -       0x00000004   Zero   RW          704    .bss.g_intp8Taken   intp_user.o
    0x20000264        -       0x00000004   Zero   RW          705    .bss.g_intp9Taken   intp_user.o
    0x20000268        -       0x00000004   Zero   RW         1017    .bss.g_inttm00Taken  tim4_user.o
    0x2000026c        -       0x00000004   Zero   RW         1018    .bss.g_inttm01Taken  tim4_user.o
    0x20000270        -       0x00000004   Zero   RW         1019    .bss.g_inttm02Taken  tim4_user.o
    0x20000274        -       0x00000004   Zero   RW         1020    .bss.g_inttm03Taken  tim4_user.o
    0x20000278        -       0x00000004   Zero   RW           17    .bss.g_ticks        main.o
    0x2000027c        -       0x00000004   Zero   RW         1013    .bss.g_tm40_ch0_width  tim4_user.o
    0x20000280        -       0x00000004   Zero   RW         1014    .bss.g_tm40_ch1_width  tim4_user.o
    0x20000284        -       0x00000004   Zero   RW         1015    .bss.g_tm40_ch2_width  tim4_user.o
    0x20000288        -       0x00000004   Zero   RW         1016    .bss.g_tm40_ch3_width  tim4_user.o
    0x2000028c        -       0x00000004   Zero   RW          939    .bss.g_tmm0_active_width_a  timm_user.o
    0x20000290        -       0x00000004   Zero   RW          940    .bss.g_tmm0_active_width_b  timm_user.o
    0x20000294        -       0x00000002   Zero   RW          937    .bss.g_tmm0_intTaken_a  timm_user.o
    0x20000296        -       0x00000002   Zero   RW          938    .bss.g_tmm0_intTaken_b  timm_user.o
    0x20000298        -       0x00000004   Zero   RW          944    .bss.g_tmm0_overflow_count_a  timm_user.o
    0x2000029c        -       0x00000004   Zero   RW          945    .bss.g_tmm0_overflow_count_b  timm_user.o
    0x200002a0        -       0x00000004   Zero   RW          948    .bss.g_tmm1_active_width_a  timm_user.o
    0x200002a4        -       0x00000004   Zero   RW          949    .bss.g_tmm1_active_width_b  timm_user.o
    0x200002a8        -       0x00000002   Zero   RW          946    .bss.g_tmm1_intTaken_a  timm_user.o
    0x200002aa        -       0x00000002   Zero   RW          947    .bss.g_tmm1_intTaken_b  timm_user.o
    0x200002ac        -       0x00000004   Zero   RW          953    .bss.g_tmm1_overflow_count_a  timm_user.o
    0x200002b0        -       0x00000004   Zero   RW          954    .bss.g_tmm1_overflow_count_b  timm_user.o
    0x200002b4        -       0x00000002   Zero   RW          425    .bss.g_uart0_rx_count  sci.o
    0x200002b6        -       0x00000002   Zero   RW          426    .bss.g_uart0_rx_length  sci.o
    0x200002b8        -       0x00000002   Zero   RW          529    .bss.g_uart0_tx_count  sci.o
    0x200002ba        -       0x00000002   Zero   RW          449    .bss.g_uart1_rx_count  sci.o
    0x200002bc        -       0x00000002   Zero   RW          450    .bss.g_uart1_rx_length  sci.o
    0x200002be        -       0x00000002   Zero   RW          454    .bss.g_uart1_tx_count  sci.o
    0x200002c0        -       0x00000002   Zero   RW          477    .bss.g_uart2_rx_count  sci.o
    0x200002c2        -       0x00000002   Zero   RW          478    .bss.g_uart2_rx_length  sci.o
    0x200002c4        -       0x00000002   Zero   RW          482    .bss.g_uart2_tx_count  sci.o
    0x200002c6        -       0x00000002   Zero   RW          503    .bss.g_uart3_rx_count  sci.o
    0x200002c8        -       0x00000002   Zero   RW          504    .bss.g_uart3_rx_length  sci.o
    0x200002ca        -       0x00000002   Zero   RW          507    .bss.g_uart3_tx_count  sci.o
    0x200002cc        -       0x00000004   Zero   RW          427    .bss.gp_uart0_rx_address  sci.o
    0x200002d0        -       0x00000004   Zero   RW          528    .bss.gp_uart0_tx_address  sci.o
    0x200002d4        -       0x00000004   Zero   RW          451    .bss.gp_uart1_rx_address  sci.o
    0x200002d8        -       0x00000004   Zero   RW          453    .bss.gp_uart1_tx_address  sci.o
    0x200002dc        -       0x00000004   Zero   RW          479    .bss.gp_uart2_rx_address  sci.o
    0x200002e0        -       0x00000004   Zero   RW          481    .bss.gp_uart2_tx_address  sci.o
    0x200002e4        -       0x00000004   Zero   RW          505    .bss.gp_uart3_rx_address  sci.o
    0x200002e8        -       0x00000004   Zero   RW          506    .bss.gp_uart3_tx_address  sci.o
    0x200002ec        -       0x00000024   Zero   RW           39    .bss.modbusUartRing  ringbuffer.o
    0x20000310        -       0x00000001   Zero   RW          125    .bss.rdRelay        ai7688.o
    0x20000311        -       0x00000010   Zero   RW          124    .bss.readData       ai7688.o
    0x20000321        -       0x00000001   Zero   RW          452    .bss.uart1_is_busy  sci.o
    0x20000322        -       0x00000001   Zero   RW          480    .bss.uart2_is_busy  sci.o
    0x20000323   0x00001fc4   0x00000005   PAD
    0x20000328        -       0x00000400   Zero   RW         1260    STACK               startup_bat32g139.o


==============================================================================

Image component sizes


      Code (inc. data)   RO Data    RW Data    ZI Data      Debug   Object Name

       522         20          0          0         17       3710   ai7688.o
       164         12          0          0          0       1517   flash.o
       228          8          0          0          0       3784   flash_user.o
       276         36          0          0          0       5933   gpio.o
       432         96          0          0         48       5116   intp_user.o
      1500        308          0          0          4      14496   isr_bat32g139.o
       216         36          0          0          8       5112   main.o
       216          8          0          0          0       5728   rd_init.o
       154          8          0          0        584       2070   ringbuffer.o
      1184        140         32          0         58      52532   sci.o
       724        172          0          0          0      15122   sci_user.o
       100         10        192          0       1024       2048   startup_bat32g139.o
       168         44        104          0          4       3374   system_bat32g139.o
       144         20          0          0          0      14400   tim4.o
       244         84          0          0         32       4093   tim4_user.o
       448         80          0          0         40       8939   timm_user.o
        12          4          0          0          0        692   wdt.o
        16          4          0          0          4        527   wdt_user.o

    ----------------------------------------------------------------------
      6752       1090        344          0       1832     149193   Object Totals
         0          0         16          0          0          0   (incl. Generated)
         4          0          0          0          9          0   (incl. Padding)

    ----------------------------------------------------------------------

      Code (inc. data)   RO Data    RW Data    ZI Data      Debug   Library Member Name

         0          0          0          0          0          0   entry.o
         0          0          0          0          0          0   entry10a.o
         0          0          0          0          0          0   entry11a.o
         8          4          0          0          0          0   entry2.o
         4          0          0          0          0          0   entry5.o
         0          0          0          0          0          0   entry7b.o
         0          0          0          0          0          0   entry8b.o
         8          4          0          0          0          0   entry9a.o
        30          0          0          0          0          0   handlers.o
        36          8          0          0          0         68   init.o
         0          0          0          0          0          0   iusefp.o
        32          0          0          0          0         68   llshl.o
        34          0          0          0          0         68   llushr.o
        36          0          0          0          0         60   memcpya.o
        62          0          0          0          0         72   uidiv_div0.o
       240          6          0          0          0         84   ddiv.o
       236          0          0          0          0        216   depilogue.o
        72         10          0          0          0         72   dfixi.o
        28          4          0          0          0         68   dfltui.o
       208          6          0          0          0         88   dmul.o

    ----------------------------------------------------------------------
      1036         42          0          0          0        864   Library Totals
         2          0          0          0          0          0   (incl. Padding)

    ----------------------------------------------------------------------

      Code (inc. data)   RO Data    RW Data    ZI Data      Debug   Library Name

       250         16          0          0          0        336   mc_p.l
       784         26          0          0          0        528   mf_p.l

    ----------------------------------------------------------------------
      1036         42          0          0          0        864   Library Totals

    ----------------------------------------------------------------------

==============================================================================


      Code (inc. data)   RO Data    RW Data    ZI Data      Debug   

      7788       1132        344          0       1832     149493   Grand Totals
      7788       1132        344          0       1832     149493   ELF Image Totals
      7788       1132        344          0          0          0   ROM Totals

==============================================================================

    Total RO  Size (Code + RO Data)                 8132 (   7.94kB)
    Total RW  Size (RW Data + ZI Data)              1832 (   1.79kB)
    Total ROM Size (Code + RO Data + RW Data)       8132 (   7.94kB)

==============================================================================

